============================= test session starts =============================
platform win32 -- Python 3.12.10, pytest-8.4.2, pluggy-1.6.0 -- C:\Users\antho\AppData\Local\Microsoft\WindowsApps\PythonSoftwareFoundation.Python.3.12_qbz5n2kfra8p0\python.exe
benchmark: 4.0.0 (defaults: timer=time.perf_counter disable_gc=False min_rounds=5 min_time=0.000005 max_time=1.0 calibration_precision=10 warmup=False warmup_iterations=100000)
rootdir: C:\Users\antho\Windows-AI
configfile: pytest.ini
plugins: anyio-4.11.0, Faker-24.14.1, langsmith-0.4.49, locust-2.42.6, mimesis-14.0.0, asyncio-0.26.0, benchmark-4.0.0, cov-5.0.0, mock-3.15.1, postgresql-5.1.1, profiling-1.8.1, timeout-2.4.0, xdist-3.8.0, requests-mock-1.12.1, respx-0.22.0
asyncio: mode=Mode.AUTO, asyncio_default_fixture_loop_scope=None, asyncio_default_test_loop_scope=function
collecting ... collected 1547 items / 12 errors / 31 skipped

<Dir Windows-AI>
  <Package tests>
    <Package cloud_sync>
      <Module test_client.py>
        Tests for Windows-AI Cloud Sync client module
        <Class TestSyncClient>
          Test suite for SyncClient class
          <Function test_client_initialization>
            Test sync client is initialized correctly
          <Function test_device_info_creation>
            Test device info is created with correct platform info
          <Function test_queue_change>
            Test queueing changes for offline sync
          <Function test_get_queue_status>
            Test getting queue status
          <Function test_set_selective_sync>
            Test setting selective sync categories
          <Function test_set_conflict_strategy>
            Test setting conflict resolution strategy
          <Function test_enable_auto_resolve>
            Test enabling auto-resolve for conflicts
          <Function test_get_sync_status>
            Test getting overall sync status
          <Function test_callbacks_registration>
            Test registering callbacks
          <Function test_start_stop_background_sync>
            Test starting and stopping background sync
          <Function test_get_conflicts>
            Test getting conflicts
          <Function test_context_manager>
            Test sync client as context manager
        <Class TestSyncClientIntegration>
          Integration tests for SyncClient (requires mocking network)
          <Function test_sync_category_success>
            Test successful sync of a category
          <Function test_push_now>
            Test immediate push of changes
          <Function test_pull_now>
            Test immediate pull of changes
      <Module test_database.py>
        Tests for Windows-AI Cloud Sync database module
        <Class TestSyncDatabase>
          Test suite for SyncDatabase class
          <Function test_database_initialization>
            Test database is created and initialized
          <Function test_register_device>
            Test device registration
          <Function test_list_devices>
            Test listing devices
          <Function test_sync_state_management>
            Test sync state get and update
          <Function test_get_all_sync_states>
            Test getting all sync states
          <Function test_add_to_queue>
            Test adding changes to sync queue
          <Function test_get_pending_changes>
            Test getting pending changes with filters
          <Function test_mark_change_synced>
            Test marking changes as synced
          <Function test_increment_retry_count>
            Test incrementing retry count for failed syncs
          <Function test_clear_synced_changes>
            Test clearing old synced changes
          <Function test_add_conflict>
            Test adding conflict
          <Function test_get_unresolved_conflicts>
            Test getting unresolved conflicts
          <Function test_resolve_conflict>
            Test resolving conflict
          <Function test_save_conversation>
            Test saving conversation
          <Function test_get_conversation>
            Test getting conversation by ID
          <Function test_list_conversations>
            Test listing conversations
          <Function test_list_conversations_since>
            Test listing conversations updated since a timestamp
          <Function test_delete_conversation>
            Test soft-deleting conversation
          <Function test_conversation_version_tracking>
            Test conversation version tracking
      <Module test_encryption.py>
        Tests for Windows-AI Cloud Sync encryption module
        <Class TestSyncEncryption>
          Test suite for SyncEncryption class
          <Function test_derive_key_from_password>
            Test key derivation from password
          <Function test_create_key_from_password>
            Test creating EncryptionKey from password
          <Function test_encrypt_decrypt_data>
            Test encryption and decryption of binary data
          <Function test_decrypt_with_wrong_key>
            Test that decryption fails with wrong key
          <Function test_decrypt_tampered_data>
            Test that decryption fails with tampered data
          <Function test_encrypt_decrypt_json>
            Test encryption and decryption of JSON data
          <Function test_encrypt_to_base64>
            Test encryption to base64 string
          <Function test_key_rotation>
            Test key rotation
          <Function test_generate_key_backup>
            Test generating encrypted key backup
          <Function test_restore_key_from_backup>
            Test restoring key from backup
          <Function test_restore_with_wrong_backup_password>
            Test that restore fails with wrong backup password
          <Function test_create_audit_hash>
            Test creating audit hash
          <Function test_verify_audit_hash>
            Test verifying audit hash
          <Function test_encryption_key_serialization>
            Test EncryptionKey to_dict and from_dict
          <Function test_large_data_encryption>
            Test encryption of large data (1MB)
          <Function test_unicode_json_encryption>
            Test encryption of JSON with Unicode characters
    <Dir gui>
      <Module test_chat_like_ui.py>
        <Function test_chat_ui_layout>
    <Package installer>
      <Module test_full_install.py>
        <Function test_installer_downloads_prerequisites>
      <Module test_install.py>
        Installation Tests for Windows AI
        
        Tests the installer on clean Windows systems to verify:
        - Silent installation
        - Component installation
        - Service registration
        - Shortcut creation
        - Registry keys
        - File permissions
        - Post-install verification
        <Class TestInstaller>
          Tests for Windows AI installer
          <Function test_installer_exists>
            Test that installer executable exists
          <Function test_installer_signed>
            Test that installer is digitally signed
          <Function test_silent_install>
            Test silent installation
          <Function test_core_files_installed>
            Test that core files are installed
          <Function test_service_installed>
            Test that Windows service is installed
          <Function test_service_auto_start>
            Test that service is configured for auto-start
          <Function test_registry_keys>
            Test that registry keys are created
          <Function test_shortcuts_created>
            Test that shortcuts are created
          <Function test_appdata_directory>
            Test that AppData directory is created
          <Function test_backend_health>
            Test that backend service is healthy
          <Function test_uninstall>
            Test uninstaller
        <Class TestUpgrade>
          Tests for upgrade scenarios
          <Function test_upgrade_preserves_config>
            Test that upgrade preserves user configuration
          <Function test_upgrade_preserves_data>
            Test that upgrade preserves user data
          <Function test_upgrade_updates_service>
            Test that upgrade updates Windows service
        <Class TestPermissions>
          Tests for file permissions and security
          <Function test_install_dir_permissions>
            Test installation directory permissions
          <Function test_appdata_permissions>
            Test AppData directory permissions
        <Class TestRollback>
          Tests for rollback functionality
          <Function test_snapshot_created_before_install>
            Test that snapshot is created before installation
          <Function test_rollback_to_previous_version>
            Test rolling back to previous version
      <Module test_rollback.py>
        Rollback Tests for Windows AI
        
        Tests rollback functionality:
        - Rollback to previous version
        - Snapshot creation and restoration
        - Version history tracking
        - Automatic rollback on critical failures
        <Class TestSnapshotManager>
          Test snapshot creation and management
          <Function test_create_snapshot>
            Test creating a snapshot
          <Function test_snapshot_metadata_saved>
            Test that snapshot metadata is saved
          <Function test_restore_from_snapshot>
            Test restoring from a snapshot
          <Function test_delete_snapshot>
            Test deleting a snapshot
          <Function test_cleanup_old_snapshots>
            Test cleaning up old snapshots
        <Class TestVersionHistory>
          Test version history tracking
          <Function test_record_installation>
            Test recording an installation
          <Function test_get_current_version>
            Test getting current version
          <Function test_get_previous_version>
            Test getting previous version
          <Function test_can_rollback>
            Test checking if rollback is possible
        <Class TestRollbackEngine>
          Test rollback engine
          <Function test_can_rollback>
            Test checking if rollback is possible
          <Function test_get_rollback_info>
            Test getting rollback information
          <Coroutine test_perform_rollback>
            Test performing a rollback
      <Module test_upgrade.py>
        Upgrade Path Tests for Windows AI
        
        Tests various upgrade scenarios:
        - Minor version upgrades
        - Major version upgrades
        - Patch upgrades
        - Configuration preservation
        - Data migration
        - Service updates
        <Class TestUpgradePaths>
          Test different upgrade scenarios
          <Function test_minor_version_upgrade>
            Test upgrade from 0.4.x to 0.5.x
          <Function test_config_preserved_during_upgrade>
            Test that configuration is preserved during upgrade
          <Function test_models_preserved_during_upgrade>
            Test that downloaded models are preserved
          <Function test_plugins_preserved_during_upgrade>
            Test that custom plugins are preserved
          <Function test_service_updated_during_upgrade>
            Test that Windows service is updated during upgrade
          <Function test_rollback_after_failed_upgrade>
            Test rollback if upgrade fails
        <Class TestDataMigration>
          Test data migration during upgrades
          <Function test_chat_history_migrated>
            Test chat history is migrated to new format
          <Function test_settings_migrated>
            Test settings are migrated to new format
    <Package integration>
      <Module test_all_managers.py>
        Comprehensive Integration Tests for All 45 Managers
        Tests initialization, basic operations, and cleanup for all managers
        <Coroutine test_all_managers_initialize>
          Test that all 45 managers can initialize without errors
        <Coroutine test_managers_cleanup>
          Test that all managers cleanup properly
        <Coroutine test_orchestrator_chat>
          Test basic chat functionality
        <Coroutine test_plugin_execution>
          Test plugin execution through orchestrator
      <Module test_api_endpoints.py>
        Integration Tests for API Endpoints
        Tests all major API routes
        
        Note: Routes are at different prefixes:
        - /health - root level health check
        - /plugins, /models - frontend routes (root level)
        - /chat, /conversations - chat routes (root level)
        - /api/v1/plugins - plugin management API (requires initialization)
        <Function test_health_endpoint>
          Test /health endpoint
        <Function test_list_plugins_endpoint>
          Test /plugins endpoint (frontend route)
        <Function test_list_models_endpoint>
          Test /models endpoint (frontend route)
        <Function test_chat_endpoint_without_message>
          Test /chat endpoint with invalid input
        <Function test_plugin_details_endpoint>
          Test /plugins/{id} endpoint
        <Function test_conversations_endpoint>
          Test /conversations endpoint
      <Module test_integration.py>
        Integration tests for Windows AI
        <Class TestPluginLoading>
          <Function test_plugin_registry_loads>
            Test that plugin registry can be loaded
          <Function test_environment_configuration>
            Test environment configuration
        <Class TestAPIEndpoints>
          <Function test_api_placeholder>
            Placeholder for API tests
      <Module test_integration_managers.py>
        Comprehensive tests for Integration Managers
        Tests all 43+ integration managers
        <Function test_manager_can_instantiate[AIProvidersManager]>
          Test that each manager can be instantiated
        <Function test_manager_can_instantiate[ImageGenerationManager]>
          Test that each manager can be instantiated
        <Function test_manager_can_instantiate[AudioSpeechManager]>
          Test that each manager can be instantiated
        <Function test_manager_can_instantiate[VideoGenerationManager]>
          Test that each manager can be instantiated
        <Function test_manager_can_instantiate[DocumentProcessingManager]>
          Test that each manager can be instantiated
        <Function test_manager_can_instantiate[WindowsAutomationManager]>
          Test that each manager can be instantiated
        <Function test_manager_can_instantiate[BrowserAutomationManager]>
          Test that each manager can be instantiated
        <Function test_manager_can_instantiate[ProductivityManager]>
          Test that each manager can be instantiated
        <Function test_manager_can_instantiate[DataAnalysisManager]>
          Test that each manager can be instantiated
        <Function test_manager_can_instantiate[CodeAssistantsManager]>
          Test that each manager can be instantiated
        <Function test_manager_can_instantiate[TranslationManager]>
          Test that each manager can be instantiated
        <Function test_manager_can_instantiate[SearchEnginesManager]>
          Test that each manager can be instantiated
        <Function test_manager_can_instantiate[KnowledgeGraphManager]>
          Test that each manager can be instantiated
        <Function test_manager_can_instantiate[ThreeDGenerationManager]>
          Test that each manager can be instantiated
        <Function test_manager_can_instantiate[MusicGenerationManager]>
          Test that each manager can be instantiated
        <Function test_manager_can_instantiate[EmbeddingsManager]>
          Test that each manager can be instantiated
        <Function test_manager_can_instantiate[VectorStoresManager]>
          Test that each manager can be instantiated
        <Function test_manager_can_instantiate[WorkflowAutomationManager]>
          Test that each manager can be instantiated
        <Function test_manager_can_instantiate[EmailServicesManager]>
          Test that each manager can be instantiated
        <Function test_manager_can_instantiate[NotificationsManager]>
          Test that each manager can be instantiated
        <Function test_manager_can_instantiate[CloudStorageManager]>
          Test that each manager can be instantiated
        <Function test_manager_can_instantiate[DatabaseManager]>
          Test that each manager can be instantiated
        <Function test_manager_can_instantiate[MonitoringManager]>
          Test that each manager can be instantiated
        <Function test_manager_can_instantiate[AIAgentsManager]>
          Test that each manager can be instantiated
        <Function test_manager_can_instantiate[SecurityScanningManager]>
          Test that each manager can be instantiated
        <Function test_manager_can_instantiate[ContentModerationManager]>
          Test that each manager can be instantiated
        <Function test_manager_can_instantiate[RAGPipelineManager]>
          Test that each manager can be instantiated
        <Function test_manager_can_instantiate[MLOpsManager]>
          Test that each manager can be instantiated
        <Function test_manager_can_instantiate[PaymentsManager]>
          Test that each manager can be instantiated
        <Function test_manager_can_instantiate[SocialMediaManager]>
          Test that each manager can be instantiated
        <Function test_manager_can_instantiate[SchedulingManager]>
          Test that each manager can be instantiated
        <Function test_manager_can_instantiate[CRMManager]>
          Test that each manager can be instantiated
        <Function test_manager_can_instantiate[IoTHardwareManager]>
          Test that each manager can be instantiated
        <Function test_manager_can_instantiate[ComputerVisionManager]>
          Test that each manager can be instantiated
        <Function test_manager_can_instantiate[HealthcareAIManager]>
          Test that each manager can be instantiated
        <Function test_manager_can_instantiate[LegalAIManager]>
          Test that each manager can be instantiated
        <Function test_manager_can_instantiate[EducationAIManager]>
          Test that each manager can be instantiated
        <Function test_manager_can_instantiate[FinanceAIManager]>
          Test that each manager can be instantiated
        <Function test_manager_can_instantiate[ScientificAIManager]>
          Test that each manager can be instantiated
        <Function test_manager_can_instantiate[AccessibilityAIManager]>
          Test that each manager can be instantiated
        <Function test_manager_can_instantiate[RealEstateAIManager]>
          Test that each manager can be instantiated
        <Function test_manager_can_instantiate[GamingAIManager]>
          Test that each manager can be instantiated
        <Function test_manager_can_instantiate[ConversationalAIManager]>
          Test that each manager can be instantiated
        <Function test_manager_can_instantiate[AutomationRoboticsManager]>
          Test that each manager can be instantiated
        <Function test_manager_can_instantiate[BiometricsIdentityManager]>
          Test that each manager can be instantiated
        <Function test_manager_has_initialize_method[AIProvidersManager]>
          Test that each manager has an initialize method
        <Function test_manager_has_initialize_method[ImageGenerationManager]>
          Test that each manager has an initialize method
        <Function test_manager_has_initialize_method[AudioSpeechManager]>
          Test that each manager has an initialize method
        <Function test_manager_has_initialize_method[VideoGenerationManager]>
          Test that each manager has an initialize method
        <Function test_manager_has_initialize_method[DocumentProcessingManager]>
          Test that each manager has an initialize method
        <Function test_manager_has_initialize_method[WindowsAutomationManager]>
          Test that each manager has an initialize method
        <Function test_manager_has_initialize_method[BrowserAutomationManager]>
          Test that each manager has an initialize method
        <Function test_manager_has_initialize_method[ProductivityManager]>
          Test that each manager has an initialize method
        <Function test_manager_has_initialize_method[DataAnalysisManager]>
          Test that each manager has an initialize method
        <Function test_manager_has_initialize_method[CodeAssistantsManager]>
          Test that each manager has an initialize method
        <Function test_manager_has_initialize_method[TranslationManager]>
          Test that each manager has an initialize method
        <Function test_manager_has_initialize_method[SearchEnginesManager]>
          Test that each manager has an initialize method
        <Function test_manager_has_initialize_method[KnowledgeGraphManager]>
          Test that each manager has an initialize method
        <Function test_manager_has_initialize_method[ThreeDGenerationManager]>
          Test that each manager has an initialize method
        <Function test_manager_has_initialize_method[MusicGenerationManager]>
          Test that each manager has an initialize method
        <Function test_manager_has_initialize_method[EmbeddingsManager]>
          Test that each manager has an initialize method
        <Function test_manager_has_initialize_method[VectorStoresManager]>
          Test that each manager has an initialize method
        <Function test_manager_has_initialize_method[WorkflowAutomationManager]>
          Test that each manager has an initialize method
        <Function test_manager_has_initialize_method[EmailServicesManager]>
          Test that each manager has an initialize method
        <Function test_manager_has_initialize_method[NotificationsManager]>
          Test that each manager has an initialize method
        <Function test_manager_has_initialize_method[CloudStorageManager]>
          Test that each manager has an initialize method
        <Function test_manager_has_initialize_method[DatabaseManager]>
          Test that each manager has an initialize method
        <Function test_manager_has_initialize_method[MonitoringManager]>
          Test that each manager has an initialize method
        <Function test_manager_has_initialize_method[AIAgentsManager]>
          Test that each manager has an initialize method
        <Function test_manager_has_initialize_method[SecurityScanningManager]>
          Test that each manager has an initialize method
        <Function test_manager_has_initialize_method[ContentModerationManager]>
          Test that each manager has an initialize method
        <Function test_manager_has_initialize_method[RAGPipelineManager]>
          Test that each manager has an initialize method
        <Function test_manager_has_initialize_method[MLOpsManager]>
          Test that each manager has an initialize method
        <Function test_manager_has_initialize_method[PaymentsManager]>
          Test that each manager has an initialize method
        <Function test_manager_has_initialize_method[SocialMediaManager]>
          Test that each manager has an initialize method
        <Function test_manager_has_initialize_method[SchedulingManager]>
          Test that each manager has an initialize method
        <Function test_manager_has_initialize_method[CRMManager]>
          Test that each manager has an initialize method
        <Function test_manager_has_initialize_method[IoTHardwareManager]>
          Test that each manager has an initialize method
        <Function test_manager_has_initialize_method[ComputerVisionManager]>
          Test that each manager has an initialize method
        <Function test_manager_has_initialize_method[HealthcareAIManager]>
          Test that each manager has an initialize method
        <Function test_manager_has_initialize_method[LegalAIManager]>
          Test that each manager has an initialize method
        <Function test_manager_has_initialize_method[EducationAIManager]>
          Test that each manager has an initialize method
        <Function test_manager_has_initialize_method[FinanceAIManager]>
          Test that each manager has an initialize method
        <Function test_manager_has_initialize_method[ScientificAIManager]>
          Test that each manager has an initialize method
        <Function test_manager_has_initialize_method[AccessibilityAIManager]>
          Test that each manager has an initialize method
        <Function test_manager_has_initialize_method[RealEstateAIManager]>
          Test that each manager has an initialize method
        <Function test_manager_has_initialize_method[GamingAIManager]>
          Test that each manager has an initialize method
        <Function test_manager_has_initialize_method[ConversationalAIManager]>
          Test that each manager has an initialize method
        <Function test_manager_has_initialize_method[AutomationRoboticsManager]>
          Test that each manager has an initialize method
        <Function test_manager_has_initialize_method[BiometricsIdentityManager]>
          Test that each manager has an initialize method
        <Function test_manager_has_cleanup_method[AIProvidersManager]>
          Test that each manager has a cleanup method
        <Function test_manager_has_cleanup_method[ImageGenerationManager]>
          Test that each manager has a cleanup method
        <Function test_manager_has_cleanup_method[AudioSpeechManager]>
          Test that each manager has a cleanup method
        <Function test_manager_has_cleanup_method[VideoGenerationManager]>
          Test that each manager has a cleanup method
        <Function test_manager_has_cleanup_method[DocumentProcessingManager]>
          Test that each manager has a cleanup method
        <Function test_manager_has_cleanup_method[WindowsAutomationManager]>
          Test that each manager has a cleanup method
        <Function test_manager_has_cleanup_method[BrowserAutomationManager]>
          Test that each manager has a cleanup method
        <Function test_manager_has_cleanup_method[ProductivityManager]>
          Test that each manager has a cleanup method
        <Function test_manager_has_cleanup_method[DataAnalysisManager]>
          Test that each manager has a cleanup method
        <Function test_manager_has_cleanup_method[CodeAssistantsManager]>
          Test that each manager has a cleanup method
        <Function test_manager_has_cleanup_method[TranslationManager]>
          Test that each manager has a cleanup method
        <Function test_manager_has_cleanup_method[SearchEnginesManager]>
          Test that each manager has a cleanup method
        <Function test_manager_has_cleanup_method[KnowledgeGraphManager]>
          Test that each manager has a cleanup method
        <Function test_manager_has_cleanup_method[ThreeDGenerationManager]>
          Test that each manager has a cleanup method
        <Function test_manager_has_cleanup_method[MusicGenerationManager]>
          Test that each manager has a cleanup method
        <Function test_manager_has_cleanup_method[EmbeddingsManager]>
          Test that each manager has a cleanup method
        <Function test_manager_has_cleanup_method[VectorStoresManager]>
          Test that each manager has a cleanup method
        <Function test_manager_has_cleanup_method[WorkflowAutomationManager]>
          Test that each manager has a cleanup method
        <Function test_manager_has_cleanup_method[EmailServicesManager]>
          Test that each manager has a cleanup method
        <Function test_manager_has_cleanup_method[NotificationsManager]>
          Test that each manager has a cleanup method
        <Function test_manager_has_cleanup_method[CloudStorageManager]>
          Test that each manager has a cleanup method
        <Function test_manager_has_cleanup_method[DatabaseManager]>
          Test that each manager has a cleanup method
        <Function test_manager_has_cleanup_method[MonitoringManager]>
          Test that each manager has a cleanup method
        <Function test_manager_has_cleanup_method[AIAgentsManager]>
          Test that each manager has a cleanup method
        <Function test_manager_has_cleanup_method[SecurityScanningManager]>
          Test that each manager has a cleanup method
        <Function test_manager_has_cleanup_method[ContentModerationManager]>
          Test that each manager has a cleanup method
        <Function test_manager_has_cleanup_method[RAGPipelineManager]>
          Test that each manager has a cleanup method
        <Function test_manager_has_cleanup_method[MLOpsManager]>
          Test that each manager has a cleanup method
        <Function test_manager_has_cleanup_method[PaymentsManager]>
          Test that each manager has a cleanup method
        <Function test_manager_has_cleanup_method[SocialMediaManager]>
          Test that each manager has a cleanup method
        <Function test_manager_has_cleanup_method[SchedulingManager]>
          Test that each manager has a cleanup method
        <Function test_manager_has_cleanup_method[CRMManager]>
          Test that each manager has a cleanup method
        <Function test_manager_has_cleanup_method[IoTHardwareManager]>
          Test that each manager has a cleanup method
        <Function test_manager_has_cleanup_method[ComputerVisionManager]>
          Test that each manager has a cleanup method
        <Function test_manager_has_cleanup_method[HealthcareAIManager]>
          Test that each manager has a cleanup method
        <Function test_manager_has_cleanup_method[LegalAIManager]>
          Test that each manager has a cleanup method
        <Function test_manager_has_cleanup_method[EducationAIManager]>
          Test that each manager has a cleanup method
        <Function test_manager_has_cleanup_method[FinanceAIManager]>
          Test that each manager has a cleanup method
        <Function test_manager_has_cleanup_method[ScientificAIManager]>
          Test that each manager has a cleanup method
        <Function test_manager_has_cleanup_method[AccessibilityAIManager]>
          Test that each manager has a cleanup method
        <Function test_manager_has_cleanup_method[RealEstateAIManager]>
          Test that each manager has a cleanup method
        <Function test_manager_has_cleanup_method[GamingAIManager]>
          Test that each manager has a cleanup method
        <Function test_manager_has_cleanup_method[ConversationalAIManager]>
          Test that each manager has a cleanup method
        <Function test_manager_has_cleanup_method[AutomationRoboticsManager]>
          Test that each manager has a cleanup method
        <Function test_manager_has_cleanup_method[BiometricsIdentityManager]>
          Test that each manager has a cleanup method
        <Coroutine test_manager_initialize[AIProvidersManager]>
          Test that manager can be initialized
        <Coroutine test_manager_initialize[ImageGenerationManager]>
          Test that manager can be initialized
        <Coroutine test_manager_initialize[AudioSpeechManager]>
          Test that manager can be initialized
        <Coroutine test_manager_initialize[VideoGenerationManager]>
          Test that manager can be initialized
        <Coroutine test_manager_initialize[DocumentProcessingManager]>
          Test that manager can be initialized
        <Coroutine test_manager_initialize[WindowsAutomationManager]>
          Test that manager can be initialized
        <Coroutine test_manager_initialize[BrowserAutomationManager]>
          Test that manager can be initialized
        <Coroutine test_manager_initialize[ProductivityManager]>
          Test that manager can be initialized
        <Coroutine test_manager_initialize[DataAnalysisManager]>
          Test that manager can be initialized
        <Coroutine test_manager_initialize[CodeAssistantsManager]>
          Test that manager can be initialized
        <Coroutine test_manager_initialize[TranslationManager]>
          Test that manager can be initialized
        <Coroutine test_manager_initialize[SearchEnginesManager]>
          Test that manager can be initialized
        <Coroutine test_manager_initialize[KnowledgeGraphManager]>
          Test that manager can be initialized
        <Coroutine test_manager_initialize[ThreeDGenerationManager]>
          Test that manager can be initialized
        <Coroutine test_manager_initialize[MusicGenerationManager]>
          Test that manager can be initialized
        <Coroutine test_manager_initialize[EmbeddingsManager]>
          Test that manager can be initialized
        <Coroutine test_manager_initialize[VectorStoresManager]>
          Test that manager can be initialized
        <Coroutine test_manager_initialize[WorkflowAutomationManager]>
          Test that manager can be initialized
        <Coroutine test_manager_initialize[EmailServicesManager]>
          Test that manager can be initialized
        <Coroutine test_manager_initialize[NotificationsManager]>
          Test that manager can be initialized
        <Coroutine test_manager_initialize[CloudStorageManager]>
          Test that manager can be initialized
        <Coroutine test_manager_initialize[DatabaseManager]>
          Test that manager can be initialized
        <Coroutine test_manager_initialize[MonitoringManager]>
          Test that manager can be initialized
        <Coroutine test_manager_initialize[AIAgentsManager]>
          Test that manager can be initialized
        <Coroutine test_manager_initialize[SecurityScanningManager]>
          Test that manager can be initialized
        <Coroutine test_manager_initialize[ContentModerationManager]>
          Test that manager can be initialized
        <Coroutine test_manager_initialize[RAGPipelineManager]>
          Test that manager can be initialized
        <Coroutine test_manager_initialize[MLOpsManager]>
          Test that manager can be initialized
        <Coroutine test_manager_initialize[PaymentsManager]>
          Test that manager can be initialized
        <Coroutine test_manager_initialize[SocialMediaManager]>
          Test that manager can be initialized
        <Coroutine test_manager_initialize[SchedulingManager]>
          Test that manager can be initialized
        <Coroutine test_manager_initialize[CRMManager]>
          Test that manager can be initialized
        <Coroutine test_manager_initialize[IoTHardwareManager]>
          Test that manager can be initialized
        <Coroutine test_manager_initialize[ComputerVisionManager]>
          Test that manager can be initialized
        <Coroutine test_manager_initialize[HealthcareAIManager]>
          Test that manager can be initialized
        <Coroutine test_manager_initialize[LegalAIManager]>
          Test that manager can be initialized
        <Coroutine test_manager_initialize[EducationAIManager]>
          Test that manager can be initialized
        <Coroutine test_manager_initialize[FinanceAIManager]>
          Test that manager can be initialized
        <Coroutine test_manager_initialize[ScientificAIManager]>
          Test that manager can be initialized
        <Coroutine test_manager_initialize[AccessibilityAIManager]>
          Test that manager can be initialized
        <Coroutine test_manager_initialize[RealEstateAIManager]>
          Test that manager can be initialized
        <Coroutine test_manager_initialize[GamingAIManager]>
          Test that manager can be initialized
        <Coroutine test_manager_initialize[ConversationalAIManager]>
          Test that manager can be initialized
        <Coroutine test_manager_initialize[AutomationRoboticsManager]>
          Test that manager can be initialized
        <Coroutine test_manager_initialize[BiometricsIdentityManager]>
          Test that manager can be initialized
        <Coroutine test_manager_cleanup[AIProvidersManager]>
          Test that manager can be cleaned up
        <Coroutine test_manager_cleanup[ImageGenerationManager]>
          Test that manager can be cleaned up
        <Coroutine test_manager_cleanup[AudioSpeechManager]>
          Test that manager can be cleaned up
        <Coroutine test_manager_cleanup[VideoGenerationManager]>
          Test that manager can be cleaned up
        <Coroutine test_manager_cleanup[DocumentProcessingManager]>
          Test that manager can be cleaned up
        <Coroutine test_manager_cleanup[WindowsAutomationManager]>
          Test that manager can be cleaned up
        <Coroutine test_manager_cleanup[BrowserAutomationManager]>
          Test that manager can be cleaned up
        <Coroutine test_manager_cleanup[ProductivityManager]>
          Test that manager can be cleaned up
        <Coroutine test_manager_cleanup[DataAnalysisManager]>
          Test that manager can be cleaned up
        <Coroutine test_manager_cleanup[CodeAssistantsManager]>
          Test that manager can be cleaned up
        <Coroutine test_manager_cleanup[TranslationManager]>
          Test that manager can be cleaned up
        <Coroutine test_manager_cleanup[SearchEnginesManager]>
          Test that manager can be cleaned up
        <Coroutine test_manager_cleanup[KnowledgeGraphManager]>
          Test that manager can be cleaned up
        <Coroutine test_manager_cleanup[ThreeDGenerationManager]>
          Test that manager can be cleaned up
        <Coroutine test_manager_cleanup[MusicGenerationManager]>
          Test that manager can be cleaned up
        <Coroutine test_manager_cleanup[EmbeddingsManager]>
          Test that manager can be cleaned up
        <Coroutine test_manager_cleanup[VectorStoresManager]>
          Test that manager can be cleaned up
        <Coroutine test_manager_cleanup[WorkflowAutomationManager]>
          Test that manager can be cleaned up
        <Coroutine test_manager_cleanup[EmailServicesManager]>
          Test that manager can be cleaned up
        <Coroutine test_manager_cleanup[NotificationsManager]>
          Test that manager can be cleaned up
        <Coroutine test_manager_cleanup[CloudStorageManager]>
          Test that manager can be cleaned up
        <Coroutine test_manager_cleanup[DatabaseManager]>
          Test that manager can be cleaned up
        <Coroutine test_manager_cleanup[MonitoringManager]>
          Test that manager can be cleaned up
        <Coroutine test_manager_cleanup[AIAgentsManager]>
          Test that manager can be cleaned up
        <Coroutine test_manager_cleanup[SecurityScanningManager]>
          Test that manager can be cleaned up
        <Coroutine test_manager_cleanup[ContentModerationManager]>
          Test that manager can be cleaned up
        <Coroutine test_manager_cleanup[RAGPipelineManager]>
          Test that manager can be cleaned up
        <Coroutine test_manager_cleanup[MLOpsManager]>
          Test that manager can be cleaned up
        <Coroutine test_manager_cleanup[PaymentsManager]>
          Test that manager can be cleaned up
        <Coroutine test_manager_cleanup[SocialMediaManager]>
          Test that manager can be cleaned up
        <Coroutine test_manager_cleanup[SchedulingManager]>
          Test that manager can be cleaned up
        <Coroutine test_manager_cleanup[CRMManager]>
          Test that manager can be cleaned up
        <Coroutine test_manager_cleanup[IoTHardwareManager]>
          Test that manager can be cleaned up
        <Coroutine test_manager_cleanup[ComputerVisionManager]>
          Test that manager can be cleaned up
        <Coroutine test_manager_cleanup[HealthcareAIManager]>
          Test that manager can be cleaned up
        <Coroutine test_manager_cleanup[LegalAIManager]>
          Test that manager can be cleaned up
        <Coroutine test_manager_cleanup[EducationAIManager]>
          Test that manager can be cleaned up
        <Coroutine test_manager_cleanup[FinanceAIManager]>
          Test that manager can be cleaned up
        <Coroutine test_manager_cleanup[ScientificAIManager]>
          Test that manager can be cleaned up
        <Coroutine test_manager_cleanup[AccessibilityAIManager]>
          Test that manager can be cleaned up
        <Coroutine test_manager_cleanup[RealEstateAIManager]>
          Test that manager can be cleaned up
        <Coroutine test_manager_cleanup[GamingAIManager]>
          Test that manager can be cleaned up
        <Coroutine test_manager_cleanup[ConversationalAIManager]>
          Test that manager can be cleaned up
        <Coroutine test_manager_cleanup[AutomationRoboticsManager]>
          Test that manager can be cleaned up
        <Coroutine test_manager_cleanup[BiometricsIdentityManager]>
          Test that manager can be cleaned up
        <Coroutine test_critical_managers_lifecycle[AIProvidersManager]>
          Integration test for critical managers lifecycle
        <Coroutine test_critical_managers_lifecycle[TranslationManager]>
          Integration test for critical managers lifecycle
        <Coroutine test_critical_managers_lifecycle[DataAnalysisManager]>
          Integration test for critical managers lifecycle
        <Function test_manager_count>
          Test that we have all expected managers
        <Function test_manager_class_naming[AIProvidersManager]>
          Test that manager classes follow naming convention
        <Function test_manager_class_naming[ImageGenerationManager]>
          Test that manager classes follow naming convention
        <Function test_manager_class_naming[AudioSpeechManager]>
          Test that manager classes follow naming convention
        <Function test_manager_class_naming[VideoGenerationManager]>
          Test that manager classes follow naming convention
        <Function test_manager_class_naming[DocumentProcessingManager]>
          Test that manager classes follow naming convention
        <Function test_manager_class_naming[WindowsAutomationManager]>
          Test that manager classes follow naming convention
        <Function test_manager_class_naming[BrowserAutomationManager]>
          Test that manager classes follow naming convention
        <Function test_manager_class_naming[ProductivityManager]>
          Test that manager classes follow naming convention
        <Function test_manager_class_naming[DataAnalysisManager]>
          Test that manager classes follow naming convention
        <Function test_manager_class_naming[CodeAssistantsManager]>
          Test that manager classes follow naming convention
        <Function test_manager_class_naming[TranslationManager]>
          Test that manager classes follow naming convention
        <Function test_manager_class_naming[SearchEnginesManager]>
          Test that manager classes follow naming convention
        <Function test_manager_class_naming[KnowledgeGraphManager]>
          Test that manager classes follow naming convention
        <Function test_manager_class_naming[ThreeDGenerationManager]>
          Test that manager classes follow naming convention
        <Function test_manager_class_naming[MusicGenerationManager]>
          Test that manager classes follow naming convention
        <Function test_manager_class_naming[EmbeddingsManager]>
          Test that manager classes follow naming convention
        <Function test_manager_class_naming[VectorStoresManager]>
          Test that manager classes follow naming convention
        <Function test_manager_class_naming[WorkflowAutomationManager]>
          Test that manager classes follow naming convention
        <Function test_manager_class_naming[EmailServicesManager]>
          Test that manager classes follow naming convention
        <Function test_manager_class_naming[NotificationsManager]>
          Test that manager classes follow naming convention
        <Function test_manager_class_naming[CloudStorageManager]>
          Test that manager classes follow naming convention
        <Function test_manager_class_naming[DatabaseManager]>
          Test that manager classes follow naming convention
        <Function test_manager_class_naming[MonitoringManager]>
          Test that manager classes follow naming convention
        <Function test_manager_class_naming[AIAgentsManager]>
          Test that manager classes follow naming convention
        <Function test_manager_class_naming[SecurityScanningManager]>
          Test that manager classes follow naming convention
        <Function test_manager_class_naming[ContentModerationManager]>
          Test that manager classes follow naming convention
        <Function test_manager_class_naming[RAGPipelineManager]>
          Test that manager classes follow naming convention
        <Function test_manager_class_naming[MLOpsManager]>
          Test that manager classes follow naming convention
        <Function test_manager_class_naming[PaymentsManager]>
          Test that manager classes follow naming convention
        <Function test_manager_class_naming[SocialMediaManager]>
          Test that manager classes follow naming convention
        <Function test_manager_class_naming[SchedulingManager]>
          Test that manager classes follow naming convention
        <Function test_manager_class_naming[CRMManager]>
          Test that manager classes follow naming convention
        <Function test_manager_class_naming[IoTHardwareManager]>
          Test that manager classes follow naming convention
        <Function test_manager_class_naming[ComputerVisionManager]>
          Test that manager classes follow naming convention
        <Function test_manager_class_naming[HealthcareAIManager]>
          Test that manager classes follow naming convention
        <Function test_manager_class_naming[LegalAIManager]>
          Test that manager classes follow naming convention
        <Function test_manager_class_naming[EducationAIManager]>
          Test that manager classes follow naming convention
        <Function test_manager_class_naming[FinanceAIManager]>
          Test that manager classes follow naming convention
        <Function test_manager_class_naming[ScientificAIManager]>
          Test that manager classes follow naming convention
        <Function test_manager_class_naming[AccessibilityAIManager]>
          Test that manager classes follow naming convention
        <Function test_manager_class_naming[RealEstateAIManager]>
          Test that manager classes follow naming convention
        <Function test_manager_class_naming[GamingAIManager]>
          Test that manager classes follow naming convention
        <Function test_manager_class_naming[ConversationalAIManager]>
          Test that manager classes follow naming convention
        <Function test_manager_class_naming[AutomationRoboticsManager]>
          Test that manager classes follow naming convention
        <Function test_manager_class_naming[BiometricsIdentityManager]>
          Test that manager classes follow naming convention
        <Coroutine test_ai_providers_manager_special>
          Special test for AIProvidersManager - most critical manager
        <Function test_all_managers_imported>
          Test that all managers can be imported from integrations module
      <Module test_model_api.py>
        Integration tests for Model Management API endpoints.
        
        Tests cover all model-related endpoints:
        - GET /models - List available models
        - GET /models/{model_id} - Get model info
        - POST /models/{model_id}/download - Download a model
        - DELETE /models/{model_id} - Delete a model
        <Coroutine test_list_models>
          GET /models should return list of models.
        <Coroutine test_list_models_with_category_filter>
          Should filter models by category.
        <Coroutine test_list_models_all_category>
          Should return all models when category=all.
        <Coroutine test_list_models_structure>
          Each model should have required fields.
        <Coroutine test_list_models_returns_totals>
          Should return total and installed counts.
        <Coroutine test_get_model_info_success>
          Should return model information for valid model ID.
        <Coroutine test_get_model_info_not_found>
          Should return 404 for non-existent model.
        <Coroutine test_get_model_info_has_fields>
          Model info should have standard fields.
        <Coroutine test_download_model_success>
          Should initiate model download for valid model.
        <Coroutine test_download_model_not_found>
          Should return 404 for non-existent model.
        <Coroutine test_delete_model_success>
          Should successfully delete a model.
        <Coroutine test_delete_model_not_found>
          Should return 404 for non-existent model.
        <Coroutine test_full_model_workflow>
          Test complete model workflow: list -> get info -> download -> delete.
        <Coroutine test_malformed_model_id>
          Should handle malformed model IDs gracefully.
        <Coroutine test_concurrent_requests>
          Should handle concurrent requests correctly.
        <Coroutine test_api_returns_json_content_type>
          All responses should have JSON content type.
      <Module test_video_generation_complete.py>
        Comprehensive VideoGenerationManager Tests
        Tests all 10 video providers with mock responses
        <Coroutine test_video_manager_initialization>
          Test VideoGenerationManager initializes correctly
        <Coroutine test_runway_text_to_video>
          Test RunwayML Gen-3 text-to-video generation
        <Coroutine test_pika_text_to_video>
          Test Pika 1.5 text-to-video generation
        <Coroutine test_luma_text_to_video>
          Test Luma Dream Machine text-to-video generation
        <Coroutine test_kling_text_to_video>
          Test Kling AI text-to-video generation
        <Coroutine test_stable_video_diffusion>
          Test Stable Video Diffusion via Replicate
        <Coroutine test_replicate_generic_model>
          Test generic Replicate model
        <Coroutine test_fal_ai_video>
          Test FAL.ai video generation
        <Coroutine test_heygen_avatar_video>
          Test HeyGen AI avatar video
        <Coroutine test_synthesia_avatar_video>
          Test Synthesia AI avatar video
        <Coroutine test_did_avatar_video>
          Test D-ID photo-to-talking-video
        <Coroutine test_runway_image_to_video>
          Test RunwayML image-to-video
        <Coroutine test_list_providers>
          Test listing all video providers
        <Coroutine test_error_handling_invalid_provider>
          Test error handling for invalid provider
        <Coroutine test_error_handling_generation_failure>
          Test error handling when generation fails
        <Coroutine test_cleanup>
          Test manager cleanup
    <Package performance>
      <Module test_benchmarks.py>
        Final Performance Benchmark Suite
        Comprehensive performance testing for Windows AI
        <Coroutine test_orchestrator_startup_performance>
          Benchmark: Orchestrator initialization time
        <Coroutine test_plugin_load_performance>
          Benchmark: Plugin loading time
        <Coroutine test_manager_initialization_performance>
          Benchmark: Manager initialization time
        <Coroutine test_plugin_execution_performance>
          Benchmark: Plugin execution time
        <Coroutine test_concurrent_plugin_load_performance>
          Benchmark: Concurrent plugin loading
        <Function test_memory_footprint>
          Benchmark: Memory footprint
        <Coroutine test_api_response_time>
          Benchmark: API response time simulation
        <Function test_import_performance>
          Benchmark: Module import time
    <Package plugins>
      <Module test_all_production_plugins.py>
        Comprehensive unit tests for all 65 production-ready plugins.
        
        Tests initialization, execution, error handling, and API interactions.
        <Class TestPluginInitialization>
          Test plugin initialization for all 65 plugins
          <Function test_plugin_can_be_imported[salesforce_plugin-windows_ai.plugins.builtin.salesforce_plugin]>
            Test that all plugins can be imported
          <Function test_plugin_can_be_imported[mailchimp_plugin-windows_ai.plugins.builtin.mailchimp_plugin]>
            Test that all plugins can be imported
          <Function test_plugin_can_be_imported[gitlab_plugin-windows_ai.plugins.builtin.gitlab_plugin]>
            Test that all plugins can be imported
          <Function test_plugin_can_be_imported[kubernetes_plugin-windows_ai.plugins.builtin.kubernetes_plugin]>
            Test that all plugins can be imported
          <Function test_plugin_can_be_imported[elasticsearch_plugin-windows_ai.plugins.builtin.elasticsearch_plugin]>
            Test that all plugins can be imported
          <Function test_plugin_can_be_imported[stripe_plugin-windows_ai.plugins.builtin.stripe_plugin]>
            Test that all plugins can be imported
          <Function test_plugin_can_be_imported[discord_plugin-windows_ai.plugins.builtin.discord_plugin]>
            Test that all plugins can be imported
          <Function test_plugin_can_be_imported[github_plugin-windows_ai.plugins.builtin.github_plugin]>
            Test that all plugins can be imported
          <Function test_plugin_can_be_imported[hubspot_plugin-windows_ai.plugins.builtin.hubspot_plugin]>
            Test that all plugins can be imported
          <Function test_plugin_can_be_imported[mysql_plugin-windows_ai.plugins.builtin.mysql_plugin]>
            Test that all plugins can be imported
          <Function test_plugin_can_be_imported[cohere_plugin-windows_ai.plugins.builtin.cohere_plugin]>
            Test that all plugins can be imported
          <Function test_plugin_can_be_imported[redis_plugin-windows_ai.plugins.builtin.redis_plugin]>
            Test that all plugins can be imported
          <Function test_plugin_can_be_imported[azure_monitor_plugin-windows_ai.plugins.builtin.azure_monitor_plugin]>
            Test that all plugins can be imported
          <Function test_plugin_can_be_imported[docker_plugin-windows_ai.plugins.builtin.docker_plugin]>
            Test that all plugins can be imported
          <Function test_plugin_can_be_imported[twilio_plugin-windows_ai.plugins.builtin.twilio_plugin]>
            Test that all plugins can be imported
          <Function test_plugin_can_be_imported[square_plugin-windows_ai.plugins.builtin.square_plugin]>
            Test that all plugins can be imported
          <Function test_plugin_can_be_imported[zoom_plugin-windows_ai.plugins.builtin.zoom_plugin]>
            Test that all plugins can be imported
          <Function test_plugin_can_be_imported[mongodb_plugin-windows_ai.plugins.builtin.mongodb_plugin]>
            Test that all plugins can be imported
          <Function test_plugin_can_be_imported[sendgrid_plugin-windows_ai.plugins.builtin.sendgrid_plugin]>
            Test that all plugins can be imported
          <Function test_plugin_can_be_imported[replicate_plugin-windows_ai.plugins.builtin.replicate_plugin]>
            Test that all plugins can be imported
          <Function test_plugin_can_be_imported[slack_plugin-windows_ai.plugins.builtin.slack_plugin]>
            Test that all plugins can be imported
          <Function test_plugin_can_be_imported[paypal_plugin-windows_ai.plugins.builtin.paypal_plugin]>
            Test that all plugins can be imported
          <Function test_plugin_can_be_imported[elasticsearch_plugin-windows_ai.plugins.builtin.databases.elasticsearch_plugin]>
            Test that all plugins can be imported
          <Function test_plugin_can_be_imported[neo4j_plugin-windows_ai.plugins.builtin.databases.neo4j_plugin]>
            Test that all plugins can be imported
          <Function test_plugin_can_be_imported[influxdb_plugin-windows_ai.plugins.builtin.databases.influxdb_plugin]>
            Test that all plugins can be imported
          <Function test_plugin_can_be_imported[cockroachdb_plugin-windows_ai.plugins.builtin.databases.cockroachdb_plugin]>
            Test that all plugins can be imported
          <Function test_plugin_can_be_imported[mysql_plugin-windows_ai.plugins.builtin.databases.mysql_plugin]>
            Test that all plugins can be imported
          <Function test_plugin_can_be_imported[redis_plugin-windows_ai.plugins.builtin.databases.redis_plugin]>
            Test that all plugins can be imported
          <Function test_plugin_can_be_imported[mongodb_plugin-windows_ai.plugins.builtin.databases.mongodb_plugin]>
            Test that all plugins can be imported
          <Function test_plugin_can_be_imported[cassandra_plugin-windows_ai.plugins.builtin.databases.cassandra_plugin]>
            Test that all plugins can be imported
          <Function test_plugin_can_be_imported[azure_blob_plugin-windows_ai.plugins.builtin.cloud.azure_blob_plugin]>
            Test that all plugins can be imported
          <Function test_plugin_can_be_imported[azure_aks_plugin-windows_ai.plugins.builtin.cloud.azure_aks_plugin]>
            Test that all plugins can be imported
          <Function test_plugin_can_be_imported[azure_functions_plugin-windows_ai.plugins.builtin.cloud.azure_functions_plugin]>
            Test that all plugins can be imported
          <Function test_plugin_can_be_imported[aws_sns_plugin-windows_ai.plugins.builtin.cloud.aws_sns_plugin]>
            Test that all plugins can be imported
          <Function test_plugin_can_be_imported[gcp_gke_plugin-windows_ai.plugins.builtin.cloud.gcp_gke_plugin]>
            Test that all plugins can be imported
          <Function test_plugin_can_be_imported[azure_cosmos_plugin-windows_ai.plugins.builtin.cloud.azure_cosmos_plugin]>
            Test that all plugins can be imported
          <Function test_plugin_can_be_imported[aws_lambda_plugin-windows_ai.plugins.builtin.cloud.aws_lambda_plugin]>
            Test that all plugins can be imported
          <Function test_plugin_can_be_imported[aws_s3_plugin-windows_ai.plugins.builtin.cloud.aws_s3_plugin]>
            Test that all plugins can be imported
          <Function test_plugin_can_be_imported[aws_dynamodb_plugin-windows_ai.plugins.builtin.cloud.aws_dynamodb_plugin]>
            Test that all plugins can be imported
          <Function test_plugin_can_be_imported[aws_sqs_plugin-windows_ai.plugins.builtin.cloud.aws_sqs_plugin]>
            Test that all plugins can be imported
          <Function test_plugin_can_be_imported[azure_monitor_plugin-windows_ai.plugins.builtin.cloud.azure_monitor_plugin]>
            Test that all plugins can be imported
          <Function test_plugin_can_be_imported[azure_redis_plugin-windows_ai.plugins.builtin.cloud.azure_redis_plugin]>
            Test that all plugins can be imported
          <Function test_plugin_can_be_imported[aws_ec2_plugin-windows_ai.plugins.builtin.cloud.aws_ec2_plugin]>
            Test that all plugins can be imported
          <Function test_plugin_can_be_imported[aws_cloudfront_plugin-windows_ai.plugins.builtin.cloud.aws_cloudfront_plugin]>
            Test that all plugins can be imported
          <Function test_plugin_can_be_imported[gcp_storage_plugin-windows_ai.plugins.builtin.cloud.gcp_storage_plugin]>
            Test that all plugins can be imported
          <Function test_plugin_can_be_imported[aws_rds_plugin-windows_ai.plugins.builtin.cloud.aws_rds_plugin]>
            Test that all plugins can be imported
          <Function test_plugin_can_be_imported[azure_servicebus_plugin-windows_ai.plugins.builtin.cloud.azure_servicebus_plugin]>
            Test that all plugins can be imported
          <Function test_plugin_can_be_imported[azure_cdn_plugin-windows_ai.plugins.builtin.cloud.azure_cdn_plugin]>
            Test that all plugins can be imported
          <Function test_plugin_can_be_imported[azure_vm_plugin-windows_ai.plugins.builtin.cloud.azure_vm_plugin]>
            Test that all plugins can be imported
          <Function test_plugin_can_be_imported[gcp_pubsub_plugin-windows_ai.plugins.builtin.cloud.gcp_pubsub_plugin]>
            Test that all plugins can be imported
          <Function test_plugin_can_be_imported[gcp_sql_plugin-windows_ai.plugins.builtin.cloud.gcp_sql_plugin]>
            Test that all plugins can be imported
          <Function test_plugin_can_be_imported[gcp_firestore_plugin-windows_ai.plugins.builtin.cloud.gcp_firestore_plugin]>
            Test that all plugins can be imported
          <Function test_plugin_can_be_imported[azure_sql_plugin-windows_ai.plugins.builtin.cloud.azure_sql_plugin]>
            Test that all plugins can be imported
          <Function test_plugin_can_be_imported[aws_cloudwatch_plugin-windows_ai.plugins.builtin.cloud.aws_cloudwatch_plugin]>
            Test that all plugins can be imported
          <Function test_plugin_can_be_imported[gcp_compute_plugin-windows_ai.plugins.builtin.cloud.gcp_compute_plugin]>
            Test that all plugins can be imported
          <Function test_plugin_can_be_imported[aws_ecs_plugin-windows_ai.plugins.builtin.cloud.aws_ecs_plugin]>
            Test that all plugins can be imported
          <Function test_plugin_can_be_imported[gcp_functions_plugin-windows_ai.plugins.builtin.cloud.gcp_functions_plugin]>
            Test that all plugins can be imported
          <Function test_plugin_can_be_imported[stripe_plugin-windows_ai.plugins.builtin.ecommerce.stripe_plugin]>
            Test that all plugins can be imported
          <Function test_plugin_can_be_imported[square_plugin-windows_ai.plugins.builtin.ecommerce.square_plugin]>
            Test that all plugins can be imported
          <Function test_plugin_can_be_imported[paypal_plugin-windows_ai.plugins.builtin.ecommerce.paypal_plugin]>
            Test that all plugins can be imported
          <Function test_plugin_can_be_imported[mailchimp_plugin-windows_ai.plugins.builtin.email.mailchimp_plugin]>
            Test that all plugins can be imported
          <Function test_plugin_can_be_imported[sendgrid_plugin-windows_ai.plugins.builtin.email.sendgrid_plugin]>
            Test that all plugins can be imported
          <Function test_plugin_can_be_imported[salesforce_plugin-windows_ai.plugins.builtin.crm.salesforce_plugin]>
            Test that all plugins can be imported
          <Function test_plugin_can_be_imported[hubspot_plugin-windows_ai.plugins.builtin.crm.hubspot_plugin]>
            Test that all plugins can be imported
          <Function test_plugin_can_be_imported[zoom_plugin-windows_ai.plugins.builtin.communication.zoom_plugin]>
            Test that all plugins can be imported
          <Function test_plugin_has_required_attributes[salesforce_plugin-windows_ai.plugins.builtin.salesforce_plugin]>
            Test that all plugins have required attributes
          <Function test_plugin_has_required_attributes[mailchimp_plugin-windows_ai.plugins.builtin.mailchimp_plugin]>
            Test that all plugins have required attributes
          <Function test_plugin_has_required_attributes[gitlab_plugin-windows_ai.plugins.builtin.gitlab_plugin]>
            Test that all plugins have required attributes
          <Function test_plugin_has_required_attributes[kubernetes_plugin-windows_ai.plugins.builtin.kubernetes_plugin]>
            Test that all plugins have required attributes
          <Function test_plugin_has_required_attributes[elasticsearch_plugin-windows_ai.plugins.builtin.elasticsearch_plugin]>
            Test that all plugins have required attributes
          <Function test_plugin_has_required_attributes[stripe_plugin-windows_ai.plugins.builtin.stripe_plugin]>
            Test that all plugins have required attributes
          <Function test_plugin_has_required_attributes[discord_plugin-windows_ai.plugins.builtin.discord_plugin]>
            Test that all plugins have required attributes
          <Function test_plugin_has_required_attributes[github_plugin-windows_ai.plugins.builtin.github_plugin]>
            Test that all plugins have required attributes
          <Function test_plugin_has_required_attributes[hubspot_plugin-windows_ai.plugins.builtin.hubspot_plugin]>
            Test that all plugins have required attributes
          <Function test_plugin_has_required_attributes[mysql_plugin-windows_ai.plugins.builtin.mysql_plugin]>
            Test that all plugins have required attributes
          <Function test_plugin_has_required_attributes[cohere_plugin-windows_ai.plugins.builtin.cohere_plugin]>
            Test that all plugins have required attributes
          <Function test_plugin_has_required_attributes[redis_plugin-windows_ai.plugins.builtin.redis_plugin]>
            Test that all plugins have required attributes
          <Function test_plugin_has_required_attributes[azure_monitor_plugin-windows_ai.plugins.builtin.azure_monitor_plugin]>
            Test that all plugins have required attributes
          <Function test_plugin_has_required_attributes[docker_plugin-windows_ai.plugins.builtin.docker_plugin]>
            Test that all plugins have required attributes
          <Function test_plugin_has_required_attributes[twilio_plugin-windows_ai.plugins.builtin.twilio_plugin]>
            Test that all plugins have required attributes
          <Function test_plugin_has_required_attributes[square_plugin-windows_ai.plugins.builtin.square_plugin]>
            Test that all plugins have required attributes
          <Function test_plugin_has_required_attributes[zoom_plugin-windows_ai.plugins.builtin.zoom_plugin]>
            Test that all plugins have required attributes
          <Function test_plugin_has_required_attributes[mongodb_plugin-windows_ai.plugins.builtin.mongodb_plugin]>
            Test that all plugins have required attributes
          <Function test_plugin_has_required_attributes[sendgrid_plugin-windows_ai.plugins.builtin.sendgrid_plugin]>
            Test that all plugins have required attributes
          <Function test_plugin_has_required_attributes[replicate_plugin-windows_ai.plugins.builtin.replicate_plugin]>
            Test that all plugins have required attributes
          <Function test_plugin_has_required_attributes[slack_plugin-windows_ai.plugins.builtin.slack_plugin]>
            Test that all plugins have required attributes
          <Function test_plugin_has_required_attributes[paypal_plugin-windows_ai.plugins.builtin.paypal_plugin]>
            Test that all plugins have required attributes
          <Function test_plugin_has_required_attributes[elasticsearch_plugin-windows_ai.plugins.builtin.databases.elasticsearch_plugin]>
            Test that all plugins have required attributes
          <Function test_plugin_has_required_attributes[neo4j_plugin-windows_ai.plugins.builtin.databases.neo4j_plugin]>
            Test that all plugins have required attributes
          <Function test_plugin_has_required_attributes[influxdb_plugin-windows_ai.plugins.builtin.databases.influxdb_plugin]>
            Test that all plugins have required attributes
          <Function test_plugin_has_required_attributes[cockroachdb_plugin-windows_ai.plugins.builtin.databases.cockroachdb_plugin]>
            Test that all plugins have required attributes
          <Function test_plugin_has_required_attributes[mysql_plugin-windows_ai.plugins.builtin.databases.mysql_plugin]>
            Test that all plugins have required attributes
          <Function test_plugin_has_required_attributes[redis_plugin-windows_ai.plugins.builtin.databases.redis_plugin]>
            Test that all plugins have required attributes
          <Function test_plugin_has_required_attributes[mongodb_plugin-windows_ai.plugins.builtin.databases.mongodb_plugin]>
            Test that all plugins have required attributes
          <Function test_plugin_has_required_attributes[cassandra_plugin-windows_ai.plugins.builtin.databases.cassandra_plugin]>
            Test that all plugins have required attributes
          <Function test_plugin_has_required_attributes[azure_blob_plugin-windows_ai.plugins.builtin.cloud.azure_blob_plugin]>
            Test that all plugins have required attributes
          <Function test_plugin_has_required_attributes[azure_aks_plugin-windows_ai.plugins.builtin.cloud.azure_aks_plugin]>
            Test that all plugins have required attributes
          <Function test_plugin_has_required_attributes[azure_functions_plugin-windows_ai.plugins.builtin.cloud.azure_functions_plugin]>
            Test that all plugins have required attributes
          <Function test_plugin_has_required_attributes[aws_sns_plugin-windows_ai.plugins.builtin.cloud.aws_sns_plugin]>
            Test that all plugins have required attributes
          <Function test_plugin_has_required_attributes[gcp_gke_plugin-windows_ai.plugins.builtin.cloud.gcp_gke_plugin]>
            Test that all plugins have required attributes
          <Function test_plugin_has_required_attributes[azure_cosmos_plugin-windows_ai.plugins.builtin.cloud.azure_cosmos_plugin]>
            Test that all plugins have required attributes
          <Function test_plugin_has_required_attributes[aws_lambda_plugin-windows_ai.plugins.builtin.cloud.aws_lambda_plugin]>
            Test that all plugins have required attributes
          <Function test_plugin_has_required_attributes[aws_s3_plugin-windows_ai.plugins.builtin.cloud.aws_s3_plugin]>
            Test that all plugins have required attributes
          <Function test_plugin_has_required_attributes[aws_dynamodb_plugin-windows_ai.plugins.builtin.cloud.aws_dynamodb_plugin]>
            Test that all plugins have required attributes
          <Function test_plugin_has_required_attributes[aws_sqs_plugin-windows_ai.plugins.builtin.cloud.aws_sqs_plugin]>
            Test that all plugins have required attributes
          <Function test_plugin_has_required_attributes[azure_monitor_plugin-windows_ai.plugins.builtin.cloud.azure_monitor_plugin]>
            Test that all plugins have required attributes
          <Function test_plugin_has_required_attributes[azure_redis_plugin-windows_ai.plugins.builtin.cloud.azure_redis_plugin]>
            Test that all plugins have required attributes
          <Function test_plugin_has_required_attributes[aws_ec2_plugin-windows_ai.plugins.builtin.cloud.aws_ec2_plugin]>
            Test that all plugins have required attributes
          <Function test_plugin_has_required_attributes[aws_cloudfront_plugin-windows_ai.plugins.builtin.cloud.aws_cloudfront_plugin]>
            Test that all plugins have required attributes
          <Function test_plugin_has_required_attributes[gcp_storage_plugin-windows_ai.plugins.builtin.cloud.gcp_storage_plugin]>
            Test that all plugins have required attributes
          <Function test_plugin_has_required_attributes[aws_rds_plugin-windows_ai.plugins.builtin.cloud.aws_rds_plugin]>
            Test that all plugins have required attributes
          <Function test_plugin_has_required_attributes[azure_servicebus_plugin-windows_ai.plugins.builtin.cloud.azure_servicebus_plugin]>
            Test that all plugins have required attributes
          <Function test_plugin_has_required_attributes[azure_cdn_plugin-windows_ai.plugins.builtin.cloud.azure_cdn_plugin]>
            Test that all plugins have required attributes
          <Function test_plugin_has_required_attributes[azure_vm_plugin-windows_ai.plugins.builtin.cloud.azure_vm_plugin]>
            Test that all plugins have required attributes
          <Function test_plugin_has_required_attributes[gcp_pubsub_plugin-windows_ai.plugins.builtin.cloud.gcp_pubsub_plugin]>
            Test that all plugins have required attributes
          <Function test_plugin_has_required_attributes[gcp_sql_plugin-windows_ai.plugins.builtin.cloud.gcp_sql_plugin]>
            Test that all plugins have required attributes
          <Function test_plugin_has_required_attributes[gcp_firestore_plugin-windows_ai.plugins.builtin.cloud.gcp_firestore_plugin]>
            Test that all plugins have required attributes
          <Function test_plugin_has_required_attributes[azure_sql_plugin-windows_ai.plugins.builtin.cloud.azure_sql_plugin]>
            Test that all plugins have required attributes
          <Function test_plugin_has_required_attributes[aws_cloudwatch_plugin-windows_ai.plugins.builtin.cloud.aws_cloudwatch_plugin]>
            Test that all plugins have required attributes
          <Function test_plugin_has_required_attributes[gcp_compute_plugin-windows_ai.plugins.builtin.cloud.gcp_compute_plugin]>
            Test that all plugins have required attributes
          <Function test_plugin_has_required_attributes[aws_ecs_plugin-windows_ai.plugins.builtin.cloud.aws_ecs_plugin]>
            Test that all plugins have required attributes
          <Function test_plugin_has_required_attributes[gcp_functions_plugin-windows_ai.plugins.builtin.cloud.gcp_functions_plugin]>
            Test that all plugins have required attributes
          <Function test_plugin_has_required_attributes[stripe_plugin-windows_ai.plugins.builtin.ecommerce.stripe_plugin]>
            Test that all plugins have required attributes
          <Function test_plugin_has_required_attributes[square_plugin-windows_ai.plugins.builtin.ecommerce.square_plugin]>
            Test that all plugins have required attributes
          <Function test_plugin_has_required_attributes[paypal_plugin-windows_ai.plugins.builtin.ecommerce.paypal_plugin]>
            Test that all plugins have required attributes
          <Function test_plugin_has_required_attributes[mailchimp_plugin-windows_ai.plugins.builtin.email.mailchimp_plugin]>
            Test that all plugins have required attributes
          <Function test_plugin_has_required_attributes[sendgrid_plugin-windows_ai.plugins.builtin.email.sendgrid_plugin]>
            Test that all plugins have required attributes
          <Function test_plugin_has_required_attributes[salesforce_plugin-windows_ai.plugins.builtin.crm.salesforce_plugin]>
            Test that all plugins have required attributes
          <Function test_plugin_has_required_attributes[hubspot_plugin-windows_ai.plugins.builtin.crm.hubspot_plugin]>
            Test that all plugins have required attributes
          <Function test_plugin_has_required_attributes[zoom_plugin-windows_ai.plugins.builtin.communication.zoom_plugin]>
            Test that all plugins have required attributes
          <Function test_plugin_has_execute_method[salesforce_plugin-windows_ai.plugins.builtin.salesforce_plugin]>
            Test that all plugins have execute method
          <Function test_plugin_has_execute_method[mailchimp_plugin-windows_ai.plugins.builtin.mailchimp_plugin]>
            Test that all plugins have execute method
          <Function test_plugin_has_execute_method[gitlab_plugin-windows_ai.plugins.builtin.gitlab_plugin]>
            Test that all plugins have execute method
          <Function test_plugin_has_execute_method[kubernetes_plugin-windows_ai.plugins.builtin.kubernetes_plugin]>
            Test that all plugins have execute method
          <Function test_plugin_has_execute_method[elasticsearch_plugin-windows_ai.plugins.builtin.elasticsearch_plugin]>
            Test that all plugins have execute method
          <Function test_plugin_has_execute_method[stripe_plugin-windows_ai.plugins.builtin.stripe_plugin]>
            Test that all plugins have execute method
          <Function test_plugin_has_execute_method[discord_plugin-windows_ai.plugins.builtin.discord_plugin]>
            Test that all plugins have execute method
          <Function test_plugin_has_execute_method[github_plugin-windows_ai.plugins.builtin.github_plugin]>
            Test that all plugins have execute method
          <Function test_plugin_has_execute_method[hubspot_plugin-windows_ai.plugins.builtin.hubspot_plugin]>
            Test that all plugins have execute method
          <Function test_plugin_has_execute_method[mysql_plugin-windows_ai.plugins.builtin.mysql_plugin]>
            Test that all plugins have execute method
          <Function test_plugin_has_execute_method[cohere_plugin-windows_ai.plugins.builtin.cohere_plugin]>
            Test that all plugins have execute method
          <Function test_plugin_has_execute_method[redis_plugin-windows_ai.plugins.builtin.redis_plugin]>
            Test that all plugins have execute method
          <Function test_plugin_has_execute_method[azure_monitor_plugin-windows_ai.plugins.builtin.azure_monitor_plugin]>
            Test that all plugins have execute method
          <Function test_plugin_has_execute_method[docker_plugin-windows_ai.plugins.builtin.docker_plugin]>
            Test that all plugins have execute method
          <Function test_plugin_has_execute_method[twilio_plugin-windows_ai.plugins.builtin.twilio_plugin]>
            Test that all plugins have execute method
          <Function test_plugin_has_execute_method[square_plugin-windows_ai.plugins.builtin.square_plugin]>
            Test that all plugins have execute method
          <Function test_plugin_has_execute_method[zoom_plugin-windows_ai.plugins.builtin.zoom_plugin]>
            Test that all plugins have execute method
          <Function test_plugin_has_execute_method[mongodb_plugin-windows_ai.plugins.builtin.mongodb_plugin]>
            Test that all plugins have execute method
          <Function test_plugin_has_execute_method[sendgrid_plugin-windows_ai.plugins.builtin.sendgrid_plugin]>
            Test that all plugins have execute method
          <Function test_plugin_has_execute_method[replicate_plugin-windows_ai.plugins.builtin.replicate_plugin]>
            Test that all plugins have execute method
          <Function test_plugin_has_execute_method[slack_plugin-windows_ai.plugins.builtin.slack_plugin]>
            Test that all plugins have execute method
          <Function test_plugin_has_execute_method[paypal_plugin-windows_ai.plugins.builtin.paypal_plugin]>
            Test that all plugins have execute method
          <Function test_plugin_has_execute_method[elasticsearch_plugin-windows_ai.plugins.builtin.databases.elasticsearch_plugin]>
            Test that all plugins have execute method
          <Function test_plugin_has_execute_method[neo4j_plugin-windows_ai.plugins.builtin.databases.neo4j_plugin]>
            Test that all plugins have execute method
          <Function test_plugin_has_execute_method[influxdb_plugin-windows_ai.plugins.builtin.databases.influxdb_plugin]>
            Test that all plugins have execute method
          <Function test_plugin_has_execute_method[cockroachdb_plugin-windows_ai.plugins.builtin.databases.cockroachdb_plugin]>
            Test that all plugins have execute method
          <Function test_plugin_has_execute_method[mysql_plugin-windows_ai.plugins.builtin.databases.mysql_plugin]>
            Test that all plugins have execute method
          <Function test_plugin_has_execute_method[redis_plugin-windows_ai.plugins.builtin.databases.redis_plugin]>
            Test that all plugins have execute method
          <Function test_plugin_has_execute_method[mongodb_plugin-windows_ai.plugins.builtin.databases.mongodb_plugin]>
            Test that all plugins have execute method
          <Function test_plugin_has_execute_method[cassandra_plugin-windows_ai.plugins.builtin.databases.cassandra_plugin]>
            Test that all plugins have execute method
          <Function test_plugin_has_execute_method[azure_blob_plugin-windows_ai.plugins.builtin.cloud.azure_blob_plugin]>
            Test that all plugins have execute method
          <Function test_plugin_has_execute_method[azure_aks_plugin-windows_ai.plugins.builtin.cloud.azure_aks_plugin]>
            Test that all plugins have execute method
          <Function test_plugin_has_execute_method[azure_functions_plugin-windows_ai.plugins.builtin.cloud.azure_functions_plugin]>
            Test that all plugins have execute method
          <Function test_plugin_has_execute_method[aws_sns_plugin-windows_ai.plugins.builtin.cloud.aws_sns_plugin]>
            Test that all plugins have execute method
          <Function test_plugin_has_execute_method[gcp_gke_plugin-windows_ai.plugins.builtin.cloud.gcp_gke_plugin]>
            Test that all plugins have execute method
          <Function test_plugin_has_execute_method[azure_cosmos_plugin-windows_ai.plugins.builtin.cloud.azure_cosmos_plugin]>
            Test that all plugins have execute method
          <Function test_plugin_has_execute_method[aws_lambda_plugin-windows_ai.plugins.builtin.cloud.aws_lambda_plugin]>
            Test that all plugins have execute method
          <Function test_plugin_has_execute_method[aws_s3_plugin-windows_ai.plugins.builtin.cloud.aws_s3_plugin]>
            Test that all plugins have execute method
          <Function test_plugin_has_execute_method[aws_dynamodb_plugin-windows_ai.plugins.builtin.cloud.aws_dynamodb_plugin]>
            Test that all plugins have execute method
          <Function test_plugin_has_execute_method[aws_sqs_plugin-windows_ai.plugins.builtin.cloud.aws_sqs_plugin]>
            Test that all plugins have execute method
          <Function test_plugin_has_execute_method[azure_monitor_plugin-windows_ai.plugins.builtin.cloud.azure_monitor_plugin]>
            Test that all plugins have execute method
          <Function test_plugin_has_execute_method[azure_redis_plugin-windows_ai.plugins.builtin.cloud.azure_redis_plugin]>
            Test that all plugins have execute method
          <Function test_plugin_has_execute_method[aws_ec2_plugin-windows_ai.plugins.builtin.cloud.aws_ec2_plugin]>
            Test that all plugins have execute method
          <Function test_plugin_has_execute_method[aws_cloudfront_plugin-windows_ai.plugins.builtin.cloud.aws_cloudfront_plugin]>
            Test that all plugins have execute method
          <Function test_plugin_has_execute_method[gcp_storage_plugin-windows_ai.plugins.builtin.cloud.gcp_storage_plugin]>
            Test that all plugins have execute method
          <Function test_plugin_has_execute_method[aws_rds_plugin-windows_ai.plugins.builtin.cloud.aws_rds_plugin]>
            Test that all plugins have execute method
          <Function test_plugin_has_execute_method[azure_servicebus_plugin-windows_ai.plugins.builtin.cloud.azure_servicebus_plugin]>
            Test that all plugins have execute method
          <Function test_plugin_has_execute_method[azure_cdn_plugin-windows_ai.plugins.builtin.cloud.azure_cdn_plugin]>
            Test that all plugins have execute method
          <Function test_plugin_has_execute_method[azure_vm_plugin-windows_ai.plugins.builtin.cloud.azure_vm_plugin]>
            Test that all plugins have execute method
          <Function test_plugin_has_execute_method[gcp_pubsub_plugin-windows_ai.plugins.builtin.cloud.gcp_pubsub_plugin]>
            Test that all plugins have execute method
          <Function test_plugin_has_execute_method[gcp_sql_plugin-windows_ai.plugins.builtin.cloud.gcp_sql_plugin]>
            Test that all plugins have execute method
          <Function test_plugin_has_execute_method[gcp_firestore_plugin-windows_ai.plugins.builtin.cloud.gcp_firestore_plugin]>
            Test that all plugins have execute method
          <Function test_plugin_has_execute_method[azure_sql_plugin-windows_ai.plugins.builtin.cloud.azure_sql_plugin]>
            Test that all plugins have execute method
          <Function test_plugin_has_execute_method[aws_cloudwatch_plugin-windows_ai.plugins.builtin.cloud.aws_cloudwatch_plugin]>
            Test that all plugins have execute method
          <Function test_plugin_has_execute_method[gcp_compute_plugin-windows_ai.plugins.builtin.cloud.gcp_compute_plugin]>
            Test that all plugins have execute method
          <Function test_plugin_has_execute_method[aws_ecs_plugin-windows_ai.plugins.builtin.cloud.aws_ecs_plugin]>
            Test that all plugins have execute method
          <Function test_plugin_has_execute_method[gcp_functions_plugin-windows_ai.plugins.builtin.cloud.gcp_functions_plugin]>
            Test that all plugins have execute method
          <Function test_plugin_has_execute_method[stripe_plugin-windows_ai.plugins.builtin.ecommerce.stripe_plugin]>
            Test that all plugins have execute method
          <Function test_plugin_has_execute_method[square_plugin-windows_ai.plugins.builtin.ecommerce.square_plugin]>
            Test that all plugins have execute method
          <Function test_plugin_has_execute_method[paypal_plugin-windows_ai.plugins.builtin.ecommerce.paypal_plugin]>
            Test that all plugins have execute method
          <Function test_plugin_has_execute_method[mailchimp_plugin-windows_ai.plugins.builtin.email.mailchimp_plugin]>
            Test that all plugins have execute method
          <Function test_plugin_has_execute_method[sendgrid_plugin-windows_ai.plugins.builtin.email.sendgrid_plugin]>
            Test that all plugins have execute method
          <Function test_plugin_has_execute_method[salesforce_plugin-windows_ai.plugins.builtin.crm.salesforce_plugin]>
            Test that all plugins have execute method
          <Function test_plugin_has_execute_method[hubspot_plugin-windows_ai.plugins.builtin.crm.hubspot_plugin]>
            Test that all plugins have execute method
          <Function test_plugin_has_execute_method[zoom_plugin-windows_ai.plugins.builtin.communication.zoom_plugin]>
            Test that all plugins have execute method
        <Class TestPluginExecution>
          Test plugin execution for all 65 plugins
          <Coroutine test_plugin_execute_without_api_key[salesforce_plugin-windows_ai.plugins.builtin.salesforce_plugin]>
            Test plugin execution fails gracefully without API key
          <Coroutine test_plugin_execute_without_api_key[mailchimp_plugin-windows_ai.plugins.builtin.mailchimp_plugin]>
            Test plugin execution fails gracefully without API key
          <Coroutine test_plugin_execute_without_api_key[gitlab_plugin-windows_ai.plugins.builtin.gitlab_plugin]>
            Test plugin execution fails gracefully without API key
          <Coroutine test_plugin_execute_without_api_key[kubernetes_plugin-windows_ai.plugins.builtin.kubernetes_plugin]>
            Test plugin execution fails gracefully without API key
          <Coroutine test_plugin_execute_without_api_key[elasticsearch_plugin-windows_ai.plugins.builtin.elasticsearch_plugin]>
            Test plugin execution fails gracefully without API key
          <Coroutine test_plugin_execute_without_api_key[stripe_plugin-windows_ai.plugins.builtin.stripe_plugin]>
            Test plugin execution fails gracefully without API key
          <Coroutine test_plugin_execute_without_api_key[discord_plugin-windows_ai.plugins.builtin.discord_plugin]>
            Test plugin execution fails gracefully without API key
          <Coroutine test_plugin_execute_without_api_key[github_plugin-windows_ai.plugins.builtin.github_plugin]>
            Test plugin execution fails gracefully without API key
          <Coroutine test_plugin_execute_without_api_key[hubspot_plugin-windows_ai.plugins.builtin.hubspot_plugin]>
            Test plugin execution fails gracefully without API key
          <Coroutine test_plugin_execute_without_api_key[mysql_plugin-windows_ai.plugins.builtin.mysql_plugin]>
            Test plugin execution fails gracefully without API key
          <Coroutine test_plugin_execute_with_invalid_action[salesforce_plugin-windows_ai.plugins.builtin.salesforce_plugin]>
            Test plugin handles invalid action gracefully
          <Coroutine test_plugin_execute_with_invalid_action[mailchimp_plugin-windows_ai.plugins.builtin.mailchimp_plugin]>
            Test plugin handles invalid action gracefully
          <Coroutine test_plugin_execute_with_invalid_action[gitlab_plugin-windows_ai.plugins.builtin.gitlab_plugin]>
            Test plugin handles invalid action gracefully
          <Coroutine test_plugin_execute_with_invalid_action[kubernetes_plugin-windows_ai.plugins.builtin.kubernetes_plugin]>
            Test plugin handles invalid action gracefully
          <Coroutine test_plugin_execute_with_invalid_action[elasticsearch_plugin-windows_ai.plugins.builtin.elasticsearch_plugin]>
            Test plugin handles invalid action gracefully
          <Coroutine test_plugin_execute_with_invalid_action[stripe_plugin-windows_ai.plugins.builtin.stripe_plugin]>
            Test plugin handles invalid action gracefully
          <Coroutine test_plugin_execute_with_invalid_action[discord_plugin-windows_ai.plugins.builtin.discord_plugin]>
            Test plugin handles invalid action gracefully
          <Coroutine test_plugin_execute_with_invalid_action[github_plugin-windows_ai.plugins.builtin.github_plugin]>
            Test plugin handles invalid action gracefully
          <Coroutine test_plugin_execute_with_invalid_action[hubspot_plugin-windows_ai.plugins.builtin.hubspot_plugin]>
            Test plugin handles invalid action gracefully
          <Coroutine test_plugin_execute_with_invalid_action[mysql_plugin-windows_ai.plugins.builtin.mysql_plugin]>
            Test plugin handles invalid action gracefully
        <Class TestDatabasePlugins>
          Test all 8 database plugins
          <Coroutine test_database_plugin_has_crud_operations[elasticsearch_plugin-windows_ai.plugins.builtin.databases.elasticsearch_plugin]>
            Test database plugins have CRUD operations
          <Coroutine test_database_plugin_has_crud_operations[neo4j_plugin-windows_ai.plugins.builtin.databases.neo4j_plugin]>
            Test database plugins have CRUD operations
          <Coroutine test_database_plugin_has_crud_operations[influxdb_plugin-windows_ai.plugins.builtin.databases.influxdb_plugin]>
            Test database plugins have CRUD operations
          <Coroutine test_database_plugin_has_crud_operations[cockroachdb_plugin-windows_ai.plugins.builtin.databases.cockroachdb_plugin]>
            Test database plugins have CRUD operations
          <Coroutine test_database_plugin_has_crud_operations[mysql_plugin-windows_ai.plugins.builtin.databases.mysql_plugin]>
            Test database plugins have CRUD operations
          <Coroutine test_database_plugin_has_crud_operations[redis_plugin-windows_ai.plugins.builtin.databases.redis_plugin]>
            Test database plugins have CRUD operations
          <Coroutine test_database_plugin_has_crud_operations[mongodb_plugin-windows_ai.plugins.builtin.databases.mongodb_plugin]>
            Test database plugins have CRUD operations
          <Coroutine test_database_plugin_has_crud_operations[cassandra_plugin-windows_ai.plugins.builtin.databases.cassandra_plugin]>
            Test database plugins have CRUD operations
        <Class TestCloudPlugins>
          Test all 27 cloud plugins (AWS, Azure, GCP)
          <Function test_cloud_plugin_has_proper_metadata[azure_blob_plugin-windows_ai.plugins.builtin.cloud.azure_blob_plugin]>
            Test cloud plugins have proper metadata
          <Function test_cloud_plugin_has_proper_metadata[azure_aks_plugin-windows_ai.plugins.builtin.cloud.azure_aks_plugin]>
            Test cloud plugins have proper metadata
          <Function test_cloud_plugin_has_proper_metadata[azure_functions_plugin-windows_ai.plugins.builtin.cloud.azure_functions_plugin]>
            Test cloud plugins have proper metadata
          <Function test_cloud_plugin_has_proper_metadata[aws_sns_plugin-windows_ai.plugins.builtin.cloud.aws_sns_plugin]>
            Test cloud plugins have proper metadata
          <Function test_cloud_plugin_has_proper_metadata[gcp_gke_plugin-windows_ai.plugins.builtin.cloud.gcp_gke_plugin]>
            Test cloud plugins have proper metadata
          <Function test_cloud_plugin_has_proper_metadata[azure_cosmos_plugin-windows_ai.plugins.builtin.cloud.azure_cosmos_plugin]>
            Test cloud plugins have proper metadata
          <Function test_cloud_plugin_has_proper_metadata[aws_lambda_plugin-windows_ai.plugins.builtin.cloud.aws_lambda_plugin]>
            Test cloud plugins have proper metadata
          <Function test_cloud_plugin_has_proper_metadata[aws_s3_plugin-windows_ai.plugins.builtin.cloud.aws_s3_plugin]>
            Test cloud plugins have proper metadata
          <Function test_cloud_plugin_has_proper_metadata[aws_dynamodb_plugin-windows_ai.plugins.builtin.cloud.aws_dynamodb_plugin]>
            Test cloud plugins have proper metadata
          <Function test_cloud_plugin_has_proper_metadata[aws_sqs_plugin-windows_ai.plugins.builtin.cloud.aws_sqs_plugin]>
            Test cloud plugins have proper metadata
          <Function test_cloud_plugin_has_proper_metadata[azure_monitor_plugin-windows_ai.plugins.builtin.cloud.azure_monitor_plugin]>
            Test cloud plugins have proper metadata
          <Function test_cloud_plugin_has_proper_metadata[azure_redis_plugin-windows_ai.plugins.builtin.cloud.azure_redis_plugin]>
            Test cloud plugins have proper metadata
          <Function test_cloud_plugin_has_proper_metadata[aws_ec2_plugin-windows_ai.plugins.builtin.cloud.aws_ec2_plugin]>
            Test cloud plugins have proper metadata
          <Function test_cloud_plugin_has_proper_metadata[aws_cloudfront_plugin-windows_ai.plugins.builtin.cloud.aws_cloudfront_plugin]>
            Test cloud plugins have proper metadata
          <Function test_cloud_plugin_has_proper_metadata[gcp_storage_plugin-windows_ai.plugins.builtin.cloud.gcp_storage_plugin]>
            Test cloud plugins have proper metadata
          <Function test_cloud_plugin_has_proper_metadata[aws_rds_plugin-windows_ai.plugins.builtin.cloud.aws_rds_plugin]>
            Test cloud plugins have proper metadata
          <Function test_cloud_plugin_has_proper_metadata[azure_servicebus_plugin-windows_ai.plugins.builtin.cloud.azure_servicebus_plugin]>
            Test cloud plugins have proper metadata
          <Function test_cloud_plugin_has_proper_metadata[azure_cdn_plugin-windows_ai.plugins.builtin.cloud.azure_cdn_plugin]>
            Test cloud plugins have proper metadata
          <Function test_cloud_plugin_has_proper_metadata[azure_vm_plugin-windows_ai.plugins.builtin.cloud.azure_vm_plugin]>
            Test cloud plugins have proper metadata
          <Function test_cloud_plugin_has_proper_metadata[gcp_pubsub_plugin-windows_ai.plugins.builtin.cloud.gcp_pubsub_plugin]>
            Test cloud plugins have proper metadata
          <Function test_cloud_plugin_has_proper_metadata[gcp_sql_plugin-windows_ai.plugins.builtin.cloud.gcp_sql_plugin]>
            Test cloud plugins have proper metadata
          <Function test_cloud_plugin_has_proper_metadata[gcp_firestore_plugin-windows_ai.plugins.builtin.cloud.gcp_firestore_plugin]>
            Test cloud plugins have proper metadata
          <Function test_cloud_plugin_has_proper_metadata[azure_sql_plugin-windows_ai.plugins.builtin.cloud.azure_sql_plugin]>
            Test cloud plugins have proper metadata
          <Function test_cloud_plugin_has_proper_metadata[aws_cloudwatch_plugin-windows_ai.plugins.builtin.cloud.aws_cloudwatch_plugin]>
            Test cloud plugins have proper metadata
          <Function test_cloud_plugin_has_proper_metadata[gcp_compute_plugin-windows_ai.plugins.builtin.cloud.gcp_compute_plugin]>
            Test cloud plugins have proper metadata
          <Function test_cloud_plugin_has_proper_metadata[aws_ecs_plugin-windows_ai.plugins.builtin.cloud.aws_ecs_plugin]>
            Test cloud plugins have proper metadata
          <Function test_cloud_plugin_has_proper_metadata[gcp_functions_plugin-windows_ai.plugins.builtin.cloud.gcp_functions_plugin]>
            Test cloud plugins have proper metadata
          <Coroutine test_storage_plugins_have_upload_download[aws_s3_plugin-windows_ai.plugins.builtin.cloud.aws_s3_plugin]>
            Test storage plugins support upload/download
          <Coroutine test_storage_plugins_have_upload_download[azure_blob_plugin-windows_ai.plugins.builtin.cloud.azure_blob_plugin]>
            Test storage plugins support upload/download
          <Coroutine test_storage_plugins_have_upload_download[gcp_storage_plugin-windows_ai.plugins.builtin.cloud.gcp_storage_plugin]>
            Test storage plugins support upload/download
        <Class TestEcommercePlugins>
          Test all 3 ecommerce plugins
          <Function test_ecommerce_plugin_initialization[stripe_plugin-windows_ai.plugins.builtin.ecommerce.stripe_plugin]>
            Test ecommerce plugins can be initialized
          <Function test_ecommerce_plugin_initialization[square_plugin-windows_ai.plugins.builtin.ecommerce.square_plugin]>
            Test ecommerce plugins can be initialized
          <Function test_ecommerce_plugin_initialization[paypal_plugin-windows_ai.plugins.builtin.ecommerce.paypal_plugin]>
            Test ecommerce plugins can be initialized
        <Class TestEmailPlugins>
          Test all 2 email plugins
          <Coroutine test_email_plugin_send_capability[mailchimp_plugin-windows_ai.plugins.builtin.email.mailchimp_plugin]>
            Test email plugins have send capability
          <Coroutine test_email_plugin_send_capability[sendgrid_plugin-windows_ai.plugins.builtin.email.sendgrid_plugin]>
            Test email plugins have send capability
        <Class TestCRMPlugins>
          Test all 2 CRM plugins
          <Function test_crm_plugin_initialization[salesforce_plugin-windows_ai.plugins.builtin.crm.salesforce_plugin]>
            Test CRM plugins can be initialized
          <Function test_crm_plugin_initialization[hubspot_plugin-windows_ai.plugins.builtin.crm.hubspot_plugin]>
            Test CRM plugins can be initialized
        <Class TestCommunicationPlugins>
          Test communication plugin (Zoom)
          <Coroutine test_zoom_plugin_initialization>
            Test Zoom plugin initialization
        <Class TestPluginErrorHandling>
          Test error handling across all plugins
          <Coroutine test_plugin_handles_missing_credentials[salesforce_plugin-windows_ai.plugins.builtin.salesforce_plugin]>
            Test plugins handle missing credentials gracefully
          <Coroutine test_plugin_handles_missing_credentials[mailchimp_plugin-windows_ai.plugins.builtin.mailchimp_plugin]>
            Test plugins handle missing credentials gracefully
          <Coroutine test_plugin_handles_missing_credentials[gitlab_plugin-windows_ai.plugins.builtin.gitlab_plugin]>
            Test plugins handle missing credentials gracefully
          <Coroutine test_plugin_handles_missing_credentials[kubernetes_plugin-windows_ai.plugins.builtin.kubernetes_plugin]>
            Test plugins handle missing credentials gracefully
          <Coroutine test_plugin_handles_missing_credentials[elasticsearch_plugin-windows_ai.plugins.builtin.elasticsearch_plugin]>
            Test plugins handle missing credentials gracefully
          <Coroutine test_plugin_handles_missing_credentials[stripe_plugin-windows_ai.plugins.builtin.stripe_plugin]>
            Test plugins handle missing credentials gracefully
          <Coroutine test_plugin_handles_missing_credentials[discord_plugin-windows_ai.plugins.builtin.discord_plugin]>
            Test plugins handle missing credentials gracefully
          <Coroutine test_plugin_handles_missing_credentials[github_plugin-windows_ai.plugins.builtin.github_plugin]>
            Test plugins handle missing credentials gracefully
          <Coroutine test_plugin_handles_missing_credentials[hubspot_plugin-windows_ai.plugins.builtin.hubspot_plugin]>
            Test plugins handle missing credentials gracefully
          <Coroutine test_plugin_handles_missing_credentials[mysql_plugin-windows_ai.plugins.builtin.mysql_plugin]>
            Test plugins handle missing credentials gracefully
          <Coroutine test_plugin_handles_missing_credentials[cohere_plugin-windows_ai.plugins.builtin.cohere_plugin]>
            Test plugins handle missing credentials gracefully
          <Coroutine test_plugin_handles_missing_credentials[redis_plugin-windows_ai.plugins.builtin.redis_plugin]>
            Test plugins handle missing credentials gracefully
          <Coroutine test_plugin_handles_missing_credentials[azure_monitor_plugin-windows_ai.plugins.builtin.azure_monitor_plugin]>
            Test plugins handle missing credentials gracefully
          <Coroutine test_plugin_handles_missing_credentials[docker_plugin-windows_ai.plugins.builtin.docker_plugin]>
            Test plugins handle missing credentials gracefully
          <Coroutine test_plugin_handles_missing_credentials[twilio_plugin-windows_ai.plugins.builtin.twilio_plugin]>
            Test plugins handle missing credentials gracefully
          <Coroutine test_plugin_handles_network_errors[salesforce_plugin-windows_ai.plugins.builtin.salesforce_plugin]>
            Test plugins handle network errors gracefully
          <Coroutine test_plugin_handles_network_errors[mailchimp_plugin-windows_ai.plugins.builtin.mailchimp_plugin]>
            Test plugins handle network errors gracefully
          <Coroutine test_plugin_handles_network_errors[gitlab_plugin-windows_ai.plugins.builtin.gitlab_plugin]>
            Test plugins handle network errors gracefully
          <Coroutine test_plugin_handles_network_errors[kubernetes_plugin-windows_ai.plugins.builtin.kubernetes_plugin]>
            Test plugins handle network errors gracefully
          <Coroutine test_plugin_handles_network_errors[elasticsearch_plugin-windows_ai.plugins.builtin.elasticsearch_plugin]>
            Test plugins handle network errors gracefully
          <Coroutine test_plugin_handles_network_errors[stripe_plugin-windows_ai.plugins.builtin.stripe_plugin]>
            Test plugins handle network errors gracefully
          <Coroutine test_plugin_handles_network_errors[discord_plugin-windows_ai.plugins.builtin.discord_plugin]>
            Test plugins handle network errors gracefully
          <Coroutine test_plugin_handles_network_errors[github_plugin-windows_ai.plugins.builtin.github_plugin]>
            Test plugins handle network errors gracefully
          <Coroutine test_plugin_handles_network_errors[hubspot_plugin-windows_ai.plugins.builtin.hubspot_plugin]>
            Test plugins handle network errors gracefully
          <Coroutine test_plugin_handles_network_errors[mysql_plugin-windows_ai.plugins.builtin.mysql_plugin]>
            Test plugins handle network errors gracefully
        <Class TestPluginSecurity>
          Test security aspects of all plugins
          <Function test_plugin_does_not_expose_api_keys[salesforce_plugin-windows_ai.plugins.builtin.salesforce_plugin]>
            Test plugins don't expose API keys in responses
          <Function test_plugin_does_not_expose_api_keys[mailchimp_plugin-windows_ai.plugins.builtin.mailchimp_plugin]>
            Test plugins don't expose API keys in responses
          <Function test_plugin_does_not_expose_api_keys[gitlab_plugin-windows_ai.plugins.builtin.gitlab_plugin]>
            Test plugins don't expose API keys in responses
          <Function test_plugin_does_not_expose_api_keys[kubernetes_plugin-windows_ai.plugins.builtin.kubernetes_plugin]>
            Test plugins don't expose API keys in responses
          <Function test_plugin_does_not_expose_api_keys[elasticsearch_plugin-windows_ai.plugins.builtin.elasticsearch_plugin]>
            Test plugins don't expose API keys in responses
          <Function test_plugin_does_not_expose_api_keys[stripe_plugin-windows_ai.plugins.builtin.stripe_plugin]>
            Test plugins don't expose API keys in responses
          <Function test_plugin_does_not_expose_api_keys[discord_plugin-windows_ai.plugins.builtin.discord_plugin]>
            Test plugins don't expose API keys in responses
          <Function test_plugin_does_not_expose_api_keys[github_plugin-windows_ai.plugins.builtin.github_plugin]>
            Test plugins don't expose API keys in responses
          <Function test_plugin_does_not_expose_api_keys[hubspot_plugin-windows_ai.plugins.builtin.hubspot_plugin]>
            Test plugins don't expose API keys in responses
          <Function test_plugin_does_not_expose_api_keys[mysql_plugin-windows_ai.plugins.builtin.mysql_plugin]>
            Test plugins don't expose API keys in responses
          <Function test_plugin_does_not_expose_api_keys[cohere_plugin-windows_ai.plugins.builtin.cohere_plugin]>
            Test plugins don't expose API keys in responses
          <Function test_plugin_does_not_expose_api_keys[redis_plugin-windows_ai.plugins.builtin.redis_plugin]>
            Test plugins don't expose API keys in responses
          <Function test_plugin_does_not_expose_api_keys[azure_monitor_plugin-windows_ai.plugins.builtin.azure_monitor_plugin]>
            Test plugins don't expose API keys in responses
          <Function test_plugin_does_not_expose_api_keys[docker_plugin-windows_ai.plugins.builtin.docker_plugin]>
            Test plugins don't expose API keys in responses
          <Function test_plugin_does_not_expose_api_keys[twilio_plugin-windows_ai.plugins.builtin.twilio_plugin]>
            Test plugins don't expose API keys in responses
          <Function test_plugin_does_not_expose_api_keys[square_plugin-windows_ai.plugins.builtin.square_plugin]>
            Test plugins don't expose API keys in responses
          <Function test_plugin_does_not_expose_api_keys[zoom_plugin-windows_ai.plugins.builtin.zoom_plugin]>
            Test plugins don't expose API keys in responses
          <Function test_plugin_does_not_expose_api_keys[mongodb_plugin-windows_ai.plugins.builtin.mongodb_plugin]>
            Test plugins don't expose API keys in responses
          <Function test_plugin_does_not_expose_api_keys[sendgrid_plugin-windows_ai.plugins.builtin.sendgrid_plugin]>
            Test plugins don't expose API keys in responses
          <Function test_plugin_does_not_expose_api_keys[replicate_plugin-windows_ai.plugins.builtin.replicate_plugin]>
            Test plugins don't expose API keys in responses
          <Function test_plugin_does_not_expose_api_keys[slack_plugin-windows_ai.plugins.builtin.slack_plugin]>
            Test plugins don't expose API keys in responses
          <Function test_plugin_does_not_expose_api_keys[paypal_plugin-windows_ai.plugins.builtin.paypal_plugin]>
            Test plugins don't expose API keys in responses
          <Function test_plugin_does_not_expose_api_keys[elasticsearch_plugin-windows_ai.plugins.builtin.databases.elasticsearch_plugin]>
            Test plugins don't expose API keys in responses
          <Function test_plugin_does_not_expose_api_keys[neo4j_plugin-windows_ai.plugins.builtin.databases.neo4j_plugin]>
            Test plugins don't expose API keys in responses
          <Function test_plugin_does_not_expose_api_keys[influxdb_plugin-windows_ai.plugins.builtin.databases.influxdb_plugin]>
            Test plugins don't expose API keys in responses
          <Function test_plugin_does_not_expose_api_keys[cockroachdb_plugin-windows_ai.plugins.builtin.databases.cockroachdb_plugin]>
            Test plugins don't expose API keys in responses
          <Function test_plugin_does_not_expose_api_keys[mysql_plugin-windows_ai.plugins.builtin.databases.mysql_plugin]>
            Test plugins don't expose API keys in responses
          <Function test_plugin_does_not_expose_api_keys[redis_plugin-windows_ai.plugins.builtin.databases.redis_plugin]>
            Test plugins don't expose API keys in responses
          <Function test_plugin_does_not_expose_api_keys[mongodb_plugin-windows_ai.plugins.builtin.databases.mongodb_plugin]>
            Test plugins don't expose API keys in responses
          <Function test_plugin_does_not_expose_api_keys[cassandra_plugin-windows_ai.plugins.builtin.databases.cassandra_plugin]>
            Test plugins don't expose API keys in responses
          <Function test_plugin_does_not_expose_api_keys[azure_blob_plugin-windows_ai.plugins.builtin.cloud.azure_blob_plugin]>
            Test plugins don't expose API keys in responses
          <Function test_plugin_does_not_expose_api_keys[azure_aks_plugin-windows_ai.plugins.builtin.cloud.azure_aks_plugin]>
            Test plugins don't expose API keys in responses
          <Function test_plugin_does_not_expose_api_keys[azure_functions_plugin-windows_ai.plugins.builtin.cloud.azure_functions_plugin]>
            Test plugins don't expose API keys in responses
          <Function test_plugin_does_not_expose_api_keys[aws_sns_plugin-windows_ai.plugins.builtin.cloud.aws_sns_plugin]>
            Test plugins don't expose API keys in responses
          <Function test_plugin_does_not_expose_api_keys[gcp_gke_plugin-windows_ai.plugins.builtin.cloud.gcp_gke_plugin]>
            Test plugins don't expose API keys in responses
          <Function test_plugin_does_not_expose_api_keys[azure_cosmos_plugin-windows_ai.plugins.builtin.cloud.azure_cosmos_plugin]>
            Test plugins don't expose API keys in responses
          <Function test_plugin_does_not_expose_api_keys[aws_lambda_plugin-windows_ai.plugins.builtin.cloud.aws_lambda_plugin]>
            Test plugins don't expose API keys in responses
          <Function test_plugin_does_not_expose_api_keys[aws_s3_plugin-windows_ai.plugins.builtin.cloud.aws_s3_plugin]>
            Test plugins don't expose API keys in responses
          <Function test_plugin_does_not_expose_api_keys[aws_dynamodb_plugin-windows_ai.plugins.builtin.cloud.aws_dynamodb_plugin]>
            Test plugins don't expose API keys in responses
          <Function test_plugin_does_not_expose_api_keys[aws_sqs_plugin-windows_ai.plugins.builtin.cloud.aws_sqs_plugin]>
            Test plugins don't expose API keys in responses
          <Function test_plugin_does_not_expose_api_keys[azure_monitor_plugin-windows_ai.plugins.builtin.cloud.azure_monitor_plugin]>
            Test plugins don't expose API keys in responses
          <Function test_plugin_does_not_expose_api_keys[azure_redis_plugin-windows_ai.plugins.builtin.cloud.azure_redis_plugin]>
            Test plugins don't expose API keys in responses
          <Function test_plugin_does_not_expose_api_keys[aws_ec2_plugin-windows_ai.plugins.builtin.cloud.aws_ec2_plugin]>
            Test plugins don't expose API keys in responses
          <Function test_plugin_does_not_expose_api_keys[aws_cloudfront_plugin-windows_ai.plugins.builtin.cloud.aws_cloudfront_plugin]>
            Test plugins don't expose API keys in responses
          <Function test_plugin_does_not_expose_api_keys[gcp_storage_plugin-windows_ai.plugins.builtin.cloud.gcp_storage_plugin]>
            Test plugins don't expose API keys in responses
          <Function test_plugin_does_not_expose_api_keys[aws_rds_plugin-windows_ai.plugins.builtin.cloud.aws_rds_plugin]>
            Test plugins don't expose API keys in responses
          <Function test_plugin_does_not_expose_api_keys[azure_servicebus_plugin-windows_ai.plugins.builtin.cloud.azure_servicebus_plugin]>
            Test plugins don't expose API keys in responses
          <Function test_plugin_does_not_expose_api_keys[azure_cdn_plugin-windows_ai.plugins.builtin.cloud.azure_cdn_plugin]>
            Test plugins don't expose API keys in responses
          <Function test_plugin_does_not_expose_api_keys[azure_vm_plugin-windows_ai.plugins.builtin.cloud.azure_vm_plugin]>
            Test plugins don't expose API keys in responses
          <Function test_plugin_does_not_expose_api_keys[gcp_pubsub_plugin-windows_ai.plugins.builtin.cloud.gcp_pubsub_plugin]>
            Test plugins don't expose API keys in responses
          <Function test_plugin_does_not_expose_api_keys[gcp_sql_plugin-windows_ai.plugins.builtin.cloud.gcp_sql_plugin]>
            Test plugins don't expose API keys in responses
          <Function test_plugin_does_not_expose_api_keys[gcp_firestore_plugin-windows_ai.plugins.builtin.cloud.gcp_firestore_plugin]>
            Test plugins don't expose API keys in responses
          <Function test_plugin_does_not_expose_api_keys[azure_sql_plugin-windows_ai.plugins.builtin.cloud.azure_sql_plugin]>
            Test plugins don't expose API keys in responses
          <Function test_plugin_does_not_expose_api_keys[aws_cloudwatch_plugin-windows_ai.plugins.builtin.cloud.aws_cloudwatch_plugin]>
            Test plugins don't expose API keys in responses
          <Function test_plugin_does_not_expose_api_keys[gcp_compute_plugin-windows_ai.plugins.builtin.cloud.gcp_compute_plugin]>
            Test plugins don't expose API keys in responses
          <Function test_plugin_does_not_expose_api_keys[aws_ecs_plugin-windows_ai.plugins.builtin.cloud.aws_ecs_plugin]>
            Test plugins don't expose API keys in responses
          <Function test_plugin_does_not_expose_api_keys[gcp_functions_plugin-windows_ai.plugins.builtin.cloud.gcp_functions_plugin]>
            Test plugins don't expose API keys in responses
          <Function test_plugin_does_not_expose_api_keys[stripe_plugin-windows_ai.plugins.builtin.ecommerce.stripe_plugin]>
            Test plugins don't expose API keys in responses
          <Function test_plugin_does_not_expose_api_keys[square_plugin-windows_ai.plugins.builtin.ecommerce.square_plugin]>
            Test plugins don't expose API keys in responses
          <Function test_plugin_does_not_expose_api_keys[paypal_plugin-windows_ai.plugins.builtin.ecommerce.paypal_plugin]>
            Test plugins don't expose API keys in responses
          <Function test_plugin_does_not_expose_api_keys[mailchimp_plugin-windows_ai.plugins.builtin.email.mailchimp_plugin]>
            Test plugins don't expose API keys in responses
          <Function test_plugin_does_not_expose_api_keys[sendgrid_plugin-windows_ai.plugins.builtin.email.sendgrid_plugin]>
            Test plugins don't expose API keys in responses
          <Function test_plugin_does_not_expose_api_keys[salesforce_plugin-windows_ai.plugins.builtin.crm.salesforce_plugin]>
            Test plugins don't expose API keys in responses
          <Function test_plugin_does_not_expose_api_keys[hubspot_plugin-windows_ai.plugins.builtin.crm.hubspot_plugin]>
            Test plugins don't expose API keys in responses
          <Function test_plugin_does_not_expose_api_keys[zoom_plugin-windows_ai.plugins.builtin.communication.zoom_plugin]>
            Test plugins don't expose API keys in responses
          <Coroutine test_plugin_validates_input_parameters[github_plugin-windows_ai.plugins.builtin.github_plugin]>
            Test plugins validate input parameters
          <Coroutine test_plugin_validates_input_parameters[gitlab_plugin-windows_ai.plugins.builtin.gitlab_plugin]>
            Test plugins validate input parameters
          <Coroutine test_plugin_validates_input_parameters[slack_plugin-windows_ai.plugins.builtin.slack_plugin]>
            Test plugins validate input parameters
        <Class TestPluginPerformance>
          Test performance aspects of plugins
          <Coroutine test_plugin_has_timeout[salesforce_plugin-windows_ai.plugins.builtin.salesforce_plugin]>
            Test plugins have timeout configuration
          <Coroutine test_plugin_has_timeout[mailchimp_plugin-windows_ai.plugins.builtin.mailchimp_plugin]>
            Test plugins have timeout configuration
          <Coroutine test_plugin_has_timeout[gitlab_plugin-windows_ai.plugins.builtin.gitlab_plugin]>
            Test plugins have timeout configuration
          <Coroutine test_plugin_has_timeout[kubernetes_plugin-windows_ai.plugins.builtin.kubernetes_plugin]>
            Test plugins have timeout configuration
          <Coroutine test_plugin_has_timeout[elasticsearch_plugin-windows_ai.plugins.builtin.elasticsearch_plugin]>
            Test plugins have timeout configuration
        <Class TestPluginCompatibility>
          Test plugin compatibility and integration
          <Function test_all_65_plugins_in_registry>
            Test that registry contains exactly 65 plugins
          <Function test_no_duplicate_plugin_names>
            Test that plugin names are unique within each category
          <Function test_category_has_plugins[builtin]>
            Test each category has at least one plugin
          <Function test_category_has_plugins[databases]>
            Test each category has at least one plugin
          <Function test_category_has_plugins[cloud]>
            Test each category has at least one plugin
          <Function test_category_has_plugins[ecommerce]>
            Test each category has at least one plugin
          <Function test_category_has_plugins[email]>
            Test each category has at least one plugin
          <Function test_category_has_plugins[crm]>
            Test each category has at least one plugin
          <Function test_category_has_plugins[communication]>
            Test each category has at least one plugin
      <Module test_anthropic_plugin.py>
        Tests for Anthropic Claude Plugin
        <Class TestAnthropicPlugin>
          Test suite for Anthropic Claude plugin
          <Function test_plugin_initialization>
            Test plugin initializes correctly
          <Function test_plugin_without_api_key>
            Test plugin handles missing API key gracefully
          <Coroutine test_execute_without_anthropic_sdk>
            Test graceful handling when Anthropic SDK not installed
          <Coroutine test_execute_without_api_key>
            Test execution fails gracefully without API key
          <Coroutine test_chat_action_mock>
            Test chat action with mocked Anthropic client
          <Coroutine test_chat_with_system_prompt>
            Test chat action with system prompt (Constitutional AI)
          <Coroutine test_vision_action_validation>
            Test vision action requires image
          <Coroutine test_vision_with_non_vision_model>
            Test vision action rejects non-vision models
          <Coroutine test_vision_action_mock>
            Test vision action with mocked Anthropic client
          <Coroutine test_list_models>
            Test listing available models
          <Function test_get_stats>
            Test usage statistics tracking
          <Function test_unknown_action>
            Test unknown action returns error
          <Function test_pricing_data>
            Test pricing data is properly configured
          <Function test_vision_models_list>
            Test vision models are correctly identified
          <Coroutine test_streaming_response>
            Test streaming response handling
      <Module test_clipboard_manager.py>
        Tests for Windows Clipboard Manager Plugin
        <Class TestWindowsClipboardManagerPlugin>
          Test suite for Clipboard Manager Plugin
          <Coroutine test_initialization>
            Test plugin initialization
          <Coroutine test_get_current>
            Test getting current clipboard content
          <Coroutine test_set_clipboard>
            Test setting clipboard content
          <Coroutine test_get_history>
            Test getting clipboard history
          <Coroutine test_search>
            Test searching clipboard history
          <Coroutine test_pin_unpin>
            Test pinning and unpinning items
          <Coroutine test_delete_item>
            Test deleting clipboard item
          <Coroutine test_clear_history>
            Test clearing history
          <Coroutine test_clear_history_keep_pinned>
            Test clearing history but keeping pinned items
          <Coroutine test_get_stats>
            Test getting statistics
          <Coroutine test_export_import>
            Test export and import functionality
          <Function test_get_schema>
            Test schema generation
      <Module test_file_organizer.py>
        Tests for Windows File Organizer Plugin
        <Class TestWindowsFileOrganizerPlugin>
          Test suite for File Organizer Plugin
          <Coroutine test_initialization>
            Test plugin initialization
          <Coroutine test_organize_by_type_dry_run>
            Test organization by type (dry run)
          <Coroutine test_organize_by_type_execute>
            Test actual organization by type
          <Coroutine test_organize_by_date>
            Test organization by date
          <Coroutine test_organize_by_size>
            Test organization by size
          <Coroutine test_duplicate_detection>
            Test duplicate file detection
          <Coroutine test_invalid_directory>
            Test with invalid directory
          <Coroutine test_exclusions>
            Test file exclusions
          <Coroutine test_min_file_size>
            Test minimum file size filter
          <Function test_get_schema>
            Test schema generation
      <Module test_gemini_plugin.py>
        Tests for Google Gemini Plugin
        <Class TestGeminiPlugin>
          Test suite for Google Gemini plugin
          <Function test_plugin_initialization>
            Test plugin initializes correctly
          <Function test_plugin_without_api_key>
            Test plugin handles missing API key gracefully
          <Coroutine test_execute_without_genai_sdk>
            Test graceful handling when Google GenAI SDK not installed
          <Coroutine test_execute_without_api_key>
            Test execution fails gracefully without API key
          <Coroutine test_chat_action_mock>
            Test chat action with mocked Gemini client
          <Coroutine test_chat_with_system_instruction>
            Test chat action with system instruction
          <Coroutine test_vision_action_validation>
            Test vision action requires media
          <Coroutine test_vision_with_non_multimodal_model>
            Test vision action rejects non-multimodal models
          <Coroutine test_count_tokens_validation>
            Test count_tokens requires text
          <Coroutine test_count_tokens_mock>
            Test token counting with mocked Gemini client
          <Coroutine test_list_models_mock>
            Test listing available models
          <Function test_get_stats>
            Test usage statistics tracking
          <Function test_unknown_action>
            Test unknown action returns error
          <Function test_pricing_data>
            Test pricing data is properly configured
          <Function test_multimodal_models_list>
            Test multimodal models are correctly identified
          <Coroutine test_streaming_response>
            Test streaming response handling
      <Module test_ollama_enhanced.py>
        Tests for Ollama Enhanced Plugin
        <Class TestOllamaEnhancedPlugin>
          Test suite for Ollama Enhanced Plugin
          <Coroutine test_initialization>
            Test plugin initialization
          <Coroutine test_connect>
            Test connection to Ollama
          <Coroutine test_list_models>
            Test listing models
          <Coroutine test_chat>
            Test chat functionality
          <Coroutine test_benchmark_model>
            Test model benchmarking
          <Coroutine test_recommend_model>
            Test model recommendations
          <Function test_get_schema>
            Test schema generation
          <Function test_metadata>
            Test plugin metadata
      <Module test_openai_plugin.py>
        Tests for OpenAI Plugin
        <Class TestOpenAIPlugin>
          Test suite for OpenAI plugin
          <Function test_plugin_initialization>
            Test plugin initializes correctly
          <Function test_plugin_without_api_key>
            Test plugin handles missing API key gracefully
          <Coroutine test_execute_without_openai_sdk>
            Test graceful handling when OpenAI SDK not installed
          <Coroutine test_execute_without_api_key>
            Test execution fails gracefully without API key
          <Coroutine test_chat_action_mock>
            Test chat action with mocked OpenAI client
          <Coroutine test_vision_action_validation>
            Test vision action requires image
          <Coroutine test_image_generation_validation>
            Test image generation requires prompt
          <Coroutine test_embeddings_validation>
            Test embeddings require input text
          <Function test_get_stats>
            Test usage statistics tracking
          <Function test_unknown_action>
            Test unknown action returns error
          <Function test_pricing_data>
            Test pricing data is properly configured
      <Module test_windows_os_plugins.py>
        Comprehensive tests for Windows OS plugins
        Tests all 30 comprehensive Windows OS plugins
        <Function test_plugin_has_plugin_instance[windows_ai.plugins.builtin.windows_os.winrm_integration_plugin]>
          Test that each plugin module exports a plugin instance
        <Function test_plugin_has_plugin_instance[windows_ai.plugins.builtin.windows_os.windows_store_api_plugin]>
          Test that each plugin module exports a plugin instance
        <Function test_plugin_has_plugin_instance[windows_ai.plugins.builtin.windows_os.windows_performance_recorder_plugin]>
          Test that each plugin module exports a plugin instance
        <Function test_plugin_has_plugin_instance[windows_ai.plugins.builtin.windows_os.windows_subsystem_android_plugin]>
          Test that each plugin module exports a plugin instance
        <Function test_plugin_has_plugin_instance[windows_ai.plugins.builtin.windows_os.windows_search_plugin]>
          Test that each plugin module exports a plugin instance
        <Function test_plugin_has_plugin_instance[windows_ai.plugins.builtin.windows_os.windows_hello_plugin]>
          Test that each plugin module exports a plugin instance
        <Function test_plugin_has_plugin_instance[windows_ai.plugins.builtin.windows_os.windows_defender_plugin]>
          Test that each plugin module exports a plugin instance
        <Function test_plugin_has_plugin_instance[windows_ai.plugins.builtin.windows_os.windows_firewall_plugin]>
          Test that each plugin module exports a plugin instance
        <Function test_plugin_has_plugin_instance[windows_ai.plugins.builtin.windows_os.bitlocker_automation_plugin]>
          Test that each plugin module exports a plugin instance
        <Function test_plugin_has_plugin_instance[windows_ai.plugins.builtin.windows_os.diagnostic_data_telemetry_plugin]>
          Test that each plugin module exports a plugin instance
        <Function test_plugin_has_plugin_instance[windows_ai.plugins.builtin.windows_os.group_policy_automation_plugin]>
          Test that each plugin module exports a plugin instance
        <Function test_plugin_has_plugin_instance[windows_ai.plugins.builtin.windows_os.event_tracing_windows_plugin]>
          Test that each plugin module exports a plugin instance
        <Function test_plugin_has_plugin_instance[windows_ai.plugins.builtin.windows_os.bits_integration_plugin]>
          Test that each plugin module exports a plugin instance
        <Function test_plugin_has_plugin_instance[windows_ai.plugins.builtin.windows_os.windows_error_reporting_plugin]>
          Test that each plugin module exports a plugin instance
        <Function test_plugin_has_plugin_instance[windows_ai.plugins.builtin.windows_os.direct3d_integration_plugin]>
          Test that each plugin module exports a plugin instance
        <Function test_plugin_has_plugin_instance[windows_ai.plugins.builtin.windows_os.installer_hooks_plugin]>
          Test that each plugin module exports a plugin instance
        <Function test_plugin_has_plugin_instance[windows_ai.plugins.builtin.windows_os.cortana_replacement_plugin]>
          Test that each plugin module exports a plugin instance
        <Function test_plugin_has_plugin_instance[windows_ai.plugins.builtin.windows_os.active_directory_plugin]>
          Test that each plugin module exports a plugin instance
        <Function test_plugin_has_plugin_instance[windows_ai.plugins.builtin.windows_os.hyper_v_integration_plugin]>
          Test that each plugin module exports a plugin instance
        <Function test_plugin_has_plugin_instance[windows_ai.plugins.builtin.windows_os.windows_container_management_plugin]>
          Test that each plugin module exports a plugin instance
        <Function test_plugin_has_plugin_instance[windows_ai.plugins.builtin.windows_os.windows_sandbox_plugin]>
          Test that each plugin module exports a plugin instance
        <Function test_plugin_has_plugin_instance[windows_ai.plugins.builtin.windows_os.rdp_automation_plugin]>
          Test that each plugin module exports a plugin instance
        <Function test_plugin_has_plugin_instance[windows_ai.plugins.builtin.windows_os.uwp_app_automation_plugin]>
          Test that each plugin module exports a plugin instance
        <Function test_plugin_has_plugin_instance[windows_ai.plugins.builtin.windows_os.volume_shadow_copy_plugin]>
          Test that each plugin module exports a plugin instance
        <Function test_plugin_has_plugin_instance[windows_ai.plugins.builtin.windows_os.appx_manifest_plugin]>
          Test that each plugin module exports a plugin instance
        <Function test_plugin_has_plugin_instance[windows_ai.plugins.builtin.windows_os.msix_packaging_plugin]>
          Test that each plugin module exports a plugin instance
        <Function test_plugin_has_plugin_instance[windows_ai.plugins.builtin.windows_os.windows_terminal_plugin]>
          Test that each plugin module exports a plugin instance
        <Function test_plugin_has_plugin_instance[windows_ai.plugins.builtin.windows_os.windows_update_plugin]>
          Test that each plugin module exports a plugin instance
        <Function test_plugin_has_plugin_instance[windows_ai.plugins.builtin.windows_os.winget_automation_plugin]>
          Test that each plugin module exports a plugin instance
        <Function test_plugin_has_plugin_instance[windows_ai.plugins.builtin.windows_os.wsl2_integration_plugin]>
          Test that each plugin module exports a plugin instance
        <Function test_plugin_has_metadata[windows_ai.plugins.builtin.windows_os.winrm_integration_plugin]>
          Test that each plugin has metadata
        <Function test_plugin_has_metadata[windows_ai.plugins.builtin.windows_os.windows_store_api_plugin]>
          Test that each plugin has metadata
        <Function test_plugin_has_metadata[windows_ai.plugins.builtin.windows_os.windows_performance_recorder_plugin]>
          Test that each plugin has metadata
        <Function test_plugin_has_metadata[windows_ai.plugins.builtin.windows_os.windows_subsystem_android_plugin]>
          Test that each plugin has metadata
        <Function test_plugin_has_metadata[windows_ai.plugins.builtin.windows_os.windows_search_plugin]>
          Test that each plugin has metadata
        <Function test_plugin_has_metadata[windows_ai.plugins.builtin.windows_os.windows_hello_plugin]>
          Test that each plugin has metadata
        <Function test_plugin_has_metadata[windows_ai.plugins.builtin.windows_os.windows_defender_plugin]>
          Test that each plugin has metadata
        <Function test_plugin_has_metadata[windows_ai.plugins.builtin.windows_os.windows_firewall_plugin]>
          Test that each plugin has metadata
        <Function test_plugin_has_metadata[windows_ai.plugins.builtin.windows_os.bitlocker_automation_plugin]>
          Test that each plugin has metadata
        <Function test_plugin_has_metadata[windows_ai.plugins.builtin.windows_os.diagnostic_data_telemetry_plugin]>
          Test that each plugin has metadata
        <Function test_plugin_has_metadata[windows_ai.plugins.builtin.windows_os.group_policy_automation_plugin]>
          Test that each plugin has metadata
        <Function test_plugin_has_metadata[windows_ai.plugins.builtin.windows_os.event_tracing_windows_plugin]>
          Test that each plugin has metadata
        <Function test_plugin_has_metadata[windows_ai.plugins.builtin.windows_os.bits_integration_plugin]>
          Test that each plugin has metadata
        <Function test_plugin_has_metadata[windows_ai.plugins.builtin.windows_os.windows_error_reporting_plugin]>
          Test that each plugin has metadata
        <Function test_plugin_has_metadata[windows_ai.plugins.builtin.windows_os.direct3d_integration_plugin]>
          Test that each plugin has metadata
        <Function test_plugin_has_metadata[windows_ai.plugins.builtin.windows_os.installer_hooks_plugin]>
          Test that each plugin has metadata
        <Function test_plugin_has_metadata[windows_ai.plugins.builtin.windows_os.cortana_replacement_plugin]>
          Test that each plugin has metadata
        <Function test_plugin_has_metadata[windows_ai.plugins.builtin.windows_os.active_directory_plugin]>
          Test that each plugin has metadata
        <Function test_plugin_has_metadata[windows_ai.plugins.builtin.windows_os.hyper_v_integration_plugin]>
          Test that each plugin has metadata
        <Function test_plugin_has_metadata[windows_ai.plugins.builtin.windows_os.windows_container_management_plugin]>
          Test that each plugin has metadata
        <Function test_plugin_has_metadata[windows_ai.plugins.builtin.windows_os.windows_sandbox_plugin]>
          Test that each plugin has metadata
        <Function test_plugin_has_metadata[windows_ai.plugins.builtin.windows_os.rdp_automation_plugin]>
          Test that each plugin has metadata
        <Function test_plugin_has_metadata[windows_ai.plugins.builtin.windows_os.uwp_app_automation_plugin]>
          Test that each plugin has metadata
        <Function test_plugin_has_metadata[windows_ai.plugins.builtin.windows_os.volume_shadow_copy_plugin]>
          Test that each plugin has metadata
        <Function test_plugin_has_metadata[windows_ai.plugins.builtin.windows_os.appx_manifest_plugin]>
          Test that each plugin has metadata
        <Function test_plugin_has_metadata[windows_ai.plugins.builtin.windows_os.msix_packaging_plugin]>
          Test that each plugin has metadata
        <Function test_plugin_has_metadata[windows_ai.plugins.builtin.windows_os.windows_terminal_plugin]>
          Test that each plugin has metadata
        <Function test_plugin_has_metadata[windows_ai.plugins.builtin.windows_os.windows_update_plugin]>
          Test that each plugin has metadata
        <Function test_plugin_has_metadata[windows_ai.plugins.builtin.windows_os.winget_automation_plugin]>
          Test that each plugin has metadata
        <Function test_plugin_has_metadata[windows_ai.plugins.builtin.windows_os.wsl2_integration_plugin]>
          Test that each plugin has metadata
        <Function test_plugin_metadata_fields[windows_ai.plugins.builtin.windows_os.winrm_integration_plugin]>
          Test that plugin metadata has required fields
        <Function test_plugin_metadata_fields[windows_ai.plugins.builtin.windows_os.windows_store_api_plugin]>
          Test that plugin metadata has required fields
        <Function test_plugin_metadata_fields[windows_ai.plugins.builtin.windows_os.windows_performance_recorder_plugin]>
          Test that plugin metadata has required fields
        <Function test_plugin_metadata_fields[windows_ai.plugins.builtin.windows_os.windows_subsystem_android_plugin]>
          Test that plugin metadata has required fields
        <Function test_plugin_metadata_fields[windows_ai.plugins.builtin.windows_os.windows_search_plugin]>
          Test that plugin metadata has required fields
        <Function test_plugin_metadata_fields[windows_ai.plugins.builtin.windows_os.windows_hello_plugin]>
          Test that plugin metadata has required fields
        <Function test_plugin_metadata_fields[windows_ai.plugins.builtin.windows_os.windows_defender_plugin]>
          Test that plugin metadata has required fields
        <Function test_plugin_metadata_fields[windows_ai.plugins.builtin.windows_os.windows_firewall_plugin]>
          Test that plugin metadata has required fields
        <Function test_plugin_metadata_fields[windows_ai.plugins.builtin.windows_os.bitlocker_automation_plugin]>
          Test that plugin metadata has required fields
        <Function test_plugin_metadata_fields[windows_ai.plugins.builtin.windows_os.diagnostic_data_telemetry_plugin]>
          Test that plugin metadata has required fields
        <Function test_plugin_metadata_fields[windows_ai.plugins.builtin.windows_os.group_policy_automation_plugin]>
          Test that plugin metadata has required fields
        <Function test_plugin_metadata_fields[windows_ai.plugins.builtin.windows_os.event_tracing_windows_plugin]>
          Test that plugin metadata has required fields
        <Function test_plugin_metadata_fields[windows_ai.plugins.builtin.windows_os.bits_integration_plugin]>
          Test that plugin metadata has required fields
        <Function test_plugin_metadata_fields[windows_ai.plugins.builtin.windows_os.windows_error_reporting_plugin]>
          Test that plugin metadata has required fields
        <Function test_plugin_metadata_fields[windows_ai.plugins.builtin.windows_os.direct3d_integration_plugin]>
          Test that plugin metadata has required fields
        <Function test_plugin_metadata_fields[windows_ai.plugins.builtin.windows_os.installer_hooks_plugin]>
          Test that plugin metadata has required fields
        <Function test_plugin_metadata_fields[windows_ai.plugins.builtin.windows_os.cortana_replacement_plugin]>
          Test that plugin metadata has required fields
        <Function test_plugin_metadata_fields[windows_ai.plugins.builtin.windows_os.active_directory_plugin]>
          Test that plugin metadata has required fields
        <Function test_plugin_metadata_fields[windows_ai.plugins.builtin.windows_os.hyper_v_integration_plugin]>
          Test that plugin metadata has required fields
        <Function test_plugin_metadata_fields[windows_ai.plugins.builtin.windows_os.windows_container_management_plugin]>
          Test that plugin metadata has required fields
        <Function test_plugin_metadata_fields[windows_ai.plugins.builtin.windows_os.windows_sandbox_plugin]>
          Test that plugin metadata has required fields
        <Function test_plugin_metadata_fields[windows_ai.plugins.builtin.windows_os.rdp_automation_plugin]>
          Test that plugin metadata has required fields
        <Function test_plugin_metadata_fields[windows_ai.plugins.builtin.windows_os.uwp_app_automation_plugin]>
          Test that plugin metadata has required fields
        <Function test_plugin_metadata_fields[windows_ai.plugins.builtin.windows_os.volume_shadow_copy_plugin]>
          Test that plugin metadata has required fields
        <Function test_plugin_metadata_fields[windows_ai.plugins.builtin.windows_os.appx_manifest_plugin]>
          Test that plugin metadata has required fields
        <Function test_plugin_metadata_fields[windows_ai.plugins.builtin.windows_os.msix_packaging_plugin]>
          Test that plugin metadata has required fields
        <Function test_plugin_metadata_fields[windows_ai.plugins.builtin.windows_os.windows_terminal_plugin]>
          Test that plugin metadata has required fields
        <Function test_plugin_metadata_fields[windows_ai.plugins.builtin.windows_os.windows_update_plugin]>
          Test that plugin metadata has required fields
        <Function test_plugin_metadata_fields[windows_ai.plugins.builtin.windows_os.winget_automation_plugin]>
          Test that plugin metadata has required fields
        <Function test_plugin_metadata_fields[windows_ai.plugins.builtin.windows_os.wsl2_integration_plugin]>
          Test that plugin metadata has required fields
        <Function test_plugin_metadata_values[windows_ai.plugins.builtin.windows_os.winrm_integration_plugin]>
          Test that plugin metadata has valid values
        <Function test_plugin_metadata_values[windows_ai.plugins.builtin.windows_os.windows_store_api_plugin]>
          Test that plugin metadata has valid values
        <Function test_plugin_metadata_values[windows_ai.plugins.builtin.windows_os.windows_performance_recorder_plugin]>
          Test that plugin metadata has valid values
        <Function test_plugin_metadata_values[windows_ai.plugins.builtin.windows_os.windows_subsystem_android_plugin]>
          Test that plugin metadata has valid values
        <Function test_plugin_metadata_values[windows_ai.plugins.builtin.windows_os.windows_search_plugin]>
          Test that plugin metadata has valid values
        <Function test_plugin_metadata_values[windows_ai.plugins.builtin.windows_os.windows_hello_plugin]>
          Test that plugin metadata has valid values
        <Function test_plugin_metadata_values[windows_ai.plugins.builtin.windows_os.windows_defender_plugin]>
          Test that plugin metadata has valid values
        <Function test_plugin_metadata_values[windows_ai.plugins.builtin.windows_os.windows_firewall_plugin]>
          Test that plugin metadata has valid values
        <Function test_plugin_metadata_values[windows_ai.plugins.builtin.windows_os.bitlocker_automation_plugin]>
          Test that plugin metadata has valid values
        <Function test_plugin_metadata_values[windows_ai.plugins.builtin.windows_os.diagnostic_data_telemetry_plugin]>
          Test that plugin metadata has valid values
        <Function test_plugin_metadata_values[windows_ai.plugins.builtin.windows_os.group_policy_automation_plugin]>
          Test that plugin metadata has valid values
        <Function test_plugin_metadata_values[windows_ai.plugins.builtin.windows_os.event_tracing_windows_plugin]>
          Test that plugin metadata has valid values
        <Function test_plugin_metadata_values[windows_ai.plugins.builtin.windows_os.bits_integration_plugin]>
          Test that plugin metadata has valid values
        <Function test_plugin_metadata_values[windows_ai.plugins.builtin.windows_os.windows_error_reporting_plugin]>
          Test that plugin metadata has valid values
        <Function test_plugin_metadata_values[windows_ai.plugins.builtin.windows_os.direct3d_integration_plugin]>
          Test that plugin metadata has valid values
        <Function test_plugin_metadata_values[windows_ai.plugins.builtin.windows_os.installer_hooks_plugin]>
          Test that plugin metadata has valid values
        <Function test_plugin_metadata_values[windows_ai.plugins.builtin.windows_os.cortana_replacement_plugin]>
          Test that plugin metadata has valid values
        <Function test_plugin_metadata_values[windows_ai.plugins.builtin.windows_os.active_directory_plugin]>
          Test that plugin metadata has valid values
        <Function test_plugin_metadata_values[windows_ai.plugins.builtin.windows_os.hyper_v_integration_plugin]>
          Test that plugin metadata has valid values
        <Function test_plugin_metadata_values[windows_ai.plugins.builtin.windows_os.windows_container_management_plugin]>
          Test that plugin metadata has valid values
        <Function test_plugin_metadata_values[windows_ai.plugins.builtin.windows_os.windows_sandbox_plugin]>
          Test that plugin metadata has valid values
        <Function test_plugin_metadata_values[windows_ai.plugins.builtin.windows_os.rdp_automation_plugin]>
          Test that plugin metadata has valid values
        <Function test_plugin_metadata_values[windows_ai.plugins.builtin.windows_os.uwp_app_automation_plugin]>
          Test that plugin metadata has valid values
        <Function test_plugin_metadata_values[windows_ai.plugins.builtin.windows_os.volume_shadow_copy_plugin]>
          Test that plugin metadata has valid values
        <Function test_plugin_metadata_values[windows_ai.plugins.builtin.windows_os.appx_manifest_plugin]>
          Test that plugin metadata has valid values
        <Function test_plugin_metadata_values[windows_ai.plugins.builtin.windows_os.msix_packaging_plugin]>
          Test that plugin metadata has valid values
        <Function test_plugin_metadata_values[windows_ai.plugins.builtin.windows_os.windows_terminal_plugin]>
          Test that plugin metadata has valid values
        <Function test_plugin_metadata_values[windows_ai.plugins.builtin.windows_os.windows_update_plugin]>
          Test that plugin metadata has valid values
        <Function test_plugin_metadata_values[windows_ai.plugins.builtin.windows_os.winget_automation_plugin]>
          Test that plugin metadata has valid values
        <Function test_plugin_metadata_values[windows_ai.plugins.builtin.windows_os.wsl2_integration_plugin]>
          Test that plugin metadata has valid values
        <Function test_plugin_has_required_methods[windows_ai.plugins.builtin.windows_os.winrm_integration_plugin]>
          Test that each plugin has required methods
        <Function test_plugin_has_required_methods[windows_ai.plugins.builtin.windows_os.windows_store_api_plugin]>
          Test that each plugin has required methods
        <Function test_plugin_has_required_methods[windows_ai.plugins.builtin.windows_os.windows_performance_recorder_plugin]>
          Test that each plugin has required methods
        <Function test_plugin_has_required_methods[windows_ai.plugins.builtin.windows_os.windows_subsystem_android_plugin]>
          Test that each plugin has required methods
        <Function test_plugin_has_required_methods[windows_ai.plugins.builtin.windows_os.windows_search_plugin]>
          Test that each plugin has required methods
        <Function test_plugin_has_required_methods[windows_ai.plugins.builtin.windows_os.windows_hello_plugin]>
          Test that each plugin has required methods
        <Function test_plugin_has_required_methods[windows_ai.plugins.builtin.windows_os.windows_defender_plugin]>
          Test that each plugin has required methods
        <Function test_plugin_has_required_methods[windows_ai.plugins.builtin.windows_os.windows_firewall_plugin]>
          Test that each plugin has required methods
        <Function test_plugin_has_required_methods[windows_ai.plugins.builtin.windows_os.bitlocker_automation_plugin]>
          Test that each plugin has required methods
        <Function test_plugin_has_required_methods[windows_ai.plugins.builtin.windows_os.diagnostic_data_telemetry_plugin]>
          Test that each plugin has required methods
        <Function test_plugin_has_required_methods[windows_ai.plugins.builtin.windows_os.group_policy_automation_plugin]>
          Test that each plugin has required methods
        <Function test_plugin_has_required_methods[windows_ai.plugins.builtin.windows_os.event_tracing_windows_plugin]>
          Test that each plugin has required methods
        <Function test_plugin_has_required_methods[windows_ai.plugins.builtin.windows_os.bits_integration_plugin]>
          Test that each plugin has required methods
        <Function test_plugin_has_required_methods[windows_ai.plugins.builtin.windows_os.windows_error_reporting_plugin]>
          Test that each plugin has required methods
        <Function test_plugin_has_required_methods[windows_ai.plugins.builtin.windows_os.direct3d_integration_plugin]>
          Test that each plugin has required methods
        <Function test_plugin_has_required_methods[windows_ai.plugins.builtin.windows_os.installer_hooks_plugin]>
          Test that each plugin has required methods
        <Function test_plugin_has_required_methods[windows_ai.plugins.builtin.windows_os.cortana_replacement_plugin]>
          Test that each plugin has required methods
        <Function test_plugin_has_required_methods[windows_ai.plugins.builtin.windows_os.active_directory_plugin]>
          Test that each plugin has required methods
        <Function test_plugin_has_required_methods[windows_ai.plugins.builtin.windows_os.hyper_v_integration_plugin]>
          Test that each plugin has required methods
        <Function test_plugin_has_required_methods[windows_ai.plugins.builtin.windows_os.windows_container_management_plugin]>
          Test that each plugin has required methods
        <Function test_plugin_has_required_methods[windows_ai.plugins.builtin.windows_os.windows_sandbox_plugin]>
          Test that each plugin has required methods
        <Function test_plugin_has_required_methods[windows_ai.plugins.builtin.windows_os.rdp_automation_plugin]>
          Test that each plugin has required methods
        <Function test_plugin_has_required_methods[windows_ai.plugins.builtin.windows_os.uwp_app_automation_plugin]>
          Test that each plugin has required methods
        <Function test_plugin_has_required_methods[windows_ai.plugins.builtin.windows_os.volume_shadow_copy_plugin]>
          Test that each plugin has required methods
        <Function test_plugin_has_required_methods[windows_ai.plugins.builtin.windows_os.appx_manifest_plugin]>
          Test that each plugin has required methods
        <Function test_plugin_has_required_methods[windows_ai.plugins.builtin.windows_os.msix_packaging_plugin]>
          Test that each plugin has required methods
        <Function test_plugin_has_required_methods[windows_ai.plugins.builtin.windows_os.windows_terminal_plugin]>
          Test that each plugin has required methods
        <Function test_plugin_has_required_methods[windows_ai.plugins.builtin.windows_os.windows_update_plugin]>
          Test that each plugin has required methods
        <Function test_plugin_has_required_methods[windows_ai.plugins.builtin.windows_os.winget_automation_plugin]>
          Test that each plugin has required methods
        <Function test_plugin_has_required_methods[windows_ai.plugins.builtin.windows_os.wsl2_integration_plugin]>
          Test that each plugin has required methods
        <Function test_plugin_get_schema_returns_dict[windows_ai.plugins.builtin.windows_os.winrm_integration_plugin]>
          Test that get_schema returns a dictionary
        <Function test_plugin_get_schema_returns_dict[windows_ai.plugins.builtin.windows_os.windows_store_api_plugin]>
          Test that get_schema returns a dictionary
        <Function test_plugin_get_schema_returns_dict[windows_ai.plugins.builtin.windows_os.windows_performance_recorder_plugin]>
          Test that get_schema returns a dictionary
        <Function test_plugin_get_schema_returns_dict[windows_ai.plugins.builtin.windows_os.windows_subsystem_android_plugin]>
          Test that get_schema returns a dictionary
        <Function test_plugin_get_schema_returns_dict[windows_ai.plugins.builtin.windows_os.windows_search_plugin]>
          Test that get_schema returns a dictionary
        <Function test_plugin_get_schema_returns_dict[windows_ai.plugins.builtin.windows_os.windows_hello_plugin]>
          Test that get_schema returns a dictionary
        <Function test_plugin_get_schema_returns_dict[windows_ai.plugins.builtin.windows_os.windows_defender_plugin]>
          Test that get_schema returns a dictionary
        <Function test_plugin_get_schema_returns_dict[windows_ai.plugins.builtin.windows_os.windows_firewall_plugin]>
          Test that get_schema returns a dictionary
        <Function test_plugin_get_schema_returns_dict[windows_ai.plugins.builtin.windows_os.bitlocker_automation_plugin]>
          Test that get_schema returns a dictionary
        <Function test_plugin_get_schema_returns_dict[windows_ai.plugins.builtin.windows_os.diagnostic_data_telemetry_plugin]>
          Test that get_schema returns a dictionary
        <Function test_plugin_get_schema_returns_dict[windows_ai.plugins.builtin.windows_os.group_policy_automation_plugin]>
          Test that get_schema returns a dictionary
        <Function test_plugin_get_schema_returns_dict[windows_ai.plugins.builtin.windows_os.event_tracing_windows_plugin]>
          Test that get_schema returns a dictionary
        <Function test_plugin_get_schema_returns_dict[windows_ai.plugins.builtin.windows_os.bits_integration_plugin]>
          Test that get_schema returns a dictionary
        <Function test_plugin_get_schema_returns_dict[windows_ai.plugins.builtin.windows_os.windows_error_reporting_plugin]>
          Test that get_schema returns a dictionary
        <Function test_plugin_get_schema_returns_dict[windows_ai.plugins.builtin.windows_os.direct3d_integration_plugin]>
          Test that get_schema returns a dictionary
        <Function test_plugin_get_schema_returns_dict[windows_ai.plugins.builtin.windows_os.installer_hooks_plugin]>
          Test that get_schema returns a dictionary
        <Function test_plugin_get_schema_returns_dict[windows_ai.plugins.builtin.windows_os.cortana_replacement_plugin]>
          Test that get_schema returns a dictionary
        <Function test_plugin_get_schema_returns_dict[windows_ai.plugins.builtin.windows_os.active_directory_plugin]>
          Test that get_schema returns a dictionary
        <Function test_plugin_get_schema_returns_dict[windows_ai.plugins.builtin.windows_os.hyper_v_integration_plugin]>
          Test that get_schema returns a dictionary
        <Function test_plugin_get_schema_returns_dict[windows_ai.plugins.builtin.windows_os.windows_container_management_plugin]>
          Test that get_schema returns a dictionary
        <Function test_plugin_get_schema_returns_dict[windows_ai.plugins.builtin.windows_os.windows_sandbox_plugin]>
          Test that get_schema returns a dictionary
        <Function test_plugin_get_schema_returns_dict[windows_ai.plugins.builtin.windows_os.rdp_automation_plugin]>
          Test that get_schema returns a dictionary
        <Function test_plugin_get_schema_returns_dict[windows_ai.plugins.builtin.windows_os.uwp_app_automation_plugin]>
          Test that get_schema returns a dictionary
        <Function test_plugin_get_schema_returns_dict[windows_ai.plugins.builtin.windows_os.volume_shadow_copy_plugin]>
          Test that get_schema returns a dictionary
        <Function test_plugin_get_schema_returns_dict[windows_ai.plugins.builtin.windows_os.appx_manifest_plugin]>
          Test that get_schema returns a dictionary
        <Function test_plugin_get_schema_returns_dict[windows_ai.plugins.builtin.windows_os.msix_packaging_plugin]>
          Test that get_schema returns a dictionary
        <Function test_plugin_get_schema_returns_dict[windows_ai.plugins.builtin.windows_os.windows_terminal_plugin]>
          Test that get_schema returns a dictionary
        <Function test_plugin_get_schema_returns_dict[windows_ai.plugins.builtin.windows_os.windows_update_plugin]>
          Test that get_schema returns a dictionary
        <Function test_plugin_get_schema_returns_dict[windows_ai.plugins.builtin.windows_os.winget_automation_plugin]>
          Test that get_schema returns a dictionary
        <Function test_plugin_get_schema_returns_dict[windows_ai.plugins.builtin.windows_os.wsl2_integration_plugin]>
          Test that get_schema returns a dictionary
        <Coroutine test_plugin_initialize[windows_ai.plugins.builtin.windows_os.winrm_integration_plugin]>
          Test that plugin can be initialized
        <Coroutine test_plugin_initialize[windows_ai.plugins.builtin.windows_os.windows_store_api_plugin]>
          Test that plugin can be initialized
        <Coroutine test_plugin_initialize[windows_ai.plugins.builtin.windows_os.windows_performance_recorder_plugin]>
          Test that plugin can be initialized
        <Coroutine test_plugin_initialize[windows_ai.plugins.builtin.windows_os.windows_subsystem_android_plugin]>
          Test that plugin can be initialized
        <Coroutine test_plugin_initialize[windows_ai.plugins.builtin.windows_os.windows_search_plugin]>
          Test that plugin can be initialized
        <Coroutine test_plugin_initialize[windows_ai.plugins.builtin.windows_os.windows_hello_plugin]>
          Test that plugin can be initialized
        <Coroutine test_plugin_initialize[windows_ai.plugins.builtin.windows_os.windows_defender_plugin]>
          Test that plugin can be initialized
        <Coroutine test_plugin_initialize[windows_ai.plugins.builtin.windows_os.windows_firewall_plugin]>
          Test that plugin can be initialized
        <Coroutine test_plugin_initialize[windows_ai.plugins.builtin.windows_os.bitlocker_automation_plugin]>
          Test that plugin can be initialized
        <Coroutine test_plugin_initialize[windows_ai.plugins.builtin.windows_os.diagnostic_data_telemetry_plugin]>
          Test that plugin can be initialized
        <Coroutine test_plugin_initialize[windows_ai.plugins.builtin.windows_os.group_policy_automation_plugin]>
          Test that plugin can be initialized
        <Coroutine test_plugin_initialize[windows_ai.plugins.builtin.windows_os.event_tracing_windows_plugin]>
          Test that plugin can be initialized
        <Coroutine test_plugin_initialize[windows_ai.plugins.builtin.windows_os.bits_integration_plugin]>
          Test that plugin can be initialized
        <Coroutine test_plugin_initialize[windows_ai.plugins.builtin.windows_os.windows_error_reporting_plugin]>
          Test that plugin can be initialized
        <Coroutine test_plugin_initialize[windows_ai.plugins.builtin.windows_os.direct3d_integration_plugin]>
          Test that plugin can be initialized
        <Coroutine test_plugin_initialize[windows_ai.plugins.builtin.windows_os.installer_hooks_plugin]>
          Test that plugin can be initialized
        <Coroutine test_plugin_initialize[windows_ai.plugins.builtin.windows_os.cortana_replacement_plugin]>
          Test that plugin can be initialized
        <Coroutine test_plugin_initialize[windows_ai.plugins.builtin.windows_os.active_directory_plugin]>
          Test that plugin can be initialized
        <Coroutine test_plugin_initialize[windows_ai.plugins.builtin.windows_os.hyper_v_integration_plugin]>
          Test that plugin can be initialized
        <Coroutine test_plugin_initialize[windows_ai.plugins.builtin.windows_os.windows_container_management_plugin]>
          Test that plugin can be initialized
        <Coroutine test_plugin_initialize[windows_ai.plugins.builtin.windows_os.windows_sandbox_plugin]>
          Test that plugin can be initialized
        <Coroutine test_plugin_initialize[windows_ai.plugins.builtin.windows_os.rdp_automation_plugin]>
          Test that plugin can be initialized
        <Coroutine test_plugin_initialize[windows_ai.plugins.builtin.windows_os.uwp_app_automation_plugin]>
          Test that plugin can be initialized
        <Coroutine test_plugin_initialize[windows_ai.plugins.builtin.windows_os.volume_shadow_copy_plugin]>
          Test that plugin can be initialized
        <Coroutine test_plugin_initialize[windows_ai.plugins.builtin.windows_os.appx_manifest_plugin]>
          Test that plugin can be initialized
        <Coroutine test_plugin_initialize[windows_ai.plugins.builtin.windows_os.msix_packaging_plugin]>
          Test that plugin can be initialized
        <Coroutine test_plugin_initialize[windows_ai.plugins.builtin.windows_os.windows_terminal_plugin]>
          Test that plugin can be initialized
        <Coroutine test_plugin_initialize[windows_ai.plugins.builtin.windows_os.windows_update_plugin]>
          Test that plugin can be initialized
        <Coroutine test_plugin_initialize[windows_ai.plugins.builtin.windows_os.winget_automation_plugin]>
          Test that plugin can be initialized
        <Coroutine test_plugin_initialize[windows_ai.plugins.builtin.windows_os.wsl2_integration_plugin]>
          Test that plugin can be initialized
        <Coroutine test_plugin_connect[windows_ai.plugins.builtin.windows_os.winrm_integration_plugin]>
          Test that plugin can connect
        <Coroutine test_plugin_connect[windows_ai.plugins.builtin.windows_os.windows_store_api_plugin]>
          Test that plugin can connect
        <Coroutine test_plugin_connect[windows_ai.plugins.builtin.windows_os.windows_performance_recorder_plugin]>
          Test that plugin can connect
        <Coroutine test_plugin_connect[windows_ai.plugins.builtin.windows_os.windows_subsystem_android_plugin]>
          Test that plugin can connect
        <Coroutine test_plugin_connect[windows_ai.plugins.builtin.windows_os.windows_search_plugin]>
          Test that plugin can connect
        <Coroutine test_plugin_connect[windows_ai.plugins.builtin.windows_os.windows_hello_plugin]>
          Test that plugin can connect
        <Coroutine test_plugin_connect[windows_ai.plugins.builtin.windows_os.windows_defender_plugin]>
          Test that plugin can connect
        <Coroutine test_plugin_connect[windows_ai.plugins.builtin.windows_os.windows_firewall_plugin]>
          Test that plugin can connect
        <Coroutine test_plugin_connect[windows_ai.plugins.builtin.windows_os.bitlocker_automation_plugin]>
          Test that plugin can connect
        <Coroutine test_plugin_connect[windows_ai.plugins.builtin.windows_os.diagnostic_data_telemetry_plugin]>
          Test that plugin can connect
        <Coroutine test_plugin_connect[windows_ai.plugins.builtin.windows_os.group_policy_automation_plugin]>
          Test that plugin can connect
        <Coroutine test_plugin_connect[windows_ai.plugins.builtin.windows_os.event_tracing_windows_plugin]>
          Test that plugin can connect
        <Coroutine test_plugin_connect[windows_ai.plugins.builtin.windows_os.bits_integration_plugin]>
          Test that plugin can connect
        <Coroutine test_plugin_connect[windows_ai.plugins.builtin.windows_os.windows_error_reporting_plugin]>
          Test that plugin can connect
        <Coroutine test_plugin_connect[windows_ai.plugins.builtin.windows_os.direct3d_integration_plugin]>
          Test that plugin can connect
        <Coroutine test_plugin_connect[windows_ai.plugins.builtin.windows_os.installer_hooks_plugin]>
          Test that plugin can connect
        <Coroutine test_plugin_connect[windows_ai.plugins.builtin.windows_os.cortana_replacement_plugin]>
          Test that plugin can connect
        <Coroutine test_plugin_connect[windows_ai.plugins.builtin.windows_os.active_directory_plugin]>
          Test that plugin can connect
        <Coroutine test_plugin_connect[windows_ai.plugins.builtin.windows_os.hyper_v_integration_plugin]>
          Test that plugin can connect
        <Coroutine test_plugin_connect[windows_ai.plugins.builtin.windows_os.windows_container_management_plugin]>
          Test that plugin can connect
        <Coroutine test_plugin_connect[windows_ai.plugins.builtin.windows_os.windows_sandbox_plugin]>
          Test that plugin can connect
        <Coroutine test_plugin_connect[windows_ai.plugins.builtin.windows_os.rdp_automation_plugin]>
          Test that plugin can connect
        <Coroutine test_plugin_connect[windows_ai.plugins.builtin.windows_os.uwp_app_automation_plugin]>
          Test that plugin can connect
        <Coroutine test_plugin_connect[windows_ai.plugins.builtin.windows_os.volume_shadow_copy_plugin]>
          Test that plugin can connect
        <Coroutine test_plugin_connect[windows_ai.plugins.builtin.windows_os.appx_manifest_plugin]>
          Test that plugin can connect
        <Coroutine test_plugin_connect[windows_ai.plugins.builtin.windows_os.msix_packaging_plugin]>
          Test that plugin can connect
        <Coroutine test_plugin_connect[windows_ai.plugins.builtin.windows_os.windows_terminal_plugin]>
          Test that plugin can connect
        <Coroutine test_plugin_connect[windows_ai.plugins.builtin.windows_os.windows_update_plugin]>
          Test that plugin can connect
        <Coroutine test_plugin_connect[windows_ai.plugins.builtin.windows_os.winget_automation_plugin]>
          Test that plugin can connect
        <Coroutine test_plugin_connect[windows_ai.plugins.builtin.windows_os.wsl2_integration_plugin]>
          Test that plugin can connect
        <Coroutine test_plugin_disconnect[windows_ai.plugins.builtin.windows_os.winrm_integration_plugin]>
          Test that plugin can disconnect
        <Coroutine test_plugin_disconnect[windows_ai.plugins.builtin.windows_os.windows_store_api_plugin]>
          Test that plugin can disconnect
        <Coroutine test_plugin_disconnect[windows_ai.plugins.builtin.windows_os.windows_performance_recorder_plugin]>
          Test that plugin can disconnect
        <Coroutine test_plugin_disconnect[windows_ai.plugins.builtin.windows_os.windows_subsystem_android_plugin]>
          Test that plugin can disconnect
        <Coroutine test_plugin_disconnect[windows_ai.plugins.builtin.windows_os.windows_search_plugin]>
          Test that plugin can disconnect
        <Coroutine test_plugin_disconnect[windows_ai.plugins.builtin.windows_os.windows_hello_plugin]>
          Test that plugin can disconnect
        <Coroutine test_plugin_disconnect[windows_ai.plugins.builtin.windows_os.windows_defender_plugin]>
          Test that plugin can disconnect
        <Coroutine test_plugin_disconnect[windows_ai.plugins.builtin.windows_os.windows_firewall_plugin]>
          Test that plugin can disconnect
        <Coroutine test_plugin_disconnect[windows_ai.plugins.builtin.windows_os.bitlocker_automation_plugin]>
          Test that plugin can disconnect
        <Coroutine test_plugin_disconnect[windows_ai.plugins.builtin.windows_os.diagnostic_data_telemetry_plugin]>
          Test that plugin can disconnect
        <Coroutine test_plugin_disconnect[windows_ai.plugins.builtin.windows_os.group_policy_automation_plugin]>
          Test that plugin can disconnect
        <Coroutine test_plugin_disconnect[windows_ai.plugins.builtin.windows_os.event_tracing_windows_plugin]>
          Test that plugin can disconnect
        <Coroutine test_plugin_disconnect[windows_ai.plugins.builtin.windows_os.bits_integration_plugin]>
          Test that plugin can disconnect
        <Coroutine test_plugin_disconnect[windows_ai.plugins.builtin.windows_os.windows_error_reporting_plugin]>
          Test that plugin can disconnect
        <Coroutine test_plugin_disconnect[windows_ai.plugins.builtin.windows_os.direct3d_integration_plugin]>
          Test that plugin can disconnect
        <Coroutine test_plugin_disconnect[windows_ai.plugins.builtin.windows_os.installer_hooks_plugin]>
          Test that plugin can disconnect
        <Coroutine test_plugin_disconnect[windows_ai.plugins.builtin.windows_os.cortana_replacement_plugin]>
          Test that plugin can disconnect
        <Coroutine test_plugin_disconnect[windows_ai.plugins.builtin.windows_os.active_directory_plugin]>
          Test that plugin can disconnect
        <Coroutine test_plugin_disconnect[windows_ai.plugins.builtin.windows_os.hyper_v_integration_plugin]>
          Test that plugin can disconnect
        <Coroutine test_plugin_disconnect[windows_ai.plugins.builtin.windows_os.windows_container_management_plugin]>
          Test that plugin can disconnect
        <Coroutine test_plugin_disconnect[windows_ai.plugins.builtin.windows_os.windows_sandbox_plugin]>
          Test that plugin can disconnect
        <Coroutine test_plugin_disconnect[windows_ai.plugins.builtin.windows_os.rdp_automation_plugin]>
          Test that plugin can disconnect
        <Coroutine test_plugin_disconnect[windows_ai.plugins.builtin.windows_os.uwp_app_automation_plugin]>
          Test that plugin can disconnect
        <Coroutine test_plugin_disconnect[windows_ai.plugins.builtin.windows_os.volume_shadow_copy_plugin]>
          Test that plugin can disconnect
        <Coroutine test_plugin_disconnect[windows_ai.plugins.builtin.windows_os.appx_manifest_plugin]>
          Test that plugin can disconnect
        <Coroutine test_plugin_disconnect[windows_ai.plugins.builtin.windows_os.msix_packaging_plugin]>
          Test that plugin can disconnect
        <Coroutine test_plugin_disconnect[windows_ai.plugins.builtin.windows_os.windows_terminal_plugin]>
          Test that plugin can disconnect
        <Coroutine test_plugin_disconnect[windows_ai.plugins.builtin.windows_os.windows_update_plugin]>
          Test that plugin can disconnect
        <Coroutine test_plugin_disconnect[windows_ai.plugins.builtin.windows_os.winget_automation_plugin]>
          Test that plugin can disconnect
        <Coroutine test_plugin_disconnect[windows_ai.plugins.builtin.windows_os.wsl2_integration_plugin]>
          Test that plugin can disconnect
        <Coroutine test_plugin_shutdown[windows_ai.plugins.builtin.windows_os.winrm_integration_plugin]>
          Test that plugin can shutdown
        <Coroutine test_plugin_shutdown[windows_ai.plugins.builtin.windows_os.windows_store_api_plugin]>
          Test that plugin can shutdown
        <Coroutine test_plugin_shutdown[windows_ai.plugins.builtin.windows_os.windows_performance_recorder_plugin]>
          Test that plugin can shutdown
        <Coroutine test_plugin_shutdown[windows_ai.plugins.builtin.windows_os.windows_subsystem_android_plugin]>
          Test that plugin can shutdown
        <Coroutine test_plugin_shutdown[windows_ai.plugins.builtin.windows_os.windows_search_plugin]>
          Test that plugin can shutdown
        <Coroutine test_plugin_shutdown[windows_ai.plugins.builtin.windows_os.windows_hello_plugin]>
          Test that plugin can shutdown
        <Coroutine test_plugin_shutdown[windows_ai.plugins.builtin.windows_os.windows_defender_plugin]>
          Test that plugin can shutdown
        <Coroutine test_plugin_shutdown[windows_ai.plugins.builtin.windows_os.windows_firewall_plugin]>
          Test that plugin can shutdown
        <Coroutine test_plugin_shutdown[windows_ai.plugins.builtin.windows_os.bitlocker_automation_plugin]>
          Test that plugin can shutdown
        <Coroutine test_plugin_shutdown[windows_ai.plugins.builtin.windows_os.diagnostic_data_telemetry_plugin]>
          Test that plugin can shutdown
        <Coroutine test_plugin_shutdown[windows_ai.plugins.builtin.windows_os.group_policy_automation_plugin]>
          Test that plugin can shutdown
        <Coroutine test_plugin_shutdown[windows_ai.plugins.builtin.windows_os.event_tracing_windows_plugin]>
          Test that plugin can shutdown
        <Coroutine test_plugin_shutdown[windows_ai.plugins.builtin.windows_os.bits_integration_plugin]>
          Test that plugin can shutdown
        <Coroutine test_plugin_shutdown[windows_ai.plugins.builtin.windows_os.windows_error_reporting_plugin]>
          Test that plugin can shutdown
        <Coroutine test_plugin_shutdown[windows_ai.plugins.builtin.windows_os.direct3d_integration_plugin]>
          Test that plugin can shutdown
        <Coroutine test_plugin_shutdown[windows_ai.plugins.builtin.windows_os.installer_hooks_plugin]>
          Test that plugin can shutdown
        <Coroutine test_plugin_shutdown[windows_ai.plugins.builtin.windows_os.cortana_replacement_plugin]>
          Test that plugin can shutdown
        <Coroutine test_plugin_shutdown[windows_ai.plugins.builtin.windows_os.active_directory_plugin]>
          Test that plugin can shutdown
        <Coroutine test_plugin_shutdown[windows_ai.plugins.builtin.windows_os.hyper_v_integration_plugin]>
          Test that plugin can shutdown
        <Coroutine test_plugin_shutdown[windows_ai.plugins.builtin.windows_os.windows_container_management_plugin]>
          Test that plugin can shutdown
        <Coroutine test_plugin_shutdown[windows_ai.plugins.builtin.windows_os.windows_sandbox_plugin]>
          Test that plugin can shutdown
        <Coroutine test_plugin_shutdown[windows_ai.plugins.builtin.windows_os.rdp_automation_plugin]>
          Test that plugin can shutdown
        <Coroutine test_plugin_shutdown[windows_ai.plugins.builtin.windows_os.uwp_app_automation_plugin]>
          Test that plugin can shutdown
        <Coroutine test_plugin_shutdown[windows_ai.plugins.builtin.windows_os.volume_shadow_copy_plugin]>
          Test that plugin can shutdown
        <Coroutine test_plugin_shutdown[windows_ai.plugins.builtin.windows_os.appx_manifest_plugin]>
          Test that plugin can shutdown
        <Coroutine test_plugin_shutdown[windows_ai.plugins.builtin.windows_os.msix_packaging_plugin]>
          Test that plugin can shutdown
        <Coroutine test_plugin_shutdown[windows_ai.plugins.builtin.windows_os.windows_terminal_plugin]>
          Test that plugin can shutdown
        <Coroutine test_plugin_shutdown[windows_ai.plugins.builtin.windows_os.windows_update_plugin]>
          Test that plugin can shutdown
        <Coroutine test_plugin_shutdown[windows_ai.plugins.builtin.windows_os.winget_automation_plugin]>
          Test that plugin can shutdown
        <Coroutine test_plugin_shutdown[windows_ai.plugins.builtin.windows_os.wsl2_integration_plugin]>
          Test that plugin can shutdown
        <Coroutine test_plugin_execute_requires_connection[windows_ai.plugins.builtin.windows_os.winrm_integration_plugin]>
          Test that execute requires connection
        <Coroutine test_plugin_execute_requires_connection[windows_ai.plugins.builtin.windows_os.windows_store_api_plugin]>
          Test that execute requires connection
        <Coroutine test_plugin_execute_requires_connection[windows_ai.plugins.builtin.windows_os.windows_performance_recorder_plugin]>
          Test that execute requires connection
        <Coroutine test_plugin_execute_requires_connection[windows_ai.plugins.builtin.windows_os.windows_subsystem_android_plugin]>
          Test that execute requires connection
        <Coroutine test_plugin_execute_requires_connection[windows_ai.plugins.builtin.windows_os.windows_search_plugin]>
          Test that execute requires connection
        <Coroutine test_plugin_execute_requires_connection[windows_ai.plugins.builtin.windows_os.windows_hello_plugin]>
          Test that execute requires connection
        <Coroutine test_plugin_execute_requires_connection[windows_ai.plugins.builtin.windows_os.windows_defender_plugin]>
          Test that execute requires connection
        <Coroutine test_plugin_execute_requires_connection[windows_ai.plugins.builtin.windows_os.windows_firewall_plugin]>
          Test that execute requires connection
        <Coroutine test_plugin_execute_requires_connection[windows_ai.plugins.builtin.windows_os.bitlocker_automation_plugin]>
          Test that execute requires connection
        <Coroutine test_plugin_execute_requires_connection[windows_ai.plugins.builtin.windows_os.diagnostic_data_telemetry_plugin]>
          Test that execute requires connection
        <Coroutine test_plugin_execute_requires_connection[windows_ai.plugins.builtin.windows_os.group_policy_automation_plugin]>
          Test that execute requires connection
        <Coroutine test_plugin_execute_requires_connection[windows_ai.plugins.builtin.windows_os.event_tracing_windows_plugin]>
          Test that execute requires connection
        <Coroutine test_plugin_execute_requires_connection[windows_ai.plugins.builtin.windows_os.bits_integration_plugin]>
          Test that execute requires connection
        <Coroutine test_plugin_execute_requires_connection[windows_ai.plugins.builtin.windows_os.windows_error_reporting_plugin]>
          Test that execute requires connection
        <Coroutine test_plugin_execute_requires_connection[windows_ai.plugins.builtin.windows_os.direct3d_integration_plugin]>
          Test that execute requires connection
        <Coroutine test_plugin_execute_requires_connection[windows_ai.plugins.builtin.windows_os.installer_hooks_plugin]>
          Test that execute requires connection
        <Coroutine test_plugin_execute_requires_connection[windows_ai.plugins.builtin.windows_os.cortana_replacement_plugin]>
          Test that execute requires connection
        <Coroutine test_plugin_execute_requires_connection[windows_ai.plugins.builtin.windows_os.active_directory_plugin]>
          Test that execute requires connection
        <Coroutine test_plugin_execute_requires_connection[windows_ai.plugins.builtin.windows_os.hyper_v_integration_plugin]>
          Test that execute requires connection
        <Coroutine test_plugin_execute_requires_connection[windows_ai.plugins.builtin.windows_os.windows_container_management_plugin]>
          Test that execute requires connection
        <Coroutine test_plugin_execute_requires_connection[windows_ai.plugins.builtin.windows_os.windows_sandbox_plugin]>
          Test that execute requires connection
        <Coroutine test_plugin_execute_requires_connection[windows_ai.plugins.builtin.windows_os.rdp_automation_plugin]>
          Test that execute requires connection
        <Coroutine test_plugin_execute_requires_connection[windows_ai.plugins.builtin.windows_os.uwp_app_automation_plugin]>
          Test that execute requires connection
        <Coroutine test_plugin_execute_requires_connection[windows_ai.plugins.builtin.windows_os.volume_shadow_copy_plugin]>
          Test that execute requires connection
        <Coroutine test_plugin_execute_requires_connection[windows_ai.plugins.builtin.windows_os.appx_manifest_plugin]>
          Test that execute requires connection
        <Coroutine test_plugin_execute_requires_connection[windows_ai.plugins.builtin.windows_os.msix_packaging_plugin]>
          Test that execute requires connection
        <Coroutine test_plugin_execute_requires_connection[windows_ai.plugins.builtin.windows_os.windows_terminal_plugin]>
          Test that execute requires connection
        <Coroutine test_plugin_execute_requires_connection[windows_ai.plugins.builtin.windows_os.windows_update_plugin]>
          Test that execute requires connection
        <Coroutine test_plugin_execute_requires_connection[windows_ai.plugins.builtin.windows_os.winget_automation_plugin]>
          Test that execute requires connection
        <Coroutine test_plugin_execute_requires_connection[windows_ai.plugins.builtin.windows_os.wsl2_integration_plugin]>
          Test that execute requires connection
        <Coroutine test_critical_plugins_execute[windows_ai.plugins.builtin.windows_os.windows_search_plugin]>
          Integration test for critical plugins
        <Coroutine test_critical_plugins_execute[windows_ai.plugins.builtin.windows_os.windows_defender_plugin]>
          Integration test for critical plugins
        <Coroutine test_critical_plugins_execute[windows_ai.plugins.builtin.windows_os.windows_firewall_plugin]>
          Integration test for critical plugins
        <Coroutine test_critical_plugins_execute[windows_ai.plugins.builtin.windows_os.windows_update_plugin]>
          Integration test for critical plugins
        <Function test_winrm_plugin_session_management>
          Test WinRM plugin has session management
        <Function test_wpr_plugin_recordings_management>
          Test Performance Recorder plugin has recordings management
        <Function test_wsa_plugin_adb_path>
          Test WSA plugin has ADB path management
        <Function test_all_plugins_have_connected_flag>
          Test that all plugins have a connected flag
        <Function test_plugin_count>
          Test that we have all 30 Windows OS plugins
        <Coroutine test_plugin_lifecycle>
          Test complete plugin lifecycle
    <Package rag>
      <Module test_document_processor.py>
        Tests for document processing
        <Class TestFileReader>
          Test file reading functionality
          <Function test_detect_file_type>
            Test file type detection
          <Function test_read_txt_file>
            Test reading text files
          <Function test_read_json_file>
            Test reading JSON files
          <Function test_read_csv_file>
            Test reading CSV files
        <Class TestTextChunker>
          Test text chunking strategies
          <Function test_fixed_size_chunking>
            Test fixed size chunking
          <Function test_semantic_chunking>
            Test semantic chunking
          <Function test_sentence_chunking>
            Test sentence-based chunking
          <Function test_paragraph_chunking>
            Test paragraph chunking
          <Function test_sliding_window_chunking>
            Test sliding window chunking
        <Class TestDocumentProcessor>
          Test document processor
          <Function test_processor_initialization>
            Test processor initialization
          <Function test_process_txt_file>
            Test processing text file
          <Function test_metadata_extraction>
            Test metadata extraction
          <Function test_directory_processing>
            Test processing directory
        <Class TestChunkConfig>
          Test chunk configuration
          <Function test_default_config>
            Test default configuration
          <Function test_custom_config>
            Test custom configuration
      <Module test_embeddings.py>
        Tests for embedding generation
        <Class TestEmbeddingCache>
          Test embedding cache functionality
          <Function test_cache_creation>
            Test cache creation
          <Function test_cache_set_get>
            Test cache set and get operations
          <Function test_cache_miss>
            Test cache miss
          <Function test_cache_clear>
            Test cache clearing
        <Class TestEmbeddingModels>
          Test embedding model functionality
          <Coroutine test_openai_embedding_single>
            Test OpenAI single text embedding
          <Coroutine test_openai_embedding_batch>
            Test OpenAI batch embedding
          <Coroutine test_embedding_caching>
            Test that embeddings are cached
          <Function test_dimension_validation>
            Test embedding dimension validation
        <Class TestEmbeddingProviders>
          Test different embedding providers
          <Function test_provider_selection>
            Test provider selection
          <Function test_config_creation>
            Test embedding config creation
      <Module test_rag_engine.py>
        Tests for RAG engine
        <Class TestReranker>
          Test re-ranking algorithms
          <Function test_mmr_rerank>
            Test MMR re-ranking
        <Class TestContextBuilder>
          Test context building
          <Function test_build_context>
            Test context building from results
          <Function test_build_context_token_limit>
            Test context building with token limits
        <Class TestRAGConfig>
          Test RAG configuration
          <Function test_default_config>
            Test default configuration
          <Function test_custom_config>
            Test custom configuration
        <Class TestRAGEngine>
          Test RAG engine functionality
          <Function test_rag_engine_initialization>
            Test RAG engine initialization
          <Coroutine test_index_documents>
            Test indexing documents
          <Coroutine test_retrieve>
            Test document retrieval
        <Class TestRetrievalResult>
          Test retrieval result dataclass
          <Function test_retrieval_result_creation>
            Test creating retrieval result
    <Dir search>
      <Module test_engine.py>
        <Function test_combines_local_and_remote>
          Search results merge local index with remote APIs.
        <Function test_local_index_only>
    <Package security>
      <Module test_agent_security.py>
        Security Tests for Windows AI Agent System
        Tests agent execution security, task isolation, and multi-agent coordination security.
        <Class TestAgentIsolation>
          Test agent isolation and sandboxing
          <Coroutine test_agent_memory_isolation>
            Agents should have isolated memory spaces
          <Coroutine test_agent_cannot_modify_other_agents>
            Agents should not be able to modify other agents
          <Coroutine test_agent_plugin_access_restricted>
            Agents should only access plugins they're authorized for
        <Class TestTaskValidation>
          Test task input validation and sanitization
          <Coroutine test_task_description_sanitized>
            Task descriptions should be sanitized
          <Coroutine test_task_parameters_validated>
            Task parameters should be validated
          <Function test_task_priority_enforced>
            Task priority should be enforced
        <Class TestResourceLimits>
          Test resource limit enforcement
          <Coroutine test_agent_cpu_limit>
            Agent CPU usage should be limited
          <Coroutine test_agent_memory_limit>
            Agent memory usage should be limited
          <Coroutine test_task_timeout_enforced>
            Tasks should timeout after max duration
          <Coroutine test_concurrent_task_limit>
            Agent should limit concurrent tasks
        <Class TestAgentAuth>
          Test agent authentication and authorization
          <Coroutine test_agent_requires_authentication>
            Agents should require authentication token
          <Coroutine test_agent_capability_authorization>
            Agents should only perform authorized capabilities
          <Coroutine test_agent_cannot_escalate_privileges>
            Agents should not be able to escalate their privileges
        <Class TestInterAgentSecurity>
          Test security of agent-to-agent communication
          <Coroutine test_agent_messages_authenticated>
            Messages between agents should be authenticated
          <Coroutine test_agent_message_tampering_detected>
            Tampered messages should be detected and rejected
          <Coroutine test_agent_message_replay_prevented>
            Message replay attacks should be prevented
        <Class TestTaskDependencySecurity>
          Test security of task dependencies
          <Coroutine test_circular_dependency_prevented>
            Circular task dependencies should be prevented
          <Coroutine test_dependency_chain_depth_limited>
            Task dependency chains should have depth limit
        <Class TestAgentAuditLogging>
          Test agent audit logging
          <Coroutine test_agent_creation_logged>
            Agent creation should be logged
          <Coroutine test_task_execution_logged>
            Task executions should be logged with details
          <Coroutine test_security_violations_logged>
            Security violations should be prominently logged
        <Class TestAgentStateSecurity>
          Test agent state management security
          <Coroutine test_agent_state_not_leaked>
            Agent internal state should not be exposed
          <Coroutine test_agent_state_serialization_safe>
            Agent state serialization should be safe
        <Class TestErrorHandlingSecurity>
          Test secure error handling
          <Coroutine test_errors_dont_leak_internals>
            Error messages should not leak internal details
          <Coroutine test_exception_handling_secure>
            Exception handling should be secure
      <Module test_api_security.py>
        Windows AI - API Security Tests
        Comprehensive security tests for REST API endpoints.
        
        All tests marked with @pytest.mark.critical - these tests BLOCK merges.
        <Class TestAPISecurityHeaders>
          Test that API returns proper security headers.
          <Function test_security_headers_present>
            Test that security headers are set on all responses.
            
            Required Headers:
            - X-Content-Type-Options: nosniff
            - X-Frame-Options: DENY
            - X-XSS-Protection: 1; mode=block
            - Strict-Transport-Security: max-age=31536000
            - Content-Security-Policy
          <Function test_cors_configuration>
            Test that CORS is properly configured.
            
            Security Requirement:
            - CORS should only allow trusted origins
            - Wildcard (*) should not be used in production
        <Class TestAPIAuthenticationFlows>
          Test various authentication flows and edge cases.
          <Function test_login_with_valid_credentials>
            Test successful login returns valid token.
          <Function test_login_with_invalid_credentials>
            Test login with wrong credentials fails.
          <Function test_login_rate_limiting>
            Test that failed login attempts are rate-limited.
            
            Security Requirement:
            - Failed logins should trigger rate limiting
            - Prevents brute force attacks
          <Function test_token_expiration>
            Test that tokens expire after specified time.
            
            Security Requirement:
            - Tokens must have expiration time
            - Expired tokens must be rejected
          <Function test_token_refresh>
            Test token refresh mechanism.
        <Class TestAPIAuthorizationRoles>
          Test role-based authorization.
          <Function test_admin_only_endpoints>
            Test that admin-only endpoints reject non-admin users.
            
            Admin-only endpoints:
            - /api/admin/users
            - /api/admin/config
            - /api/admin/logs
          <Function test_user_resource_ownership>
            Test that users can only modify their own resources.
            
            Security Requirement:
            - Users cannot modify other users' plugins/agents/tasks
            - Ownership must be validated on all modifications
        <Class TestAPIInputSanitization>
          Test input sanitization and validation.
          <Function test_sql_injection_in_query_params>
            Test SQL injection prevention in query parameters.
          <Function test_xss_in_post_data>
            Test XSS prevention in POST data.
          <Function test_path_traversal_in_file_operations>
            Test path traversal prevention in file operations.
          <Function test_command_injection_in_agent_tasks>
            Test command injection prevention in agent tasks.
          <Function test_json_payload_validation>
            Test that JSON payloads are validated.
        <Class TestAPIDataExposure>
          Test that API doesn't expose sensitive data.
          <Function test_error_messages_no_sensitive_data>
            Test that error messages don't leak sensitive information.
            
            Security Requirement:
            - Error messages should not contain:
              - Stack traces
              - Database queries
              - File paths
              - Internal IP addresses
          <Function test_user_enumeration_prevention>
            Test that API doesn't allow user enumeration.
            
            Security Requirement:
            - Login endpoint should not reveal if username exists
            - Same error message for invalid username and invalid password
          <Function test_api_version_disclosure>
            Test that API doesn't disclose unnecessary version information.
      <Module test_critical_security.py>
        Windows AI - Critical Security Tests
        Tests for plugin manager security, agent execution security, and API authentication.
        
        Per Testing Strategy (docs/TESTING_STRATEGY_ASSESSMENT.md):
        - Plugin Manager Security: CRITICAL PRIORITY (Blocks merge)
        - Agent Task Execution Security: HIGH PRIORITY
        - API Authentication/Authorization: HIGH PRIORITY
        
        All tests marked with @pytest.mark.critical - these tests BLOCK merges.
        <Class TestPluginManagerSecurity>
          Critical security tests for plugin manager (BLOCKS MERGE).
          <Function test_plugin_code_injection_prevention>
            CRITICAL: Test that plugin manager prevents code injection attacks.
            
            Security Requirement:
            - Plugin code must be validated before execution
            - Dangerous operations must be blocked (file deletion, command execution)
            - Sandbox must prevent access to system files
          <Function test_plugin_path_traversal_prevention>
            CRITICAL: Test that plugin manager prevents path traversal attacks.
            
            Security Requirement:
            - Plugin cannot access files outside its sandbox directory
            - Path traversal attempts (../, ../../, etc.) must be blocked
          <Function test_plugin_import_restrictions>
            CRITICAL: Test that plugins cannot import dangerous modules.
            
            Security Requirement:
            - Plugins must not import: os, subprocess, sys, __import__, eval, exec
            - Attempts to import restricted modules must be blocked
          <Function test_plugin_resource_limits>
            CRITICAL: Test that plugins have resource limits (CPU, memory, time).
            
            Security Requirement:
            - Plugins must have CPU time limits (prevent infinite loops)
            - Plugins must have memory limits (prevent memory bombs)
            - Plugins must have execution time limits (prevent hanging)
          <Function test_plugin_network_access_control>
            CRITICAL: Test that plugin network access is controlled.
            
            Security Requirement:
            - Plugins cannot make arbitrary network connections
            - Only whitelisted domains/IPs allowed
            - Network access must be explicitly granted per plugin
          <Function test_plugin_signature_verification>
            CRITICAL: Test that plugins must be signed by trusted source.
            
            Security Requirement:
            - All plugins must have valid cryptographic signature
            - Signature must be from trusted certificate authority
            - Unsigned or tampered plugins must be rejected
          <Function test_plugin_permission_model>
            CRITICAL: Test plugin permission model.
            
            Security Requirement:
            - Plugins must declare required permissions upfront
            - User must approve permissions before plugin loads
            - Permissions cannot be escalated after approval
          <Function test_plugin_sandbox_isolation>
            CRITICAL: Test that plugins are fully sandboxed from each other.
            
            Security Requirement:
            - Plugin A cannot access Plugin B's memory/data
            - Each plugin has isolated namespace
            - No shared global state between plugins
        <Class TestAgentExecutionSecurity>
          Security tests for agent task execution.
          <Coroutine test_agent_command_injection_prevention>
            HIGH PRIORITY: Test that agents cannot execute arbitrary commands.
            
            Security Requirement:
            - Agent tasks must not allow command injection
            - Shell commands must be validated/sanitized
            - System calls must be restricted
          <Coroutine test_agent_task_validation>
            HIGH PRIORITY: Test that agent tasks are validated.
            
            Security Requirement:
            - All task parameters must be validated
            - Task types must be whitelisted
            - Invalid/malformed tasks must be rejected
          <Coroutine test_agent_resource_limits>
            HIGH PRIORITY: Test that agents have resource limits.
            
            Security Requirement:
            - Agents must have CPU time limits
            - Agents must have memory limits
            - Agents must have task queue size limits
          <Coroutine test_agent_privilege_escalation_prevention>
            HIGH PRIORITY: Test that agents cannot escalate privileges.
            
            Security Requirement:
            - Agents run with minimal privileges
            - Agents cannot elevate to admin/root
            - Privilege requests must be explicitly approved
        <Class TestAPIAuthSecurity>
          Security tests for API authentication and authorization.
          <Function test_api_requires_authentication>
            HIGH PRIORITY: Test that API endpoints require authentication.
            
            Security Requirement:
            - All API endpoints (except public ones) require auth token
            - Requests without valid token must return 401 Unauthorized
          <Function test_api_token_validation>
            HIGH PRIORITY: Test that API validates tokens correctly.
            
            Security Requirement:
            - Invalid tokens must be rejected
            - Expired tokens must be rejected
            - Tampered tokens must be rejected
          <Function test_api_authorization_enforcement>
            HIGH PRIORITY: Test that API enforces authorization (roles/permissions).
            
            Security Requirement:
            - Users can only access resources they're authorized for
            - Admin-only endpoints require admin role
            - Resource owners can only modify their own resources
          <Function test_api_rate_limiting>
            HIGH PRIORITY: Test that API has rate limiting.
            
            Security Requirement:
            - API must have rate limits per IP/user
            - Excessive requests must return 429 Too Many Requests
            - Rate limits prevent DoS attacks
          <Function test_api_sql_injection_prevention>
            HIGH PRIORITY: Test that API prevents SQL injection.
            
            Security Requirement:
            - All database queries must use parameterized queries
            - User input must be sanitized
            - SQL injection attempts must fail safely
          <Function test_api_xss_prevention>
            HIGH PRIORITY: Test that API prevents XSS attacks.
            
            Security Requirement:
            - All user input must be escaped in responses
            - HTML/JavaScript in input must not execute
            - Content-Type headers must be set correctly
        <Class TestInputValidation>
          Security tests for input validation across all entry points.
          <Function test_path_traversal_prevention>
            HIGH PRIORITY: Test that path inputs prevent traversal.
            
            Security Requirement:
            - File paths must be validated
            - ../ and absolute paths must be rejected
            - Paths must stay within allowed directories
          <Function test_command_injection_prevention>
            HIGH PRIORITY: Test that command inputs prevent injection.
            
            Security Requirement:
            - Shell commands must be validated
            - Special characters must be escaped
            - Command chaining must be prevented
          <Function test_file_upload_validation>
            HIGH PRIORITY: Test that file uploads are validated.
            
            Security Requirement:
            - File types must be whitelisted
            - File sizes must be limited
            - File content must be scanned for malware
        <Class TestCryptographySecurity>
          Security tests for cryptography and secrets management.
          <Function test_api_keys_not_in_code>
            HIGH PRIORITY: Test that API keys are not hardcoded.
            
            Security Requirement:
            - API keys must be in environment variables or secure storage
            - No hardcoded credentials in source code
          <Function test_password_hashing>
            HIGH PRIORITY: Test that passwords are hashed correctly.
            
            Security Requirement:
            - Passwords must be hashed with strong algorithm (bcrypt, argon2)
            - Passwords must have salt
            - Plain text passwords must never be stored
          <Function test_sensitive_data_encryption>
            HIGH PRIORITY: Test that sensitive data is encrypted at rest.
            
            Security Requirement:
            - Sensitive data must be encrypted in database
            - Encryption keys must be securely stored
            - Data must be encrypted with strong algorithm (AES-256)
      <Module test_injection.py>
        SQL Injection and Command Injection Tests
        Tests for OWASP Top 10 #1 - Injection vulnerabilities
        <Class TestSQLInjection>
          Test protection against SQL injection
          <Function test_sql_injection_in_chat[' OR '1'='1]>
            Test that SQL injection attempts in chat are handled safely
          <Function test_sql_injection_in_chat['; DROP TABLE users--]>
            Test that SQL injection attempts in chat are handled safely
          <Function test_sql_injection_in_chat[' UNION SELECT * FROM users--]>
            Test that SQL injection attempts in chat are handled safely
          <Function test_sql_injection_in_chat[admin'--]>
            Test that SQL injection attempts in chat are handled safely
          <Function test_sql_injection_in_chat[1' AND '1'='1]>
            Test that SQL injection attempts in chat are handled safely
        <Class TestCommandInjection>
          Test protection against command injection
          <Function test_command_injection_prevention[; ls -la]>
            Test that command injection attempts are blocked
          <Function test_command_injection_prevention[| cat /etc/passwd]>
            Test that command injection attempts are blocked
          <Function test_command_injection_prevention[&& rm -rf /]>
            Test that command injection attempts are blocked
          <Function test_command_injection_prevention[`whoami`]>
            Test that command injection attempts are blocked
          <Function test_command_injection_prevention[$(cat /etc/passwd)]>
            Test that command injection attempts are blocked
          <Function test_command_injection_prevention[; ping -c 10 evil.com]>
            Test that command injection attempts are blocked
        <Class TestPathTraversal>
          Test protection against path traversal attacks
          <Function test_path_traversal_in_file_operations[../../../etc/passwd]>
            Test that path traversal attempts are blocked
          <Function test_path_traversal_in_file_operations[..\\..\\..\\Windows\\System32\\config\\SAM]>
            Test that path traversal attempts are blocked
          <Function test_path_traversal_in_file_operations[....//....//....//etc/passwd]>
            Test that path traversal attempts are blocked
          <Function test_path_traversal_in_file_operations[/etc/passwd]>
            Test that path traversal attempts are blocked
          <Function test_path_traversal_in_file_operations[C:\\Windows\\System32\\config\\SAM]>
            Test that path traversal attempts are blocked
        <Class TestXSSPrevention>
          Test protection against XSS attacks
          <Function test_xss_in_chat_messages[<script>alert('XSS')</script>]>
            Test that XSS attempts are sanitized
          <Function test_xss_in_chat_messages[<img src=x onerror=alert('XSS')>]>
            Test that XSS attempts are sanitized
          <Function test_xss_in_chat_messages[<svg onload=alert('XSS')>]>
            Test that XSS attempts are sanitized
          <Function test_xss_in_chat_messages[javascript:alert('XSS')]>
            Test that XSS attempts are sanitized
          <Function test_xss_in_chat_messages[<iframe src='javascript:alert("XSS")'></iframe>]>
            Test that XSS attempts are sanitized
        <Class TestLDAPInjection>
          Test protection against LDAP injection (if applicable)
          <Function test_ldap_injection_prevention[*)(uid=*))(|(uid=*]>
            Test LDAP injection protection
          <Function test_ldap_injection_prevention[admin)(|(password=*))]>
            Test LDAP injection protection
          <Function test_ldap_injection_prevention[*)(objectClass=*]>
            Test LDAP injection protection
      <Module test_plugin_security.py>
        Security Tests for Windows AI Plugin Manager
        Tests security controls, sandbox isolation, input validation, and threat prevention.
        <Class TestInputValidation>
          Test input validation and sanitization
          <Coroutine test_plugin_name_validation>
            Plugin names should be validated
          <Coroutine test_plugin_params_validation>
            Plugin parameters should be validated
          <Function test_plugin_metadata_validation>
            Plugin metadata should be validated
        <Class TestSandboxIsolation>
          Test sandbox security and isolation
          <Coroutine test_filesystem_isolation>
            Plugins should not access filesystem outside sandbox
          <Coroutine test_network_isolation>
            Test network access restrictions
          <Coroutine test_memory_limits>
            Plugins should have memory limits
          <Coroutine test_timeout_enforcement>
            Plugin execution should timeout
        <Class TestCodeInjectionPrevention>
          Test prevention of code injection attacks
          <Coroutine test_command_injection>
            Prevent command injection through parameters
          <Coroutine test_sql_injection>
            Prevent SQL injection through parameters
          <Function test_import_restrictions>
            Test that dangerous imports are blocked
        <Class TestAPIKeySecurity>
          Test API key storage and handling security
          <Function test_api_keys_not_in_logs>
            API keys should not appear in logs
          <Function test_api_keys_encrypted_at_rest>
            API keys should be encrypted when stored
          <Function test_api_key_environment_isolation>
            API keys in environment should be isolated
        <Class TestDependencySecurity>
          Test security of plugin dependencies
          <Function test_dependency_versions_pinned>
            Plugin dependencies should have pinned versions
          <Function test_no_malicious_dependencies>
            Test for known malicious dependencies
        <Class TestRateLimiting>
          Test rate limiting and DOS prevention
          <Coroutine test_plugin_execution_rate_limit>
            Plugin executions should be rate limited
          <Coroutine test_concurrent_execution_limits>
            Concurrent plugin executions should be limited
        <Class TestAuditLogging>
          Test security audit logging
          <Coroutine test_plugin_execution_logged>
            All plugin executions should be logged
          <Function test_security_events_logged>
            Security events should be logged
        <Class TestPluginSignatures>
          Test plugin signature verification
          <Function test_unsigned_plugins_rejected>
            Unsigned plugins should be rejected in production
          <Function test_invalid_signature_rejected>
            Plugins with invalid signatures should be rejected
        <Class TestPermissionSystem>
          Test plugin permission system
          <Coroutine test_plugins_require_permissions>
            Plugins should declare and require permissions
          <Coroutine test_permission_escalation_prevented>
            Plugins should not be able to escalate permissions
    <Module test_agent_lifecycle.py>
      <Function test_registration_and_execution>
    <Module test_agenthub.py>
      <Function test_custom_urls>
      <Function test_action_service_unreachable>
      <Function test_proxy_service_unreachable>
      <Function test_action_service_http_error>
      <Function test_proxy_service_http_error>
    <Module test_api_endpoints.py>
      Comprehensive API endpoint tests for Windows AI
      Tests FastAPI REST API endpoints
      <Function test_health_endpoint>
        Test /health endpoint
      <Function test_root_endpoint>
        Test root / endpoint
      <Function test_list_plugins_endpoint>
        Test GET /api/v1/plugins endpoint
      <Function test_get_plugin_endpoint>
        Test GET /api/v1/plugins/{id} endpoint
      <Function test_get_nonexistent_plugin>
        Test GET /api/v1/plugins/{id} with invalid ID
      <Function test_list_models_endpoint>
        Test GET /api/v1/models endpoint
      <Function test_chat_endpoint>
        Test POST /api/v1/chat endpoint
      <Function test_chat_endpoint_missing_message>
        Test chat endpoint with missing message
      <Function test_execute_plugin_endpoint>
        Test POST /api/v1/plugins/{id}/execute endpoint
      <Function test_list_conversations_endpoint>
        Test GET /api/v1/conversations endpoint
      <Function test_search_plugins_endpoint>
        Test GET /api/v1/plugins/search endpoint
      <Function test_cors_headers>
        Test CORS headers are set correctly
      <Function test_api_documentation_endpoint>
        Test /docs endpoint exists
      <Function test_openapi_json_endpoint>
        Test /openapi.json endpoint
      <Function test_rate_limiting>
        Test rate limiting on endpoints
      <Function test_plugin_filtering_by_type>
        Test filtering plugins by type
      <Function test_setup_wizard_status>
        Test GET /api/v1/setup/status endpoint
      <Function test_credentials_list_endpoint>
        Test GET /api/v1/credentials endpoint
      <Function test_invalid_endpoint>
        Test calling invalid endpoint returns 404
      <Function test_invalid_method>
        Test using wrong HTTP method
      <Function test_json_content_type>
        Test API returns JSON content type
      <Function test_large_payload_handling>
        Test API handles large payloads
      <Function test_concurrent_requests>
        Test API handles concurrent requests
      <Coroutine test_streaming_chat_endpoint>
        Test streaming chat endpoint
      <Function test_plugin_capabilities_endpoint>
        Test getting plugin capabilities
      <Function test_system_info_endpoint>
        Test system information endpoint
    <Module test_audio_processing.py>
      Tests for the audio processing utilities.
      <Function test_processing_path[2-local-local transcript]>
        Verify that audio is routed locally or remotely based on duration.
      <Function test_processing_path[10-remote-remote transcript]>
        Verify that audio is routed locally or remotely based on duration.
    <Module test_backends_toggle.py>
      <Function test_context_menu_toggle>
    <Module test_chat_ui_accessibility.py>
      <Function test_voice_and_alt_input_hooks>
    <Module test_chat_ui_plugins.py>
      <Function test_chat_ui_lists_registered_plugins>
    <Module test_control_center_backends.py>
      <Function test_backends_importable>
      <Function test_session_manager_generates_session_id>
    <Module test_control_center_gui.py>
      <Function test_headless_import>
      <Function test_gui_launches_with_tkinter>
      <Function test_snapshot_buttons_invoke_snapshot>
    <Module test_core_system.py>
      Comprehensive tests for core Windows AI system components
      Tests orchestrator, plugin manager, credential manager, and auto setup
      <Coroutine test_orchestrator_initialization>
        Test WindowsAI orchestrator initializes correctly
      <Coroutine test_orchestrator_with_custom_config>
        Test orchestrator accepts custom configuration
      <Coroutine test_orchestrator_auto_detect_api_keys>
        Test API key detection from environment
      <Coroutine test_orchestrator_detect_multiple_api_keys>
        Test detection of multiple API keys
      <Coroutine test_orchestrator_list_capabilities>
        Test listing all capabilities
      <Coroutine test_plugin_manager_initialization>
        Test PluginManager initializes correctly
      <Coroutine test_plugin_manager_load_all_plugins>
        Test loading all builtin plugins
      <Coroutine test_plugin_manager_get_plugin_by_id>
        Test retrieving specific plugin by ID
      <Coroutine test_plugin_manager_list_plugins_by_type>
        Test filtering plugins by type
      <Coroutine test_plugin_manager_search_plugins>
        Test searching plugins by query
      <Coroutine test_orchestrator_plugin_integration>
        Test orchestrator and plugin manager integration
      <Coroutine test_orchestrator_manager_initialization>
        Test that orchestrator initializes all managers
      <Function test_plugin_metadata_creation>
        Test PluginMetadata can be created correctly
      <Coroutine test_plugin_base_class>
        Test Plugin base class functionality
      <Coroutine test_full_system_initialization>
        Test complete system initialization flow
      <Coroutine test_orchestrator_graceful_degradation>
        Test that orchestrator handles missing dependencies gracefully
      <Coroutine test_orchestrator_config_merging>
        Test that custom config merges with defaults
      <Coroutine test_plugin_manager_plugin_lifecycle>
        Test complete plugin lifecycle
      <Coroutine test_orchestrator_handles_invalid_config>
        Test orchestrator handles invalid configuration gracefully
      <Coroutine test_multiple_orchestrators_isolation>
        Test that multiple orchestrators don't interfere with each other
    <Module test_docs_build.py>
      <Function test_markdown_files_parse>
    <Module test_eco_monitor.py>
      <Function test_sample_returns_power_info>
      <Function test_schedule_uses_scheduler>
    <Module test_eco_scheduler.py>
      <Function test_next_run_in_off_peak>
      <Function test_next_run_before_window>
      <Function test_next_run_after_window>
      <Function test_overlapping_windows>
      <Function test_cross_midnight_windows>
      <Function test_cross_midnight_overlapping_windows>
    <Module test_explorer_ai.py>
      <Function test_suggest_cleanup_records_prompt>
      <Function test_suggest_cleanup_missing_file>
    <Module test_gui_installer.py>
      <Function test_auto_model_selection>
      <Function test_manual_mode>
      <Function test_advanced_configuration>
      <Function test_parse_float_valid>
      <Function test_parse_float_invalid>
      <Function test_apply_config_valid>
      <Function test_apply_config_invalid>
    <Module test_input_manager.py>
      <Function test_register_and_unregister_callbacks>
    <Module test_installer_gui_cancel.py>
      <Function test_cancel_install>
    <Module test_integration_managers.py>
      Comprehensive tests for integration managers
      Tests all 43+ integration managers for Windows AI
      <Coroutine test_ai_providers_manager_initialization>
        Test AIProvidersManager initializes correctly
      <Coroutine test_ai_providers_manager_list_providers>
        Test listing all AI providers
      <Coroutine test_image_generation_manager_initialization>
        Test ImageGenerationManager initializes correctly
      <Coroutine test_image_generation_manager_list_providers>
        Test listing image generation providers
      <Coroutine test_audio_speech_manager_initialization>
        Test AudioSpeechManager initializes correctly
      <Coroutine test_video_generation_manager_initialization>
        Test VideoGenerationManager initializes correctly
      <Coroutine test_music_generation_manager_initialization>
        Test MusicGenerationManager initializes correctly
      <Coroutine test_document_processing_manager>
        Test DocumentProcessingManager
      <Coroutine test_windows_automation_manager>
        Test WindowsAutomationManager
      <Coroutine test_browser_automation_manager>
        Test BrowserAutomationManager
      <Coroutine test_productivity_manager>
        Test ProductivityManager
      <Coroutine test_data_analysis_manager>
        Test DataAnalysisManager
      <Coroutine test_code_assistants_manager>
        Test CodeAssistantsManager
      <Coroutine test_translation_manager>
        Test TranslationManager
      <Coroutine test_search_engines_manager>
        Test SearchEnginesManager
      <Coroutine test_knowledge_graph_manager>
        Test KnowledgeGraphManager
      <Coroutine test_threed_generation_manager>
        Test ThreeDGenerationManager
      <Coroutine test_embeddings_manager>
        Test EmbeddingsManager
      <Coroutine test_vector_stores_manager>
        Test VectorStoresManager
      <Coroutine test_workflow_automation_manager>
        Test WorkflowAutomationManager
      <Coroutine test_email_services_manager>
        Test EmailServicesManager
      <Coroutine test_notifications_manager>
        Test NotificationsManager
      <Coroutine test_cloud_storage_manager>
        Test CloudStorageManager
      <Coroutine test_database_manager>
        Test DatabaseManager
      <Coroutine test_monitoring_manager>
        Test MonitoringManager
      <Coroutine test_ai_agents_manager>
        Test AIAgentsManager
      <Coroutine test_security_scanning_manager>
        Test SecurityScanningManager
      <Coroutine test_content_moderation_manager>
        Test ContentModerationManager
      <Coroutine test_rag_pipeline_manager>
        Test RAGPipelineManager
      <Coroutine test_mlops_manager>
        Test MLOpsManager
      <Coroutine test_payments_manager>
        Test PaymentsManager
      <Coroutine test_social_media_manager>
        Test SocialMediaManager
      <Coroutine test_scheduling_manager>
        Test SchedulingManager
      <Coroutine test_crm_manager>
        Test CRMManager
      <Coroutine test_iot_hardware_manager>
        Test IoTHardwareManager
      <Coroutine test_computer_vision_manager>
        Test ComputerVisionManager
      <Coroutine test_healthcare_ai_manager>
        Test HealthcareAIManager
      <Coroutine test_legal_ai_manager>
        Test LegalAIManager
      <Coroutine test_education_ai_manager>
        Test EducationAIManager
      <Coroutine test_finance_ai_manager>
        Test FinanceAIManager
      <Coroutine test_scientific_ai_manager>
        Test ScientificAIManager
      <Coroutine test_accessibility_ai_manager>
        Test AccessibilityAIManager
      <Coroutine test_real_estate_ai_manager>
        Test RealEstateAIManager
      <Coroutine test_gaming_ai_manager>
        Test GamingAIManager
      <Coroutine test_conversational_ai_manager>
        Test ConversationalAIManager
      <Coroutine test_automation_robotics_manager>
        Test AutomationRoboticsManager
      <Coroutine test_biometrics_identity_manager>
        Test BiometricsIdentityManager
      <Coroutine test_all_managers_can_initialize>
        Test that all 43+ managers can initialize without errors
      <Coroutine test_managers_have_proper_structure>
        Test that all managers follow the standard structure
    <Module test_manager_interface.py>
      Test that all managers have required methods
      <Function test_manager_interface>
        Verify all managers have required async methods
    <Module test_mesh_connection.py>
      <Function test_node_discovery_and_task_distribution>
    <Module test_mesh_reconnect.py>
      Tests for MeshNode reconnection and hub pruning.
Traceback (most recent call last):
  File "<frozen runpy>", line 198, in _run_module_as_main
  File "<frozen runpy>", line 88, in _run_code
  File "C:\Users\antho\AppData\Local\Packages\PythonSoftwareFoundation.Python.3.12_qbz5n2kfra8p0\LocalCache\local-packages\Python312\site-packages\pytest\__main__.py", line 9, in <module>
    raise SystemExit(pytest.console_main())
                     ^^^^^^^^^^^^^^^^^^^^^
  File "C:\Users\antho\AppData\Local\Packages\PythonSoftwareFoundation.Python.3.12_qbz5n2kfra8p0\LocalCache\local-packages\Python312\site-packages\_pytest\config\__init__.py", line 201, in console_main
    code = main()
           ^^^^^^
  File "C:\Users\antho\AppData\Local\Packages\PythonSoftwareFoundation.Python.3.12_qbz5n2kfra8p0\LocalCache\local-packages\Python312\site-packages\_pytest\config\__init__.py", line 175, in main
    ret: ExitCode | int = config.hook.pytest_cmdline_main(config=config)
                          ^^^^^^^^^^^^^^^^^^^^^^^^^^^^^^^^^^^^^^^^^^^^^^
  File "C:\Users\antho\AppData\Local\Packages\PythonSoftwareFoundation.Python.3.12_qbz5n2kfra8p0\LocalCache\local-packages\Python312\site-packages\pluggy\_hooks.py", line 512, in __call__
    return self._hookexec(self.name, self._hookimpls.copy(), kwargs, firstresult)
           ^^^^^^^^^^^^^^^^^^^^^^^^^^^^^^^^^^^^^^^^^^^^^^^^^^^^^^^^^^^^^^^^^^^^^^
  File "C:\Users\antho\AppData\Local\Packages\PythonSoftwareFoundation.Python.3.12_qbz5n2kfra8p0\LocalCache\local-packages\Python312\site-packages\pluggy\_manager.py", line 120, in _hookexec
    return self._inner_hookexec(hook_name, methods, kwargs, firstresult)
           ^^^^^^^^^^^^^^^^^^^^^^^^^^^^^^^^^^^^^^^^^^^^^^^^^^^^^^^^^^^^^
  File "C:\Users\antho\AppData\Local\Packages\PythonSoftwareFoundation.Python.3.12_qbz5n2kfra8p0\LocalCache\local-packages\Python312\site-packages\pluggy\_callers.py", line 167, in _multicall
    raise exception
  File "C:\Users\antho\AppData\Local\Packages\PythonSoftwareFoundation.Python.3.12_qbz5n2kfra8p0\LocalCache\local-packages\Python312\site-packages\pluggy\_callers.py", line 121, in _multicall
    res = hook_impl.function(*args)
          ^^^^^^^^^^^^^^^^^^^^^^^^^
  File "C:\Users\antho\AppData\Local\Packages\PythonSoftwareFoundation.Python.3.12_qbz5n2kfra8p0\LocalCache\local-packages\Python312\site-packages\_pytest\main.py", line 336, in pytest_cmdline_main
    return wrap_session(config, _main)
           ^^^^^^^^^^^^^^^^^^^^^^^^^^^
  File "C:\Users\antho\AppData\Local\Packages\PythonSoftwareFoundation.Python.3.12_qbz5n2kfra8p0\LocalCache\local-packages\Python312\site-packages\_pytest\main.py", line 331, in wrap_session
    config._ensure_unconfigure()
  File "C:\Users\antho\AppData\Local\Packages\PythonSoftwareFoundation.Python.3.12_qbz5n2kfra8p0\LocalCache\local-packages\Python312\site-packages\_pytest\config\__init__.py", line 1131, in _ensure_unconfigure
    self._cleanup_stack.close()
  File "C:\Program Files\WindowsApps\PythonSoftwareFoundation.Python.3.12_3.12.2800.0_x64__qbz5n2kfra8p0\Lib\contextlib.py", line 618, in close
    self.__exit__(None, None, None)
  File "C:\Program Files\WindowsApps\PythonSoftwareFoundation.Python.3.12_3.12.2800.0_x64__qbz5n2kfra8p0\Lib\contextlib.py", line 610, in __exit__
    raise exc_details[1]
  File "C:\Program Files\WindowsApps\PythonSoftwareFoundation.Python.3.12_3.12.2800.0_x64__qbz5n2kfra8p0\Lib\contextlib.py", line 595, in __exit__
    if cb(*exc_details):
       ^^^^^^^^^^^^^^^^
  File "C:\Program Files\WindowsApps\PythonSoftwareFoundation.Python.3.12_3.12.2800.0_x64__qbz5n2kfra8p0\Lib\contextlib.py", line 478, in _exit_wrapper
    callback(*args, **kwds)
  File "C:\Users\antho\AppData\Local\Packages\PythonSoftwareFoundation.Python.3.12_qbz5n2kfra8p0\LocalCache\local-packages\Python312\site-packages\_pytest\capture.py", line 778, in stop_global_capturing
    self._global_capturing.pop_outerr_to_orig()
  File "C:\Users\antho\AppData\Local\Packages\PythonSoftwareFoundation.Python.3.12_qbz5n2kfra8p0\LocalCache\local-packages\Python312\site-packages\_pytest\capture.py", line 659, in pop_outerr_to_orig
    out, err = self.readouterr()
               ^^^^^^^^^^^^^^^^^
  File "C:\Users\antho\AppData\Local\Packages\PythonSoftwareFoundation.Python.3.12_qbz5n2kfra8p0\LocalCache\local-packages\Python312\site-packages\_pytest\capture.py", line 706, in readouterr
    out = self.out.snap() if self.out else ""
          ^^^^^^^^^^^^^^^
  File "C:\Users\antho\AppData\Local\Packages\PythonSoftwareFoundation.Python.3.12_qbz5n2kfra8p0\LocalCache\local-packages\Python312\site-packages\_pytest\capture.py", line 591, in snap
    self.tmpfile.seek(0)
ValueError: I/O operation on closed file.
      <Function test_node_reconnects_after_hub_restart>
        Node should reconnect to the hub after the hub restarts.
      <Function test_hub_prunes_inactive_connection>
        Hub should remove connections that stop sending heartbeats.
    <Module test_model_discovery.py>
      <Function test_discover_models>
      <Function test_download_model>
      <Function test_discover_models_missing_path>
      <Function test_download_model_failure>
      <Function test_fetch_llm_url>
      <Function test_fetch_llm_huggingface>
    <Module test_nlp_pipeline.py>
      <Function test_pipeline_local>
      <Function test_pipeline_remote>
    <Module test_permission_persistence.py>
      <Function test_permission_persistence>
    <Module test_phase_tracker.py>
      Tests for the Windows AI phase tracking utilities.
      <Function test_phase_summary_contains_all_phases>
      <Function test_phase_two_reports_automation_assets>
      <Function test_phase_tracker_serialization_models>
      <Function test_phase_five_ecosystem_metrics>
      <Function test_phase_six_capsules_and_policies>
      <Function test_phase_seven_operations_and_updates>
      <Function test_phase_eight_companion_experiences>
      <Function test_phase_nine_developer_platform>
    <Module test_plugin_filtering.py>
      Test plugin manager with template filtering
      <Coroutine test_plugin_loading>
        Test that only working plugins load (not templates)
    <Module test_rollback_manager.py>
      <Function test_hooks_execute_in_reverse_order>
      <Function test_hooks_cleared_after_rollback>
    <Module test_security_permissions.py>
      <Function test_permission_enforcement>
    <Module test_spatial_ui.py>
      <Function test_load_spatial_ui_no_runtime>
      <Function test_load_spatial_ui_with_runtime>
    <Module test_system_complete.py>
      Comprehensive System Test Suite for Windows AI
      Tests the complete system integration from end to end.
      <Class TestSystemBootstrap>
        Test complete system bootstrap and initialization.
        <Coroutine test_orchestrator_full_initialization>
          Test that orchestrator initializes all components.
        <Coroutine test_plugin_manager_loads_plugins>
          Test that plugin manager loads all plugins.
        <Coroutine test_auto_setup_detects_environment>
          Test that auto-setup detects the environment.
      <Class TestAPIServer>
        Test API server functionality.
        <Function test_app_creation>
          Test that FastAPI app is created successfully.
        <Function test_routes_registered>
          Test that all routes are registered.
        <Function test_health_endpoint_exists>
          Test health endpoint configuration.
      <Class TestSecuritySystem>
        Test security components.
        <Function test_sandbox_levels>
          Test sandbox security levels.
        <Function test_sandbox_config>
          Test sandbox configuration.
        <Coroutine test_sandbox_manager_init>
          Test sandbox manager initialization.
        <Function test_permissions_system>
          Test permissions system exists.
        <Function test_guardrails_system>
          Test guardrails system exists.
      <Class TestPluginArchitecture>
        Test plugin architecture components.
        <Function test_plugin_base_class>
          Test plugin base class structure.
        <Function test_plugin_registry>
          Test plugin registry functionality.
        <Function test_plugin_loader>
          Test plugin loader functionality.
      <Class TestIntegrationManagers>
        Test integration manager initialization.
        <Function test_ai_providers_manager>
          Test AI providers manager.
        <Function test_image_generation_manager>
          Test image generation manager.
        <Function test_audio_speech_manager>
          Test audio speech manager.
        <Function test_embeddings_manager>
          Test embeddings manager.
        <Function test_database_manager>
          Test database manager.
        <Function test_browser_automation_manager>
          Test browser automation manager.
      <Class TestFrameworks>
        Test framework components.
        <Function test_unified_llm>
          Test unified LLM framework.
      <Class TestCoreModuleExports>
        Test that all core modules export correctly.
        <Function test_main_package_exports>
          Test main package exports.
        <Function test_core_module_exports>
          Test core module exports.
        <Function test_api_module_exports>
          Test API module exports.
      <Class TestBuiltinPlugins>
        Test builtin plugin availability.
        <Function test_system_info_plugin>
          Test system info plugin exists.
        <Function test_file_operations_plugin>
          Test file operations plugin exists.
        <Function test_process_manager_plugin>
          Test process manager plugin exists.
      <Class TestConfiguration>
        Test configuration handling.
        <Function test_credential_manager>
          Test credential manager.
        <Function test_auto_setup_config>
          Test auto setup configuration.
      <Class TestErrorHandling>
        Test error handling throughout the system.
        <Coroutine test_orchestrator_handles_missing_config>
          Test orchestrator handles missing configuration gracefully.
        <Function test_plugin_handles_missing_params>
          Test plugins handle missing parameters.
      <Class TestAsyncOperations>
        Test async operation patterns.
        <Coroutine test_async_manager_pattern>
          Test async manager initialization pattern.
        <Coroutine test_async_plugin_execution>
          Test async plugin execution pattern.
      <Class TestSystemIntegrity>
        Test overall system integrity.
        <Function test_all_imports_work>
          Test that all major imports work without error.
        <Function test_no_circular_imports>
          Test for circular import issues.
        <Function test_version_consistency>
          Test version is properly defined.
    <Module test_system_info.py>
      <Function test_detect_system_non_windows>
      <Function test_detect_system_with_mocked_xr>
    <Module test_system_info_logging.py>
      <Function test_accessibility_logs>
      <Function test_xr_hardware_logs>
    <Module test_system_info_repair.py>
      <Function test_auto_repair_missing_fields>

================== 1547 tests collected, 12 errors in 20.97s ==================
